Archive member included because of file (symbol)

contiki-cc2538dk.a(contiki-main.o)
                              obj_cc2538dk/startup-gcc.o (main)
contiki-cc2538dk.a(sensors.o)
                              contiki-cc2538dk.a(contiki-main.o) (sensors_process)
contiki-cc2538dk.a(smartrf-sensors)
                              contiki-cc2538dk.a(sensors.o) (sensors)
contiki-cc2538dk.a(button-sensor.o)
                              contiki-cc2538dk.a(contiki-main.o) (button_sensor_init)
contiki-cc2538dk.a(als-sensor.o)
                              contiki-cc2538dk.a(smartrf-sensors) (als_sensor)
contiki-cc2538dk.a(clock.o)   contiki-cc2538dk.a(contiki-main.o) (clock_init)
contiki-cc2538dk.a(rtimer-arch.o)
                              contiki-cc2538dk.a(clock.o) (rtimer_arch_now)
contiki-cc2538dk.a(uart.o)    contiki-cc2538dk.a(contiki-main.o) (uart_set_input)
contiki-cc2538dk.a(watchdog.o)
                              contiki-cc2538dk.a(contiki-main.o) (watchdog_init)
contiki-cc2538dk.a(nvic.o)    contiki-cc2538dk.a(contiki-main.o) (nvic_init)
contiki-cc2538dk.a(cpu.o)     contiki-cc2538dk.a(contiki-main.o) (cpu_cpsie)
contiki-cc2538dk.a(sys-ctrl.o)
                              contiki-cc2538dk.a(contiki-main.o) (sys_ctrl_init)
contiki-cc2538dk.a(gpio.o)    contiki-cc2538dk.a(button-sensor.o) (gpio_register_callback)
contiki-cc2538dk.a(ioc.o)     contiki-cc2538dk.a(contiki-main.o) (ioc_init)
contiki-cc2538dk.a(adc.o)     contiki-cc2538dk.a(contiki-main.o) (adc_init)
contiki-cc2538dk.a(crypto.o)  obj_cc2538dk/startup-gcc.o (crypto_isr)
contiki-cc2538dk.a(cc2538-rf.o)
                              obj_cc2538dk/startup-gcc.o (cc2538_rf_err_isr)
contiki-cc2538dk.a(udma.o)    contiki-cc2538dk.a(cc2538-rf.o) (udma_set_channel_src)
contiki-cc2538dk.a(lpm.o)     contiki-cc2538dk.a(uart.o) (lpm_register_peripheral)
contiki-cc2538dk.a(dbg.o)     hello-world.co (puts)
contiki-cc2538dk.a(ieee-addr.o)
                              contiki-cc2538dk.a(contiki-main.o) (ieee_addr_cpy_to)
contiki-cc2538dk.a(cc2538-temp-sen)
                              contiki-cc2538dk.a(smartrf-sensors) (cc2538_temp_sensor)
contiki-cc2538dk.a(vdd3-sensor.o)
                              contiki-cc2538dk.a(smartrf-sensors) (vdd3_sensor)
contiki-cc2538dk.a(dbg-printf.o)
                              contiki-cc2538dk.a(contiki-main.o) (printf)
contiki-cc2538dk.a(strformat.o)
                              contiki-cc2538dk.a(dbg-printf.o) (format_str_v)
contiki-cc2538dk.a(autostart.o)
                              contiki-cc2538dk.a(contiki-main.o) (autostart_start)
contiki-cc2538dk.a(ctimer.o)  contiki-cc2538dk.a(contiki-main.o) (ctimer_init)
contiki-cc2538dk.a(energest.o)
                              contiki-cc2538dk.a(contiki-main.o) (energest_init)
contiki-cc2538dk.a(etimer.o)  contiki-cc2538dk.a(ctimer.o) (etimer_expired)
contiki-cc2538dk.a(process.o)
                              contiki-cc2538dk.a(sensors.o) (process_alloc_event)
contiki-cc2538dk.a(rtimer.o)  contiki-cc2538dk.a(rtimer-arch.o) (rtimer_run_next)
contiki-cc2538dk.a(timer.o)   contiki-cc2538dk.a(etimer.o) (timer_reset)
contiki-cc2538dk.a(serial-line.o)
                              contiki-cc2538dk.a(contiki-main.o) (serial_line_init)
contiki-cc2538dk.a(list.o)    contiki-cc2538dk.a(ctimer.o) (list_init)
contiki-cc2538dk.a(random.o)  contiki-cc2538dk.a(contiki-main.o) (random_init)
contiki-cc2538dk.a(ringbuf.o)
                              contiki-cc2538dk.a(serial-line.o) (ringbuf_init)
contiki-cc2538dk.a(sicslowpan.o)
                              contiki-cc2538dk.a(contiki-main.o) (sicslowpan_driver)
contiki-cc2538dk.a(uip6.o)    contiki-cc2538dk.a(sicslowpan.o) (uip_aligned_buf)
contiki-cc2538dk.a(uip-ds6.o)
                              contiki-cc2538dk.a(uip6.o) (uip_ds6_if)
contiki-cc2538dk.a(uip-ds6-nbr.o)
                              contiki-cc2538dk.a(sicslowpan.o) (uip_ds6_link_neighbor_callback)
contiki-cc2538dk.a(uip-ds6-route.o)
                              contiki-cc2538dk.a(uip-ds6-nbr.o) (uip_ds6_defrt_lookup)
contiki-cc2538dk.a(uip-icmp6.o)
                              contiki-cc2538dk.a(uip6.o) (uip_icmp6_input)
contiki-cc2538dk.a(uip-nd6.o)
                              contiki-cc2538dk.a(uip6.o) (uip_nd6_init)
contiki-cc2538dk.a(tcpip.o)   contiki-cc2538dk.a(sicslowpan.o) (tcpip_set_outputfunc)
contiki-cc2538dk.a(uip-debug.o)
                              contiki-cc2538dk.a(uip-ds6-route.o) (uip_debug_ipaddr_print)
contiki-cc2538dk.a(linkaddr.o)
                              contiki-cc2538dk.a(sicslowpan.o) (linkaddr_cmp)
contiki-cc2538dk.a(nbr-table.o)
                              contiki-cc2538dk.a(uip-ds6-nbr.o) (nbr_table_register)
contiki-cc2538dk.a(netstack.o)
                              contiki-cc2538dk.a(contiki-main.o) (netstack_init)
contiki-cc2538dk.a(packetbuf.o)
                              contiki-cc2538dk.a(cc2538-rf.o) (packetbuf_set_datalen)
contiki-cc2538dk.a(queuebuf.o)
[...]
Memory Configuration

Name             Origin             Length             Attributes
FLASH            0x00200000         0x0007ffd4         xr
FLASH_CCA        0x0027ffd4         0x0000002c         xr
SRAM             0x20000000         0x00008000         xrw
*default*        0x00000000         0xffffffff

Linker script and memory map

LOAD obj_cc2538dk/startup-gcc.o
LOAD hello-world.co
LOAD contiki-cc2538dk.a
START GROUP
LOAD /home/user/CodeSourcery/Sourcery_G++_Lite/bin/../lib/gcc/arm-none-eabi/4.3.2/thumb2/libgcc.a
LOAD /home/user/CodeSourcery/Sourcery_G++_Lite/bin/../lib/gcc/arm-none-eabi/4.3.2/../../../../arm-none-eabi/lib/thumb2/libc.a
END GROUP

.text           0x00200000     0xaf99
                0x00200000                _text = .
 *(SORT(.vectors))
 .vectors       0x00200000      0x28c obj_cc2538dk/startup-gcc.o
                0x00200000                vectors
 *(SORT(.text*))
 .text.default_handler
                0x0020028c        0x4 obj_cc2538dk/startup-gcc.o
                0x0020028c                default_handler
                0x0020028c                usb_isr
 .text.reset_handler
                0x00200290       0x40 obj_cc2538dk/startup-gcc.o
                0x00200290                reset_handler
 .text.nmi_handler
                0x002002d0        0x8 obj_cc2538dk/startup-gcc.o
                0x002002d0                nmi_handler
 .text.process_thread_hello_world_process
                0x002002d8       0x1c hello-world.co
 .text.fade     0x002002f4       0x54 contiki-cc2538dk.a(contiki-main.o)
 .text.main     0x00200348      0x1d4 contiki-cc2538dk.a(contiki-main.o)
                0x00200348                main
 .text.get_sensor_index
                0x0020051c       0x24 contiki-cc2538dk.a(sensors.o)
 .text.process_thread_sensors_process
                0x00200540       0xdc contiki-cc2538dk.a(sensors.o)
 .text.sensors_changed
                0x0020061c       0x24 contiki-cc2538dk.a(sensors.o)
                0x0020061c                sensors_changed
 .text.config   0x00200640       0x40 contiki-cc2538dk.a(button-sensor.o)
 .text.config_down
                0x00200680       0x30 contiki-cc2538dk.a(button-sensor.o)
 .text.config_up
                0x002006b0       0x30 contiki-cc2538dk.a(button-sensor.o)
 .text.config_right
                0x002006e0       0x30 contiki-cc2538dk.a(button-sensor.o)
 .text.config_left
                0x00200710       0x30 contiki-cc2538dk.a(button-sensor.o)
 .text.config_select
                0x00200740       0x30 contiki-cc2538dk.a(button-sensor.o)
 .text.button_sensor_init
                0x00200770       0x10 contiki-cc2538dk.a(button-sensor.o)
                0x00200770                button_sensor_init
 .text.btn_callback
                0x00200780       0x60 contiki-cc2538dk.a(button-sensor.o)
 .text.status   0x002007e0        0x4 contiki-cc2538dk.a(als-sensor.o)
 .text.configure
                0x002007e4       0x54 contiki-cc2538dk.a(als-sensor.o)
 .text.value    0x00200838       0x28 contiki-cc2538dk.a(als-sensor.o)
 .text.clock_init
                0x00200860       0x50 contiki-cc2538dk.a(clock.o)
                0x00200860                clock_init
 .text.clock_time
                0x002008b0       0x14 contiki-cc2538dk.a(clock.o)
                0x002008b0                clock_time
 .text.clock_seconds
                0x002008c4       0x14 contiki-cc2538dk.a(clock.o)
                0x002008c4                clock_seconds
 .text.clock_delay_usec
                0x002008d8       0x24 contiki-cc2538dk.a(clock.o)
                0x002008d8                clock_delay_usec
 .text.update_ticks
                0x002008fc       0x4c contiki-cc2538dk.a(clock.o)
 .text.clock_isr
                0x00200948        0x8 contiki-cc2538dk.a(clock.o)
                0x00200948                clock_isr
 .text.clock_adjust
                0x00200950       0x20 contiki-cc2538dk.a(clock.o)
                0x00200950                clock_adjust
 .text.rtimer_arch_init
                0x00200970        0x4 contiki-cc2538dk.a(rtimer-arch.o)
                0x00200970                rtimer_arch_init
 .text.rtimer_arch_next_trigger
                0x00200974        0xc contiki-cc2538dk.a(rtimer-arch.o)
                0x00200974                rtimer_arch_next_trigger
 .text.rtimer_arch_now
                0x00200980       0x24 contiki-cc2538dk.a(rtimer-arch.o)
                0x00200980                rtimer_arch_now
 .text.rtimer_isr
                0x002009a4       0x24 contiki-cc2538dk.a(rtimer-arch.o)
                0x002009a4                rtimer_isr
 .text.rtimer_arch_schedule
                0x002009c8       0x58 contiki-cc2538dk.a(rtimer-arch.o)
                0x002009c8                rtimer_arch_schedule
 .text.permit_pm1
                0x00200a20       0x30 contiki-cc2538dk.a(uart.o)
 .text.uart_set_input
                0x00200a50       0x10 contiki-cc2538dk.a(uart.o)
                0x00200a50                uart_set_input
 .text.uart_write_byte
                0x00200a60       0x20 contiki-cc2538dk.a(uart.o)
                0x00200a60                uart_write_byte
 .text.uart_isr
                0x00200a80       0x64 contiki-cc2538dk.a(uart.o)
 .text.uart0_isr
                0x00200ae4        0xc contiki-cc2538dk.a(uart.o)
                0x00200ae4                uart0_isr
 .text.uart1_isr
                0x00200af0        0xc contiki-cc2538dk.a(uart.o)
                0x00200af0                uart1_isr
 .text.uart_init
                0x00200afc      0x194 contiki-cc2538dk.a(uart.o)
                0x00200afc                uart_init
 .text.watchdog_init
                0x00200c90        0xc contiki-cc2538dk.a(watchdog.o)
                0x00200c90                watchdog_init
 .text.watchdog_start
                0x00200c9c        0xc contiki-cc2538dk.a(watchdog.o)
                0x00200c9c                watchdog_start
 .text.watchdog_periodic
                0x00200ca8       0x10 contiki-cc2538dk.a(watchdog.o)
                0x00200ca8                watchdog_periodic
 .text.nvic_init
                0x00200cb8       0x3c contiki-cc2538dk.a(nvic.o)
                0x00200cb8                nvic_init
 .text.nvic_interrupt_enable
                0x00200cf4       0x18 contiki-cc2538dk.a(nvic.o)
                0x00200cf4                nvic_interrupt_enable
 .text.nvic_interrupt_disable
                0x00200d0c       0x18 contiki-cc2538dk.a(nvic.o)
                0x00200d0c                nvic_interrupt_disable
 .text.nvic_interrupt_unpend
                0x00200d24       0x18 contiki-cc2538dk.a(nvic.o)
                0x00200d24                nvic_interrupt_unpend
 .text.cpu_cpsie
                0x00200d3c        0x8 contiki-cc2538dk.a(cpu.o)
                0x00200d3c                cpu_cpsie
 .text.cpu_cpsid
                0x00200d44        0x8 contiki-cc2538dk.a(cpu.o)
                0x00200d44                cpu_cpsid
 .text.sys_ctrl_init
                0x00200d4c       0x28 contiki-cc2538dk.a(sys-ctrl.o)
                0x00200d4c                sys_ctrl_init
 .text.gpio_register_callback
                0x00200d74       0x10 contiki-cc2538dk.a(gpio.o)
                0x00200d74                gpio_register_callback
 .text.notify   0x00200d84       0x34 contiki-cc2538dk.a(gpio.o)
                0x00200d84                notify
 .text.gpio_init
                0x00200db8       0x14 contiki-cc2538dk.a(gpio.o)
                0x00200db8                gpio_init
 .text.gpio_port_isr
                0x00200dcc       0x4c contiki-cc2538dk.a(gpio.o)
 .text.gpio_port_d_isr
                0x00200e18        0xc contiki-cc2538dk.a(gpio.o)
                0x00200e18                gpio_port_d_isr
 .text.gpio_port_c_isr
                0x00200e24        0xc contiki-cc2538dk.a(gpio.o)
                0x00200e24                gpio_port_c_isr
 .text.gpio_port_b_isr
                0x00200e30        0xc contiki-cc2538dk.a(gpio.o)
                0x00200e30                gpio_port_b_isr
 .text.gpio_port_a_isr
                0x00200e3c        0xc contiki-cc2538dk.a(gpio.o)
                0x00200e3c                gpio_port_a_isr
 .text.ioc_init
                0x00200e48       0x1c contiki-cc2538dk.a(ioc.o)
                0x00200e48                ioc_init
 .text.ioc_set_over
                0x00200e64       0x14 contiki-cc2538dk.a(ioc.o)
                0x00200e64                ioc_set_over
 .text.ioc_set_sel
                0x00200e78       0x14 contiki-cc2538dk.a(ioc.o)
                0x00200e78                ioc_set_sel
 .text.adc_init
                0x00200e8c       0x10 contiki-cc2538dk.a(adc.o)
                0x00200e8c                adc_init
 .text.adc_get  0x00200e9c       0x74 contiki-cc2538dk.a(adc.o)
                0x00200e9c                adc_get
 .text.crypto_isr
                0x00200f10       0x24 contiki-cc2538dk.a(crypto.o)
                0x00200f10                crypto_isr
 .text.set_frame_filtering
                0x00200f34       0x1c contiki-cc2538dk.a(cc2538-rf.o)
 .text.on       0x00200f50       0x2c contiki-cc2538dk.a(cc2538-rf.o)
 .text.off      0x00200f7c       0x3c contiki-cc2538dk.a(cc2538-rf.o)
 .text.set_channel
                0x00200fb8       0x4c contiki-cc2538dk.a(cc2538-rf.o)
 .text.channel_clear
                0x00201004       0x3c contiki-cc2538dk.a(cc2538-rf.o)
 .text.receiving_packet
                0x00201040       0x18 contiki-cc2538dk.a(cc2538-rf.o)
 .text.pending_packet
                0x00201058       0x10 contiki-cc2538dk.a(cc2538-rf.o)
 .text.get_value
                0x00201068      0x114 contiki-cc2538dk.a(cc2538-rf.o)
 .text.set_value
                0x0020117c       0xe4 contiki-cc2538dk.a(cc2538-rf.o)
 .text.get_object
                0x00201260       0x2c contiki-cc2538dk.a(cc2538-rf.o)
 .text.set_object
                0x0020128c       0x28 contiki-cc2538dk.a(cc2538-rf.o)
 .text.read     0x002012b4       0xdc contiki-cc2538dk.a(cc2538-rf.o)
 .text.cc2538_rf_err_isr
                0x00201390       0x30 contiki-cc2538dk.a(cc2538-rf.o)
                0x00201390                cc2538_rf_err_isr
 .text.cc2538_rf_rx_tx_isr
                0x002013c0       0x18 contiki-cc2538dk.a(cc2538-rf.o)
                0x002013c0                cc2538_rf_rx_tx_isr
 .text.transmit
                0x002013d8       0x9c contiki-cc2538dk.a(cc2538-rf.o)
 .text.prepare  0x00201474       0x68 contiki-cc2538dk.a(cc2538-rf.o)
 .text.send     0x002014dc       0x10 contiki-cc2538dk.a(cc2538-rf.o)
 .text.init     0x002014ec       0xd8 contiki-cc2538dk.a(cc2538-rf.o)
 .text.process_thread_cc2538_rf_process
                0x002015c4       0x7c contiki-cc2538dk.a(cc2538-rf.o)
 .text.udma_set_channel_src
                0x00201640       0x10 contiki-cc2538dk.a(udma.o)
                0x00201640                udma_set_channel_src
 .text.udma_set_channel_dst
                0x00201650       0x14 contiki-cc2538dk.a(udma.o)
                0x00201650                udma_set_channel_dst
 .text.udma_set_channel_control_word
                0x00201664       0x14 contiki-cc2538dk.a(udma.o)
                0x00201664                udma_set_channel_control_word
 .text.udma_channel_enable
                0x00201678       0x18 contiki-cc2538dk.a(udma.o)
                0x00201678                udma_channel_enable
 .text.udma_channel_mask_set
                0x00201690       0x18 contiki-cc2538dk.a(udma.o)
                0x00201690                udma_channel_mask_set
 .text.udma_channel_sw_request
                0x002016a8       0x18 contiki-cc2538dk.a(udma.o)
                0x002016a8                udma_channel_sw_request
 .text.udma_channel_get_mode
                0x002016c0       0x1c contiki-cc2538dk.a(udma.o)
                0x002016c0                udma_channel_get_mode
 .text.udma_isr
                0x002016dc       0x10 contiki-cc2538dk.a(udma.o)
                0x002016dc                udma_isr
 .text.udma_err_isr
                0x002016ec        0xc contiki-cc2538dk.a(udma.o)
                0x002016ec                udma_err_isr
 .text.udma_init
                0x002016f8       0x30 contiki-cc2538dk.a(udma.o)
                0x002016f8                udma_init
 .text.enter_pm0
                0x00201728        0x4 contiki-cc2538dk.a(lpm.o)
 .text.select_32_mhz_xosc
                0x0020172c       0x34 contiki-cc2538dk.a(lpm.o)
 .text.lpm_register_peripheral
                0x00201760       0x30 contiki-cc2538dk.a(lpm.o)
                0x00201760                lpm_register_peripheral
 .text.lpm_init
                0x00201790       0x24 contiki-cc2538dk.a(lpm.o)
                0x00201790                lpm_init
 .text.lpm_enter
                0x002017b4       0xc8 contiki-cc2538dk.a(lpm.o)
                0x002017b4                lpm_enter
 .text.lpm_exit
                0x0020187c       0x38 contiki-cc2538dk.a(lpm.o)
                0x0020187c                lpm_exit
 .text.putchar  0x002018b4       0x10 contiki-cc2538dk.a(dbg.o)
                0x002018b4                putchar
 .text.puts     0x002018c4       0x24 contiki-cc2538dk.a(dbg.o)
                0x002018c4                puts
 .text.dbg_send_bytes
                0x002018e8       0x24 contiki-cc2538dk.a(dbg.o)
                0x002018e8                dbg_send_bytes
 .text.ieee_addr_cpy_to
                0x0020190c       0x78 contiki-cc2538dk.a(ieee-addr.o)
                0x0020190c                ieee_addr_cpy_to
 .text.configure
                0x00201984        0x4 contiki-cc2538dk.a(cc2538-temp-sen)
 .text.status   0x00201988        0x4 contiki-cc2538dk.a(cc2538-temp-sen)
 .text.value    0x0020198c       0x3c contiki-cc2538dk.a(cc2538-temp-sen)
 .text.configure
                0x002019c8        0x4 contiki-cc2538dk.a(vdd3-sensor.o)
 .text.status   0x002019cc        0x4 contiki-cc2538dk.a(vdd3-sensor.o)
 .text.value    0x002019d0       0x2c contiki-cc2538dk.a(vdd3-sensor.o)
 .text.printf   0x002019fc       0x20 contiki-cc2538dk.a(dbg-printf.o)
                0x002019fc                printf
 .text.write_str
                0x00201a1c       0x10 contiki-cc2538dk.a(dbg-printf.o)
 .text.parse_uint
                0x00201a2c       0x24 contiki-cc2538dk.a(strformat.o)
 .text.output_uint_hex
                0x00201a50       0x48 contiki-cc2538dk.a(strformat.o)
 .text.fill_space
                0x00201a98       0x38 contiki-cc2538dk.a(strformat.o)
 .text.format_str_v
                0x00201ad0      0x6c8 contiki-cc2538dk.a(strformat.o)
                0x00201ad0                format_str_v
 .text.autostart_start
                0x00202198       0x18 contiki-cc2538dk.a(autostart.o)
                0x00202198                autostart_start
 .text.process_thread_ctimer_process
                0x002021b0       0x8c contiki-cc2538dk.a(ctimer.o)
 .text.ctimer_stop
                0x0020223c       0x28 contiki-cc2538dk.a(ctimer.o)
                0x0020223c                ctimer_stop
 .text.ctimer_set
                0x00202264       0x44 contiki-cc2538dk.a(ctimer.o)
                0x00202264                ctimer_set
 .text.ctimer_reset
                0x002022a8       0x34 contiki-cc2538dk.a(ctimer.o)
                0x002022a8                ctimer_reset
 .text.ctimer_init
                0x002022dc       0x24 contiki-cc2538dk.a(ctimer.o)
                0x002022dc                ctimer_init
 .text.energest_init
                0x00202300        0x4 contiki-cc2538dk.a(energest.o)
                0x00202300                energest_init
 .text.etimer_expired
                0x00202304        0xc contiki-cc2538dk.a(etimer.o)
                0x00202304                etimer_expired
 .text.etimer_expiration_time
                0x00202310        0x8 contiki-cc2538dk.a(etimer.o)
                0x00202310                etimer_expiration_time
 .text.etimer_pending
                0x00202318       0x10 contiki-cc2538dk.a(etimer.o)
                0x00202318                etimer_pending
 .text.update_time
                0x00202328       0x44 contiki-cc2538dk.a(etimer.o)
 .text.etimer_stop
                0x0020236c       0x34 contiki-cc2538dk.a(etimer.o)
                0x0020236c                etimer_stop
 .text.etimer_request_poll
                0x002023a0       0x10 contiki-cc2538dk.a(etimer.o)
                0x002023a0                etimer_request_poll
 .text.process_thread_etimer_process
                0x002023b0       0xa0 contiki-cc2538dk.a(etimer.o)
 .text.add_timer
                0x00202450       0x40 contiki-cc2538dk.a(etimer.o)
 .text.etimer_restart
                0x00202490       0x10 contiki-cc2538dk.a(etimer.o)
                0x00202490                etimer_restart
 .text.etimer_reset
                0x002024a0       0x10 contiki-cc2538dk.a(etimer.o)
                0x002024a0                etimer_reset
 .text.etimer_set
                0x002024b0       0x10 contiki-cc2538dk.a(etimer.o)
                0x002024b0                etimer_set
 .text.process_alloc_event
                0x002024c0       0x10 contiki-cc2538dk.a(process.o)
                0x002024c0                process_alloc_event
 .text.process_init
                0x002024d0       0x30 contiki-cc2538dk.a(process.o)
                0x002024d0                process_init
 .text.process_nevents
                0x00202500       0x14 contiki-cc2538dk.a(process.o)
                0x00202500                process_nevents
 .text.process_post
                0x00202514       0x50 contiki-cc2538dk.a(process.o)
                0x00202514                process_post
 .text.process_poll
                0x00202564       0x1c contiki-cc2538dk.a(process.o)
                0x00202564                process_poll
 .text.process_is_running
                0x00202580        0xc contiki-cc2538dk.a(process.o)
                0x00202580                process_is_running
 .text.exit_process
                0x0020258c       0x8c contiki-cc2538dk.a(process.o)
 .text.call_process
                0x00202618       0x40 contiki-cc2538dk.a(process.o)
 .text.process_post_synch
                0x00202658       0x14 contiki-cc2538dk.a(process.o)
                0x00202658                process_post_synch
 .text.process_start
                0x0020266c       0x30 contiki-cc2538dk.a(process.o)
                0x0020266c                process_start
 .text.do_poll  0x0020269c       0x34 contiki-cc2538dk.a(process.o)
 .text.process_run
                0x002026d0       0xb8 contiki-cc2538dk.a(process.o)
                0x002026d0                process_run
 .text.rtimer_run_next
                0x00202788       0x24 contiki-cc2538dk.a(rtimer.o)
                0x00202788                rtimer_run_next
 .text.rtimer_set
                0x002027ac       0x24 contiki-cc2538dk.a(rtimer.o)
                0x002027ac                rtimer_set
 .text.rtimer_init
                0x002027d0        0x8 contiki-cc2538dk.a(rtimer.o)
                0x002027d0                rtimer_init
 .text.timer_reset
                0x002027d8        0xc contiki-cc2538dk.a(timer.o)
                0x002027d8                timer_reset
 .text.timer_expired
                0x002027e4       0x1c contiki-cc2538dk.a(timer.o)
                0x002027e4                timer_expired
 .text.timer_restart
                0x00202800        0xc contiki-cc2538dk.a(timer.o)
                0x00202800                timer_restart
 .text.timer_set
                0x0020280c       0x10 contiki-cc2538dk.a(timer.o)
                0x0020280c                timer_set
 .text.process_thread_serial_line_process
                0x0020281c       0xa8 contiki-cc2538dk.a(serial-line.o)
 .text.serial_line_init
                0x002028c4       0x24 contiki-cc2538dk.a(serial-line.o)
                0x002028c4                serial_line_init
 .text.serial_line_input_byte
                0x002028e8       0x44 contiki-cc2538dk.a(serial-line.o)
                0x002028e8                serial_line_input_byte
 .text.list_init
                0x0020292c        0x8 contiki-cc2538dk.a(list.o)
                0x0020292c                list_init
 .text.list_head
                0x00202934        0x4 contiki-cc2538dk.a(list.o)
                0x00202934                list_head
 .text.list_tail
                0x00202938       0x10 contiki-cc2538dk.a(list.o)
                0x00202938                list_tail
 .text.list_remove
                0x00202948       0x28 contiki-cc2538dk.a(list.o)
                0x00202948                list_remove
 .text.list_push
                0x00202970       0x14 contiki-cc2538dk.a(list.o)
                0x00202970                list_push
 .text.list_add
                0x00202984       0x20 contiki-cc2538dk.a(list.o)
                0x00202984                list_add
 .text.list_length
                0x002029a4       0x10 contiki-cc2538dk.a(list.o)
                0x002029a4                list_length
 .text.list_item_next
                0x002029b4        0x8 contiki-cc2538dk.a(list.o)
                0x002029b4                list_item_next
 .text.random_rand
                0x002029bc       0x24 contiki-cc2538dk.a(random.o)
                0x002029bc                random_rand
 .text.random_init
                0x002029e0       0x90 contiki-cc2538dk.a(random.o)
                0x002029e0                random_init
 .text.ringbuf_init
                0x00202a70       0x10 contiki-cc2538dk.a(ringbuf.o)
                0x00202a70                ringbuf_init
 .text.ringbuf_put
                0x00202a80       0x2c contiki-cc2538dk.a(ringbuf.o)
                0x00202a80                ringbuf_put
 .text.ringbuf_get
                0x00202aac       0x28 contiki-cc2538dk.a(ringbuf.o)
                0x00202aac                ringbuf_get
 .text.addr_context_lookup_by_number
                0x00202ad4       0x18 contiki-cc2538dk.a(sicslowpan.o)
 .text.compress_addr_64
                0x00202aec       0xa0 contiki-cc2538dk.a(sicslowpan.o)
 .text.uncompress_addr
                0x00202b8c       0x74 contiki-cc2538dk.a(sicslowpan.o)
 .text.set_packet_attrs
                0x00202c00       0x44 contiki-cc2538dk.a(sicslowpan.o)
 .text.input    0x00202c44      0x620 contiki-cc2538dk.a(sicslowpan.o)
 .text.sicslowpan_init
                0x00203264       0x24 contiki-cc2538dk.a(sicslowpan.o)
                0x00203264                sicslowpan_init
 .text.addr_context_lookup_by_prefix
                0x00203288       0x24 contiki-cc2538dk.a(sicslowpan.o)
 .text.send_packet
                0x002032ac       0x24 contiki-cc2538dk.a(sicslowpan.o)
 .text.output   0x002032d0      0x6d4 contiki-cc2538dk.a(sicslowpan.o)
 .text.packet_sent
                0x002039a4       0x28 contiki-cc2538dk.a(sicslowpan.o)
 .text.uip_add32
                0x002039cc       0x60 contiki-cc2538dk.a(uip6.o)
                0x002039cc                uip_add32
 .text.chksum   0x00203a2c       0x38 contiki-cc2538dk.a(uip6.o)
 .text.uip_unlisten
                0x00203a64       0x3c contiki-cc2538dk.a(uip6.o)
                0x00203a64                uip_unlisten
 .text.uip_add_rcv_nxt
                0x00203aa0       0x34 contiki-cc2538dk.a(uip6.o)
 .text.uip_htons
                0x00203ad4        0xc contiki-cc2538dk.a(uip6.o)
                0x00203ad4                uip_htons
 .text.upper_layer_chksum
                0x00203ae0       0x50 contiki-cc2538dk.a(uip6.o)
 .text.uip_udpchksum
                0x00203b30        0xc contiki-cc2538dk.a(uip6.o)
                0x00203b30                uip_udpchksum
 .text.uip_tcpchksum
                0x00203b3c        0xc contiki-cc2538dk.a(uip6.o)
                0x00203b3c                uip_tcpchksum
 .text.uip_icmp6chksum
                0x00203b48        0xc contiki-cc2538dk.a(uip6.o)
                0x00203b48                uip_icmp6chksum
 .text.uip_htonl
                0x00203b54       0x18 contiki-cc2538dk.a(uip6.o)
                0x00203b54                uip_htonl
 .text.ext_hdr_options_process
                0x00203b6c       0xb8 contiki-cc2538dk.a(uip6.o)
 .text.remove_ext_hdr
                0x00203c24       0x58 contiki-cc2538dk.a(uip6.o)
                0x00203c24                remove_ext_hdr
 .text.uip_process
                0x00203c7c      0xe5c contiki-cc2538dk.a(uip6.o)
                0x00203c7c                uip_process
 .text.uip_init
                0x00204ad8       0x78 contiki-cc2538dk.a(uip6.o)
                0x00204ad8                uip_init
 .text.uip_ds6_get_link_local
                0x00204b50       0x44 contiki-cc2538dk.a(uip-ds6.o)
                0x00204b50                uip_ds6_get_link_local
 .text.uip_ds6_maddr_rm
                0x00204b94        0x8 contiki-cc2538dk.a(uip-ds6.o)
                0x00204b94                uip_ds6_maddr_rm
 .text.get_match_length
                0x00204b9c       0x44 contiki-cc2538dk.a(uip-ds6.o)
                0x00204b9c                get_match_length
 .text.uip_ds6_select_src
                0x00204be0       0x98 contiki-cc2538dk.a(uip-ds6.o)
                0x00204be0                uip_ds6_select_src
 .text.uip_ds6_compute_reachable_time
                0x00204c78       0x28 contiki-cc2538dk.a(uip-ds6.o)
                0x00204c78                uip_ds6_compute_reachable_time
 .text.uip_ds6_set_addr_iid
                0x00204ca0       0x18 contiki-cc2538dk.a(uip-ds6.o)
                0x00204ca0                uip_ds6_set_addr_iid
 .text.uip_ds6_is_addr_onlink
                0x00204cb8       0x40 contiki-cc2538dk.a(uip-ds6.o)
                0x00204cb8                uip_ds6_is_addr_onlink
 .text.uip_ds6_list_loop
                0x00204cf8       0x48 contiki-cc2538dk.a(uip-ds6.o)
                0x00204cf8                uip_ds6_list_loop
 .text.uip_ds6_maddr_lookup
                0x00204d40       0x28 contiki-cc2538dk.a(uip-ds6.o)
                0x00204d40                uip_ds6_maddr_lookup
 .text.uip_ds6_addr_rm
                0x00204d68       0x48 contiki-cc2538dk.a(uip-ds6.o)
                0x00204d68                uip_ds6_addr_rm
 .text.uip_ds6_maddr_add
                0x00204db0       0x3c contiki-cc2538dk.a(uip-ds6.o)
                0x00204db0                uip_ds6_maddr_add
 .text.uip_ds6_addr_lookup
                0x00204dec       0x28 contiki-cc2538dk.a(uip-ds6.o)
                0x00204dec                uip_ds6_addr_lookup
 .text.uip_ds6_addr_add
                0x00204e14       0x98 contiki-cc2538dk.a(uip-ds6.o)
                0x00204e14                uip_ds6_addr_add
 .text.uip_ds6_prefix_add
                0x00204eac       0x60 contiki-cc2538dk.a(uip-ds6.o)
                0x00204eac                uip_ds6_prefix_add
 .text.uip_ds6_periodic
                0x00204f0c       0x54 contiki-cc2538dk.a(uip-ds6.o)
                0x00204f0c                uip_ds6_periodic
 .text.uip_ds6_init
                0x00204f60       0xdc contiki-cc2538dk.a(uip-ds6.o)
                0x00204f60                uip_ds6_init
 .text.uip_ds6_link_neighbor_callback
                0x0020503c       0x28 contiki-cc2538dk.a(uip-ds6-nbr.o)
                0x0020503c                uip_ds6_link_neighbor_callback
 .text.uip_ds6_nbr_ll_lookup
                0x00205064       0x14 contiki-cc2538dk.a(uip-ds6-nbr.o)
                0x00205064                uip_ds6_nbr_ll_lookup
 .text.uip_ds6_nbr_ipaddr_from_lladdr
                0x00205078        0x8 contiki-cc2538dk.a(uip-ds6-nbr.o)
                0x00205078                uip_ds6_nbr_ipaddr_from_lladdr
 .text.uip_ds6_nbr_lookup
                0x00205080       0x38 contiki-cc2538dk.a(uip-ds6-nbr.o)
                0x00205080                uip_ds6_nbr_lookup
 .text.uip_ds6_nbr_get_ll
                0x002050b8       0x14 contiki-cc2538dk.a(uip-ds6-nbr.o)
                0x002050b8                uip_ds6_nbr_get_ll
 .text.uip_ds6_nbr_lladdr_from_ipaddr
                0x002050cc       0x10 contiki-cc2538dk.a(uip-ds6-nbr.o)
                0x002050cc                uip_ds6_nbr_lladdr_from_ipaddr
 .text.uip_ds6_nbr_rm
                0x002050dc       0x1c contiki-cc2538dk.a(uip-ds6-nbr.o)
                0x002050dc                uip_ds6_nbr_rm
 .text.uip_ds6_neighbor_periodic
                0x002050f8      0x110 contiki-cc2538dk.a(uip-ds6-nbr.o)
                0x002050f8                uip_ds6_neighbor_periodic
 .text.uip_ds6_nbr_add
                0x00205208       0x50 contiki-cc2538dk.a(uip-ds6-nbr.o)
                0x00205208                uip_ds6_nbr_add
 .text.uip_ds6_neighbors_init
                0x00205258       0x18 contiki-cc2538dk.a(uip-ds6-nbr.o)
                0x00205258                uip_ds6_neighbors_init
 .text.uip_ds6_route_head
                0x00205270       0x10 contiki-cc2538dk.a(uip-ds6-route.o)
                0x00205270                uip_ds6_route_head
 .text.uip_ds6_route_next
                0x00205280        0xc contiki-cc2538dk.a(uip-ds6-route.o)
                0x00205280                uip_ds6_route_next
 .text.uip_ds6_defrt_choose
                0x0020528c       0x34 contiki-cc2538dk.a(uip-ds6-route.o)
                0x0020528c                uip_ds6_defrt_choose
 .text.uip_ds6_defrt_lookup
                0x002052c0       0x2c contiki-cc2538dk.a(uip-ds6-route.o)
                0x002052c0                uip_ds6_defrt_lookup
 .text.call_route_callback
                0x002052ec       0x4c contiki-cc2538dk.a(uip-ds6-route.o)
 .text.uip_ds6_defrt_rm
                0x00205338       0x44 contiki-cc2538dk.a(uip-ds6-route.o)
                0x00205338                uip_ds6_defrt_rm
 .text.uip_ds6_defrt_periodic
                0x0020537c       0x34 contiki-cc2538dk.a(uip-ds6-route.o)
                0x0020537c                uip_ds6_defrt_periodic
 .text.uip_ds6_route_lookup
                0x002053b0       0x6c contiki-cc2538dk.a(uip-ds6-route.o)
                0x002053b0                uip_ds6_route_lookup
 .text.uip_ds6_defrt_add
                0x0020541c       0x54 contiki-cc2538dk.a(uip-ds6-route.o)
                0x0020541c                uip_ds6_defrt_add
 .text.uip_ds6_route_nexthop
                0x00205470       0x1c contiki-cc2538dk.a(uip-ds6-route.o)
                0x00205470                uip_ds6_route_nexthop
 .text.uip_ds6_route_rm
                0x0020548c       0x98 contiki-cc2538dk.a(uip-ds6-route.o)
                0x0020548c                uip_ds6_route_rm
 .text.rm_routelist
                0x00205524       0x2c contiki-cc2538dk.a(uip-ds6-route.o)
 .text.rm_routelist_callback
                0x00205550        0x8 contiki-cc2538dk.a(uip-ds6-route.o)
 .text.uip_ds6_route_add
                0x00205558       0xf4 contiki-cc2538dk.a(uip-ds6-route.o)
                0x00205558                uip_ds6_route_add
 .text.uip_ds6_route_init
                0x0020564c       0x48 contiki-cc2538dk.a(uip-ds6-route.o)
                0x0020564c                uip_ds6_route_init
 .text.echo_reply_input
                0x00205694       0xe8 contiki-cc2538dk.a(uip-icmp6.o)
 .text.uip_icmp6_input
                0x0020577c       0x3c contiki-cc2538dk.a(uip-icmp6.o)
                0x0020577c                uip_icmp6_input
 .text.echo_request_input
                0x002057b8      0x108 contiki-cc2538dk.a(uip-icmp6.o)
 .text.uip_icmp6_register_input_handler
                0x002058c0       0x10 contiki-cc2538dk.a(uip-icmp6.o)
                0x002058c0                uip_icmp6_register_input_handler
 .text.uip_icmp6_init
                0x002058d0       0x18 contiki-cc2538dk.a(uip-icmp6.o)
                0x002058d0                uip_icmp6_init
 .text.uip_icmp6_send
                0x002058e8       0x80 contiki-cc2538dk.a(uip-icmp6.o)
                0x002058e8                uip_icmp6_send
 .text.uip_icmp6_error_output
                0x00205968      0x148 contiki-cc2538dk.a(uip-icmp6.o)
                0x00205968                uip_icmp6_error_output
 .text.uip_nd6_init
                0x00205ab0       0x18 contiki-cc2538dk.a(uip-nd6.o)
                0x00205ab0                uip_nd6_init
 .text.na_input
                0x00205ac8      0x1cc contiki-cc2538dk.a(uip-nd6.o)
 .text.create_llao
                0x00205c94       0x28 contiki-cc2538dk.a(uip-nd6.o)
 .text.ns_input
                0x00205cbc      0x228 contiki-cc2538dk.a(uip-nd6.o)
 .text.uip_nd6_ns_output
                0x00205ee4      0x12c contiki-cc2538dk.a(uip-nd6.o)
                0x00205ee4                uip_nd6_ns_output
 .text.tcpip_output
                0x00206010       0x14 contiki-cc2538dk.a(tcpip.o)
                0x00206010                tcpip_output
 .text.tcpip_set_outputfunc
                0x00206024        0xc contiki-cc2538dk.a(tcpip.o)
                0x00206024                tcpip_set_outputfunc
 .text.start_periodic_tcp_timer
                0x00206030       0x18 contiki-cc2538dk.a(tcpip.o)
 .text.tcpip_uipcall
                0x00206048       0x84 contiki-cc2538dk.a(tcpip.o)
                0x00206048                tcpip_uipcall
 .text.tcpip_input
                0x002060cc       0x24 contiki-cc2538dk.a(tcpip.o)
                0x002060cc                tcpip_input
 .text.tcpip_icmp6_call
                0x002060f0       0x24 contiki-cc2538dk.a(tcpip.o)
                0x002060f0                tcpip_icmp6_call
 .text.tcpip_ipv6_output
                0x00206114      0x138 contiki-cc2538dk.a(tcpip.o)
                0x00206114                tcpip_ipv6_output
 .text.process_thread_tcpip_process
                0x0020624c      0x1f8 contiki-cc2538dk.a(tcpip.o)
 .text.uip_debug_ipaddr_print
                0x00206444       0x64 contiki-cc2538dk.a(uip-debug.o)
                0x00206444                uip_debug_ipaddr_print
 .text.linkaddr_cmp
                0x002064a8       0x14 contiki-cc2538dk.a(linkaddr.o)
                0x002064a8                linkaddr_cmp
 .text.linkaddr_copy
                0x002064bc        0xc contiki-cc2538dk.a(linkaddr.o)
                0x002064bc                linkaddr_copy
 .text.item_from_index
                0x002064c8       0x18 contiki-cc2538dk.a(nbr-table.o)
 .text.index_from_key
                0x002064e0       0x20 contiki-cc2538dk.a(nbr-table.o)
 .text.index_from_item
                0x00206500       0x18 contiki-cc2538dk.a(nbr-table.o)
 .text.item_from_key
                0x00206518       0x14 contiki-cc2538dk.a(nbr-table.o)
 .text.key_from_item
                0x0020652c       0x20 contiki-cc2538dk.a(nbr-table.o)
 .text.nbr_get_bit
                0x0020654c       0x28 contiki-cc2538dk.a(nbr-table.o)
 .text.nbr_set_bit
                0x00206574       0x40 contiki-cc2538dk.a(nbr-table.o)
 .text.nbr_table_register
                0x002065b4       0x28 contiki-cc2538dk.a(nbr-table.o)
                0x002065b4                nbr_table_register
 .text.nbr_table_remove
                0x002065dc       0x2c contiki-cc2538dk.a(nbr-table.o)
                0x002065dc                nbr_table_remove
 .text.nbr_table_lock
                0x00206608       0x18 contiki-cc2538dk.a(nbr-table.o)
                0x00206608                nbr_table_lock
 .text.nbr_table_unlock
                0x00206620       0x18 contiki-cc2538dk.a(nbr-table.o)
                0x00206620                nbr_table_unlock
 .text.nbr_table_get_lladdr
                0x00206638       0x10 contiki-cc2538dk.a(nbr-table.o)
                0x00206638                nbr_table_get_lladdr
 .text.index_from_lladdr
                0x00206648       0x40 contiki-cc2538dk.a(nbr-table.o)
 .text.nbr_table_get_from_lladdr
                0x00206688       0x2c contiki-cc2538dk.a(nbr-table.o)
                0x00206688                nbr_table_get_from_lladdr
 .text.nbr_table_next
                0x002066b4       0x34 contiki-cc2538dk.a(nbr-table.o)
                0x002066b4                nbr_table_next
 .text.nbr_table_head
                0x002066e8       0x38 contiki-cc2538dk.a(nbr-table.o)
                0x002066e8                nbr_table_head
 .text.nbr_table_add_lladdr
                0x00206720      0x11c contiki-cc2538dk.a(nbr-table.o)
                0x00206720                nbr_table_add_lladdr
 .text.netstack_init
                0x0020683c       0x2c contiki-cc2538dk.a(netstack.o)
                0x0020683c                netstack_init
 .text.packetbuf_compact
                0x00206868       0x44 contiki-cc2538dk.a(packetbuf.o)
                0x00206868                packetbuf_compact
 .text.packetbuf_hdrreduce
                0x002068ac       0x2c contiki-cc2538dk.a(packetbuf.o)
                0x002068ac                packetbuf_hdrreduce
 .text.packetbuf_set_datalen
                0x002068d8        0xc contiki-cc2538dk.a(packetbuf.o)
                0x002068d8                packetbuf_set_datalen
 .text.packetbuf_dataptr
                0x002068e4       0x18 contiki-cc2538dk.a(packetbuf.o)
                0x002068e4                packetbuf_dataptr
 .text.packetbuf_hdrptr
                0x002068fc       0x14 contiki-cc2538dk.a(packetbuf.o)
                0x002068fc                packetbuf_hdrptr
 .text.packetbuf_datalen
                0x00206910        0xc contiki-cc2538dk.a(packetbuf.o)
                0x00206910                packetbuf_datalen
 .text.packetbuf_hdrlen
                0x0020691c       0x1c contiki-cc2538dk.a(packetbuf.o)
                0x0020691c                packetbuf_hdrlen
 .text.packetbuf_totlen
                0x00206938       0x14 contiki-cc2538dk.a(packetbuf.o)
                0x00206938                packetbuf_totlen
 .text.packetbuf_hdralloc
                0x0020694c       0x28 contiki-cc2538dk.a(packetbuf.o)
                0x0020694c                packetbuf_hdralloc
 .text.packetbuf_set_attr
                0x00206974       0x10 contiki-cc2538dk.a(packetbuf.o)
                0x00206974                packetbuf_set_attr
 .text.packetbuf_attr
                0x00206984        0xc contiki-cc2538dk.a(packetbuf.o)
                0x00206984                packetbuf_attr
 .text.packetbuf_addr
                0x00206990       0x10 contiki-cc2538dk.a(packetbuf.o)
                0x00206990                packetbuf_addr
 .text.packetbuf_holds_broadcast
                0x002069a0       0x14 contiki-cc2538dk.a(packetbuf.o)
                0x002069a0                packetbuf_holds_broadcast
 .text.packetbuf_set_addr
                0x002069b4       0x18 contiki-cc2538dk.a(packetbuf.o)
                0x002069b4                packetbuf_set_addr
 .text.packetbuf_attr_clear
                0x002069cc       0x34 contiki-cc2538dk.a(packetbuf.o)
                0x002069cc                packetbuf_attr_clear
 .text.packetbuf_clear
                0x00206a00       0x38 contiki-cc2538dk.a(packetbuf.o)
                0x00206a00                packetbuf_clear
 .text.packetbuf_attr_copyfrom
                0x00206a38       0x24 contiki-cc2538dk.a(packetbuf.o)
                0x00206a38                packetbuf_attr_copyfrom
 .text.packetbuf_attr_copyto
                0x00206a5c       0x20 contiki-cc2538dk.a(packetbuf.o)
                0x00206a5c                packetbuf_attr_copyto
 .text.packetbuf_copyto
                0x00206a7c       0x5c contiki-cc2538dk.a(packetbuf.o)
                0x00206a7c                packetbuf_copyto
 .text.packetbuf_copyfrom
                0x00206ad8       0x2c contiki-cc2538dk.a(packetbuf.o)
                0x00206ad8                packetbuf_copyfrom
 .text.queuebuf_attr
                0x00206b04        0xc contiki-cc2538dk.a(queuebuf.o)
                0x00206b04                queuebuf_attr
 .text.queuebuf_to_packetbuf
                0x00206b10       0x2c contiki-cc2538dk.a(queuebuf.o)
                0x00206b10                queuebuf_to_packetbuf
 .text.queuebuf_free
                0x00206b3c       0x28 contiki-cc2538dk.a(queuebuf.o)
                0x00206b3c                queuebuf_free
 .text.queuebuf_update_attr_from_packetbuf
                0x00206b64       0x10 contiki-cc2538dk.a(queuebuf.o)
                0x00206b64                queuebuf_update_attr_from_packetbuf
 .text.queuebuf_update_from_packetbuf
                0x00206b74       0x1c contiki-cc2538dk.a(queuebuf.o)
                0x00206b74                queuebuf_update_from_packetbuf
 .text.queuebuf_new_from_packetbuf
                0x00206b90       0x44 contiki-cc2538dk.a(queuebuf.o)
                0x00206b90                queuebuf_new_from_packetbuf
 .text.queuebuf_numfree
                0x00206bd4       0x10 contiki-cc2538dk.a(queuebuf.o)
                0x00206bd4                queuebuf_numfree
 .text.queuebuf_init
                0x00206be4       0x18 contiki-cc2538dk.a(queuebuf.o)
                0x00206be4                queuebuf_init
 .text.on       0x00206bfc       0x28 contiki-cc2538dk.a(contikimac.o)
 .text.off      0x00206c24       0x30 contiki-cc2538dk.a(contikimac.o)
 .text.powercycle_turn_radio_off
                0x00206c54       0x1c contiki-cc2538dk.a(contikimac.o)
 .text.recv_burst_off
                0x00206c70       0x14 contiki-cc2538dk.a(contikimac.o)
 .text.turn_off
                0x00206c84       0x34 contiki-cc2538dk.a(contikimac.o)
 .text.duty_cycle
                0x00206cb8        0x4 contiki-cc2538dk.a(contikimac.o)
 .text.turn_on  0x00206cbc       0x3c contiki-cc2538dk.a(contikimac.o)
 .text.schedule_powercycle_fixed
                0x00206cf8       0x38 contiki-cc2538dk.a(contikimac.o)
 .text.powercycle
                0x00206d30      0x1f8 contiki-cc2538dk.a(contikimac.o)
 .text.init     0x00206f28       0x3c contiki-cc2538dk.a(contikimac.o)
 .text.input_packet
                0x00206f64       0x98 contiki-cc2538dk.a(contikimac.o)
 .text.send_packet
                0x00206ffc      0x1d4 contiki-cc2538dk.a(contikimac.o)
 .text.qsend_list
                0x002071d0       0xc8 contiki-cc2538dk.a(contikimac.o)
 .text.qsend_packet
                0x00207298       0x20 contiki-cc2538dk.a(contikimac.o)
 .text.default_timebase
                0x002072b8       0x14 contiki-cc2538dk.a(csma.o)
 .text.input_packet
                0x002072cc       0x10 contiki-cc2538dk.a(csma.o)
 .text.on       0x002072dc       0x10 contiki-cc2538dk.a(csma.o)
 .text.off      0x002072ec       0x10 contiki-cc2538dk.a(csma.o)
 .text.channel_check_interval
                0x002072fc       0x10 contiki-cc2538dk.a(csma.o)
 .text.transmit_packet_list
                0x0020730c       0x24 contiki-cc2538dk.a(csma.o)
 .text.send_packet
                0x00207330      0x154 contiki-cc2538dk.a(csma.o)
 .text.free_packet
                0x00207484       0x7c contiki-cc2538dk.a(csma.o)
 .text.packet_sent
                0x00207500       0xdc contiki-cc2538dk.a(csma.o)
 .text.init     0x002075dc       0x24 contiki-cc2538dk.a(csma.o)
 .text.parse    0x00207600       0x90 contiki-cc2538dk.a(framer-802154.o)
 .text.create_frame
                0x00207690      0x118 contiki-cc2538dk.a(framer-802154.o)
 .text.create   0x002077a8        0xc contiki-cc2538dk.a(framer-802154.o)
 .text.hdr_length
                0x002077b4        0xc contiki-cc2538dk.a(framer-802154.o)
 .text.framer_canonical_create_and_secure
                0x002077c0       0x2c contiki-cc2538dk.a(framer.o)
                0x002077c0                framer_canonical_create_and_secure
 .text.mac_call_sent_callback
                0x002077ec       0x10 contiki-cc2538dk.a(mac.o)
                0x002077ec                mac_call_sent_callback
 .text.mac_sequence_is_duplicate
                0x002077fc       0x38 contiki-cc2538dk.a(mac-sequence.o)
                0x002077fc                mac_sequence_is_duplicate
 .text.mac_sequence_register_seqno
                0x00207834       0x64 contiki-cc2538dk.a(mac-sequence.o)
                0x00207834                mac_sequence_register_seqno
 .text.bootstrap
                0x00207898        0x8 contiki-cc2538dk.a(nullsec.o)
 .text.on_frame_created
                0x002078a0        0x4 contiki-cc2538dk.a(nullsec.o)
 .text.input    0x002078a4       0x10 contiki-cc2538dk.a(nullsec.o)
 .text.get_overhead
                0x002078b4        0x4 contiki-cc2538dk.a(nullsec.o)
 .text.send     0x002078b8       0x20 contiki-cc2538dk.a(nullsec.o)
 .text.netstack_aes_set_key
                0x002078d8       0x1c contiki-cc2538dk.a(netstack-aes.o)
                0x002078d8                netstack_aes_set_key
 .text.rpl_get_mode
                0x002078f4        0xc contiki-cc2538dk.a(rpl.o)
                0x002078f4                rpl_get_mode
 .text.rpl_init
                0x00207900       0x54 contiki-cc2538dk.a(rpl.o)
                0x00207900                rpl_init
 .text.rpl_ipv6_neighbor_callback
                0x00207954       0x3c contiki-cc2538dk.a(rpl.o)
                0x00207954                rpl_ipv6_neighbor_callback
 .text.rpl_link_neighbor_callback
                0x00207990       0x80 contiki-cc2538dk.a(rpl.o)
                0x00207990                rpl_link_neighbor_callback
 .text.rpl_add_route
                0x00207a10       0x2c contiki-cc2538dk.a(rpl.o)
                0x00207a10                rpl_add_route
 .text.rpl_remove_routes_by_nexthop
                0x00207a3c       0x38 contiki-cc2538dk.a(rpl.o)
                0x00207a3c                rpl_remove_routes_by_nexthop
 .text.rpl_remove_routes
                0x00207a74       0x20 contiki-cc2538dk.a(rpl.o)
                0x00207a74                rpl_remove_routes
 .text.rpl_purge_routes
                0x00207a94       0x68 contiki-cc2538dk.a(rpl.o)
                0x00207a94                rpl_purge_routes
 .text.lollipop_greater_than
                0x00207afc       0x3c contiki-cc2538dk.a(rpl-dag.o)
 .text.acceptable_rank
                0x00207b38       0x34 contiki-cc2538dk.a(rpl-dag.o)
 .text.rpl_get_any_dag
                0x00207b6c       0x18 contiki-cc2538dk.a(rpl-dag.o)
                0x00207b6c                rpl_get_any_dag
 .text.rpl_get_instance
                0x00207b84       0x1c contiki-cc2538dk.a(rpl-dag.o)
                0x00207b84                rpl_get_instance
 .text.rpl_find_of
                0x00207ba0       0x14 contiki-cc2538dk.a(rpl-dag.o)
                0x00207ba0                rpl_find_of
 .text.rpl_lock_parent
                0x00207bb4       0x14 contiki-cc2538dk.a(rpl-dag.o)
                0x00207bb4                rpl_lock_parent
 .text.rpl_repair_root
                0x00207bc8       0x4c contiki-cc2538dk.a(rpl-dag.o)
                0x00207bc8                rpl_repair_root
 .text.find_parent_any_dag_any_instance
                0x00207c14       0x1c contiki-cc2538dk.a(rpl-dag.o)
 .text.find_parent_dag
                0x00207c30       0x10 contiki-cc2538dk.a(rpl-dag.o)
 .text.rpl_find_parent_any_dag
                0x00207c40       0x20 contiki-cc2538dk.a(rpl-dag.o)
                0x00207c40                rpl_find_parent_any_dag
 .text.rpl_find_parent
                0x00207c60       0x1c contiki-cc2538dk.a(rpl-dag.o)
                0x00207c60                rpl_find_parent
 .text.rpl_get_parent
                0x00207c7c       0x14 contiki-cc2538dk.a(rpl-dag.o)
                0x00207c7c                rpl_get_parent
 .text.rpl_set_preferred_parent
                0x00207c90       0x28 contiki-cc2538dk.a(rpl-dag.o)
 .text.rpl_select_parent
                0x00207cb8       0x70 contiki-cc2538dk.a(rpl-dag.o)
                0x00207cb8                rpl_select_parent
 .text.set_ip_from_prefix
                0x00207d28       0x2c contiki-cc2538dk.a(rpl-dag.o)
 .text.check_prefix
                0x00207d54       0x58 contiki-cc2538dk.a(rpl-dag.o)
 .text.rpl_set_prefix
                0x00207dac       0x70 contiki-cc2538dk.a(rpl-dag.o)
                0x00207dac                rpl_set_prefix
 .text.rpl_set_default_route
                0x00207e1c       0x48 contiki-cc2538dk.a(rpl-dag.o)
                0x00207e1c                rpl_set_default_route
 .text.rpl_nullify_parent
                0x00207e64       0x44 contiki-cc2538dk.a(rpl-dag.o)
                0x00207e64                rpl_nullify_parent
 .text.rpl_local_repair
                0x00207ea8       0x60 contiki-cc2538dk.a(rpl-dag.o)
                0x00207ea8                rpl_local_repair
 .text.rpl_remove_parent
                0x00207f08       0x18 contiki-cc2538dk.a(rpl-dag.o)
                0x00207f08                rpl_remove_parent
 .text.remove_parents
                0x00207f20       0x38 contiki-cc2538dk.a(rpl-dag.o)
 .text.nbr_callback
                0x00207f58        0x8 contiki-cc2538dk.a(rpl-dag.o)
 .text.rpl_alloc_instance
                0x00207f60       0x48 contiki-cc2538dk.a(rpl-dag.o)
                0x00207f60                rpl_alloc_instance
 .text.rpl_alloc_dag
                0x00207fa8       0x48 contiki-cc2538dk.a(rpl-dag.o)
                0x00207fa8                rpl_alloc_dag
 .text.rpl_get_nbr
                0x00207ff0       0x24 contiki-cc2538dk.a(rpl-dag.o)
                0x00207ff0                rpl_get_nbr
 .text.rpl_add_parent
                0x00208014       0x44 contiki-cc2538dk.a(rpl-dag.o)
                0x00208014                rpl_add_parent
 .text.rpl_join_instance
                0x00208058      0x114 contiki-cc2538dk.a(rpl-dag.o)
                0x00208058                rpl_join_instance
 .text.rpl_get_parent_ipaddr
                0x0020816c       0x18 contiki-cc2538dk.a(rpl-dag.o)
                0x0020816c                rpl_get_parent_ipaddr
 .text.rpl_move_parent
                0x00208184       0x48 contiki-cc2538dk.a(rpl-dag.o)
                0x00208184                rpl_move_parent
 .text.rpl_select_dag
                0x002081cc      0x144 contiki-cc2538dk.a(rpl-dag.o)
                0x002081cc                rpl_select_dag
 .text.rpl_process_parent_event
                0x00208310       0x3c contiki-cc2538dk.a(rpl-dag.o)
                0x00208310                rpl_process_parent_event
 .text.rpl_recalculate_ranks
                0x0020834c       0x40 contiki-cc2538dk.a(rpl-dag.o)
                0x0020834c                rpl_recalculate_ranks
 .text.rpl_add_dag
                0x0020838c      0x110 contiki-cc2538dk.a(rpl-dag.o)
                0x0020838c                rpl_add_dag
 .text.rpl_process_dio
                0x0020849c      0x28c contiki-cc2538dk.a(rpl-dag.o)
                0x0020849c                rpl_process_dio
 .text.rpl_dag_init
                0x00208728       0x18 contiki-cc2538dk.a(rpl-dag.o)
                0x00208728                rpl_dag_init
 .text.get32    0x00208740       0x1c contiki-cc2538dk.a(rpl-icmp6.o)
 .text.set32    0x0020875c       0x18 contiki-cc2538dk.a(rpl-icmp6.o)
 .text.get16    0x00208774        0xc contiki-cc2538dk.a(rpl-icmp6.o)
 .text.set16    0x00208780        0xc contiki-cc2538dk.a(rpl-icmp6.o)
 .text.dao_ack_input
                0x0020878c       0x10 contiki-cc2538dk.a(rpl-icmp6.o)
 .text.rpl_icmp6_register_handlers
                0x0020879c       0x2c contiki-cc2538dk.a(rpl-icmp6.o)
                0x0020879c                rpl_icmp6_register_handlers
 .text.dao_ack_output
                0x002087c8       0x30 contiki-cc2538dk.a(rpl-icmp6.o)
                0x002087c8                dao_ack_output
 .text.dio_output
                0x002087f8      0x210 contiki-cc2538dk.a(rpl-icmp6.o)
                0x002087f8                dio_output
 .text.dis_output
                0x00208a08       0x58 contiki-cc2538dk.a(rpl-icmp6.o)
                0x00208a08                dis_output
 .text.dao_input
                0x00208a60      0x244 contiki-cc2538dk.a(rpl-icmp6.o)
 .text.dio_input
                0x00208ca4      0x24c contiki-cc2538dk.a(rpl-icmp6.o)
 .text.dis_input
                0x00208ef0       0x4c contiki-cc2538dk.a(rpl-icmp6.o)
 .text.dao_output_target
                0x00208f3c       0xc4 contiki-cc2538dk.a(rpl-icmp6.o)
                0x00208f3c                dao_output_target
 .text.dao_output
                0x00209000       0x50 contiki-cc2538dk.a(rpl-icmp6.o)
                0x00209000                dao_output
 .text.rpl_schedule_probing
                0x00209050       0x2c contiki-cc2538dk.a(rpl-timers.o)
                0x00209050                rpl_schedule_probing
 .text.new_dio_interval
                0x0020907c       0x58 contiki-cc2538dk.a(rpl-timers.o)
 .text.rpl_reset_dio_timer
                0x002090d4       0x20 contiki-cc2538dk.a(rpl-timers.o)
                0x002090d4                rpl_reset_dio_timer
 .text.rpl_reset_periodic_timer
                0x002090f4       0x34 contiki-cc2538dk.a(rpl-timers.o)
                0x002090f4                rpl_reset_periodic_timer
 .text.handle_probing_timer
                0x00209128       0xe4 contiki-cc2538dk.a(rpl-timers.o)
 .text.set_dao_lifetime_timer
                0x0020920c       0x38 contiki-cc2538dk.a(rpl-timers.o)
 .text.schedule_dao
                0x00209244       0x50 contiki-cc2538dk.a(rpl-timers.o)
 .text.rpl_schedule_dao
                0x00209294        0xc contiki-cc2538dk.a(rpl-timers.o)
                0x00209294                rpl_schedule_dao
 .text.handle_dio_timer
                0x002092a0       0x7c contiki-cc2538dk.a(rpl-timers.o)
 .text.handle_dao_timer
                0x0020931c       0x54 contiki-cc2538dk.a(rpl-timers.o)
 .text.handle_periodic_timer
                0x00209370       0x34 contiki-cc2538dk.a(rpl-timers.o)
 .text.reset    0x002093a4        0x4 contiki-cc2538dk.a(rpl-mrhof.o)
 .text.best_dag
                0x002093a8       0x24 contiki-cc2538dk.a(rpl-mrhof.o)
 .text.update_metric_container
                0x002093cc        0x8 contiki-cc2538dk.a(rpl-mrhof.o)
 .text.calculate_rank
                0x002093d4       0x34 contiki-cc2538dk.a(rpl-mrhof.o)
 .text.calculate_path_metric
                0x00209408       0x1c contiki-cc2538dk.a(rpl-mrhof.o)
 .text.best_parent
                0x00209424       0x40 contiki-cc2538dk.a(rpl-mrhof.o)
 .text.neighbor_link_callback
                0x00209464       0x50 contiki-cc2538dk.a(rpl-mrhof.o)
 .text.rpl_invert_header
                0x002094b4       0x78 contiki-cc2538dk.a(rpl-ext-header.)
                0x002094b4                rpl_invert_header
 .text.rpl_update_header_final
                0x0020952c       0x90 contiki-cc2538dk.a(rpl-ext-header.)
                0x0020952c                rpl_update_header_final
 .text.rpl_update_header_empty
                0x002095bc      0x16c contiki-cc2538dk.a(rpl-ext-header.)
                0x002095bc                rpl_update_header_empty
 .text.rpl_insert_header
                0x00209728       0x20 contiki-cc2538dk.a(rpl-ext-header.)
                0x00209728                rpl_insert_header
 .text.rpl_verify_header
                0x00209748       0xa8 contiki-cc2538dk.a(rpl-ext-header.)
                0x00209748                rpl_verify_header
 .text.show_leds
                0x002097f0       0x10 contiki-cc2538dk.a(leds.o)
 .text.leds_off
                0x00209800       0x14 contiki-cc2538dk.a(leds.o)
                0x00209800                leds_off
 .text.leds_on  0x00209814       0x14 contiki-cc2538dk.a(leds.o)
                0x00209814                leds_on
 .text.leds_init
                0x00209828       0x14 contiki-cc2538dk.a(leds.o)
                0x00209828                leds_init
 .text.leds_arch_init
                0x0020983c       0x10 contiki-cc2538dk.a(leds-arch.o)
                0x0020983c                leds_arch_init
 .text.leds_arch_set
                0x0020984c        0xc contiki-cc2538dk.a(leds-arch.o)
                0x0020984c                leds_arch_set
 .text.gpio_set
                0x00209858        0x8 contiki-cc2538dk.a(oled-arch.o)
 .text.gpio_reset
                0x00209860        0x8 contiki-cc2538dk.a(oled-arch.o)
 .text.OLED_WrCmd
                0x00209868       0x68 contiki-cc2538dk.a(oled-arch.o)
                0x00209868                OLED_WrCmd
 .text.OLED_Display_Off
                0x002098d0       0x18 contiki-cc2538dk.a(oled-arch.o)
                0x002098d0                OLED_Display_Off
 .text.OLED_Init
                0x002098e8       0xe8 contiki-cc2538dk.a(oled-arch.o)
                0x002098e8                OLED_Init
 .text.gpio_set1
                0x002099d0        0x8 contiki-cc2538dk.a(oled.o)
 .text.gpio_reset1
                0x002099d8        0x8 contiki-cc2538dk.a(oled.o)
 .text.OLED_WrDat1
                0x002099e0       0x64 contiki-cc2538dk.a(oled.o)
                0x002099e0                OLED_WrDat1
 .text.OLED_WrCmd1
                0x00209a44       0x64 contiki-cc2538dk.a(oled.o)
                0x00209a44                OLED_WrCmd1
 .text.OLED_Fill1
                0x00209aa8       0x34 contiki-cc2538dk.a(oled.o)
                0x00209aa8                OLED_Fill1
 .text.OLED_Display_Off1
                0x00209adc       0x18 contiki-cc2538dk.a(oled.o)
                0x00209adc                OLED_Display_Off1
 .text.OLED_Init1
                0x00209af4       0xe0 contiki-cc2538dk.a(oled.o)
                0x00209af4                OLED_Init1
 .text.stimer_expired
                0x00209bd4       0x20 contiki-cc2538dk.a(stimer.o)
                0x00209bd4                stimer_expired
 .text.stimer_set
                0x00209bf4       0x10 contiki-cc2538dk.a(stimer.o)
                0x00209bf4                stimer_set
 .text.memb_alloc
                0x00209c04       0x2c contiki-cc2538dk.a(memb.o)
                0x00209c04                memb_alloc
 .text.memb_free
                0x00209c30       0x30 contiki-cc2538dk.a(memb.o)
                0x00209c30                memb_free
 .text.memb_inmemb
                0x00209c60       0x20 contiki-cc2538dk.a(memb.o)
                0x00209c60                memb_inmemb
 .text.memb_numfree
                0x00209c80       0x1c contiki-cc2538dk.a(memb.o)
                0x00209c80                memb_numfree
 .text.memb_init
                0x00209c9c       0x20 contiki-cc2538dk.a(memb.o)
                0x00209c9c                memb_init
 .text.addr_len
                0x00209cbc       0x10 contiki-cc2538dk.a(frame802154.o)
 .text.frame802154_parse
                0x00209ccc      0x128 contiki-cc2538dk.a(frame802154.o)
                0x00209ccc                frame802154_parse
 .text.field_len
                0x00209df4       0x68 contiki-cc2538dk.a(frame802154.o)
 .text.frame802154_create
                0x00209e5c       0xdc contiki-cc2538dk.a(frame802154.o)
                0x00209e5c                frame802154_create
 .text.frame802154_hdrlen
                0x00209f38       0x2c contiki-cc2538dk.a(frame802154.o)
                0x00209f38                frame802154_hdrlen
 .text          0x00209f64       0x2c /home/user/CodeSourcery/Sourcery_G++_Lite/bin/../lib/gcc/arm-none-eabi/4.3.2/thumb2/libgcc.a(_aeabi_uldivmod.o)
                0x00209f64                __aeabi_uldivmod
 .text          0x00209f90       0x60 /home/user/CodeSourcery/Sourcery_G++_Lite/bin/../lib/gcc/arm-none-eabi/4.3.2/thumb2/libgcc.a(bpabi.o)
                0x00209f90                __gnu_uldivmod_helper
                0x00209fc0                __gnu_ldivmod_helper
 .text          0x00209ff0        0x4 /home/user/CodeSourcery/Sourcery_G++_Lite/bin/../lib/gcc/arm-none-eabi/4.3.2/thumb2/libgcc.a(_dvmd_tls.o)
                0x00209ff0                __aeabi_ldiv0
                0x00209ff0                __aeabi_idiv0
 .text          0x00209ff4      0x424 /home/user/CodeSourcery/Sourcery_G++_Lite/bin/../lib/gcc/arm-none-eabi/4.3.2/thumb2/libgcc.a(_divdi3.o)
                0x00209ff4                __divdi3
 .text          0x0020a418      0x3e4 /home/user/CodeSourcery/Sourcery_G++_Lite/bin/../lib/gcc/arm-none-eabi/4.3.2/thumb2/libgcc.a(_udivdi3.o)
                0x0020a418                __udivdi3
 .text          0x0020a7fc       0x8c /home/user/CodeSourcery/Sourcery_G++_Lite/bin/../lib/gcc/arm-none-eabi/4.3.2/thumb2/libgcc.a(_udivsi3.o)
                0x0020a7fc                __udivsi3
                0x0020a7fc                __aeabi_uidiv
                0x0020a874                __aeabi_uidivmod
 .text          0x0020a888       0x60 /home/user/CodeSourcery/Sourcery_G++_Lite/bin/../lib/gcc/arm-none-eabi/4.3.2/../../../../arm-none-eabi/lib/thumb2/libc.a(lib_a-memcmp.o)
                0x0020a888                memcmp
 .text          0x0020a8e8       0x98 /home/user/CodeSourcery/Sourcery_G++_Lite/bin/../lib/gcc/arm-none-eabi/4.3.2/../../../../arm-none-eabi/lib/thumb2/libc.a(lib_a-memcpy.o)
                0x0020a8e8                memcpy
 .text          0x0020a980       0xc0 /home/user/CodeSourcery/Sourcery_G++_Lite/bin/../lib/gcc/arm-none-eabi/4.3.2/../../../../arm-none-eabi/lib/thumb2/libc.a(lib_a-memmove.o)
                0x0020a980                memmove
 .text          0x0020aa40       0x88 /home/user/CodeSourcery/Sourcery_G++_Lite/bin/../lib/gcc/arm-none-eabi/4.3.2/../../../../arm-none-eabi/lib/thumb2/libc.a(lib_a-memset.o)
                0x0020aa40                memset
 *(SORT(.rodata*))
 .rodata.autostart_processes
                0x0020aac8        0x8 hello-world.co
                0x0020aac8                autostart_processes
 .rodata.button_select_sensor
                0x0020aad0       0x10 contiki-cc2538dk.a(button-sensor.o)
                0x0020aad0                button_select_sensor
 .rodata.button_up_sensor
                0x0020aae0       0x10 contiki-cc2538dk.a(button-sensor.o)
                0x0020aae0                button_up_sensor
 .rodata.button_left_sensor
                0x0020aaf0       0x10 contiki-cc2538dk.a(button-sensor.o)
                0x0020aaf0                button_left_sensor
 .rodata.button_right_sensor
                0x0020ab00       0x10 contiki-cc2538dk.a(button-sensor.o)
                0x0020ab00                button_right_sensor
 .rodata.button_down_sensor
                0x0020ab10       0x10 contiki-cc2538dk.a(button-sensor.o)
                0x0020ab10                button_down_sensor
 .rodata.als_sensor
                0x0020ab20       0x10 contiki-cc2538dk.a(als-sensor.o)
                0x0020ab20                als_sensor
 .rodata.uart_regs
                0x0020ab30       0x58 contiki-cc2538dk.a(uart.o)
 .rodata.cc2538_rf_driver
                0x0020ab88       0x38 contiki-cc2538dk.a(cc2538-rf.o)
                0x0020ab88                cc2538_rf_driver
 .rodata.output_power
                0x0020abc0       0x70 contiki-cc2538dk.a(cc2538-rf.o)
 .rodata.cc2538_temp_sensor
                0x0020ac30       0x10 contiki-cc2538dk.a(cc2538-temp-sen)
                0x0020ac30                cc2538_temp_sensor
 .rodata.vdd3_sensor
                0x0020ac40       0x10 contiki-cc2538dk.a(vdd3-sensor.o)
                0x0020ac40                vdd3_sensor
 .rodata.sicslowpan_driver
                0x0020ac50        0xc contiki-cc2538dk.a(sicslowpan.o)
                0x0020ac50                sicslowpan_driver
 .rodata.packetbuf
                0x0020ac5c        0x4 contiki-cc2538dk.a(packetbuf.o)
 .rodata.contikimac_driver
                0x0020ac60       0x20 contiki-cc2538dk.a(contikimac.o)
                0x0020ac60                contikimac_driver
 .rodata.csma_driver
                0x0020ac80       0x1c contiki-cc2538dk.a(csma.o)
                0x0020ac80                csma_driver
 .rodata.framer_802154
                0x0020ac9c       0x10 contiki-cc2538dk.a(framer-802154.o)
                0x0020ac9c                framer_802154
 .rodata.nullsec_driver
                0x0020acac       0x18 contiki-cc2538dk.a(nullsec.o)
                0x0020acac                nullsec_driver
 .rodata.str1.1
                0x0020acc4       0x21 hello-world.co
 .rodata.str1.1
                0x0020ace5       0x84 contiki-cc2538dk.a(contiki-main.o)
 .rodata.str1.1
                0x0020ad69        0x8 contiki-cc2538dk.a(sensors.o)
 .rodata.str1.1
                0x0020ad71        0x7 contiki-cc2538dk.a(button-sensor.o)
 .rodata.str1.1
                0x0020ad78        0x4 contiki-cc2538dk.a(als-sensor.o)
 .rodata.str1.1
                0x0020ad7c       0x11 contiki-cc2538dk.a(cc2538-rf.o)
 .rodata.str1.1
                0x0020ad8d       0x14 contiki-cc2538dk.a(cc2538-temp-sen)
 .rodata.str1.1
                0x0020ada1        0x5 contiki-cc2538dk.a(vdd3-sensor.o)
 .rodata.buffer.1352
                0x0020ada6       0x10 contiki-cc2538dk.a(strformat.o)
 .rodata.str1.1
                0x0020adb6       0x35 contiki-cc2538dk.a(strformat.o)
                                 0x37 (size before relaxing)
 .rodata.buffer.1366
                0x0020adeb       0x10 contiki-cc2538dk.a(strformat.o)
 .rodata.str1.1
                0x0020adfb        0xf contiki-cc2538dk.a(ctimer.o)
 .rodata.str1.1
                0x0020ae0a        0xc contiki-cc2538dk.a(etimer.o)
 .rodata.str1.1
                0x0020ae16        0xe contiki-cc2538dk.a(serial-line.o)
 .rodata.C.44.4695
                0x0020ae24        0x2 contiki-cc2538dk.a(sicslowpan.o)
 .rodata.ttl_values
                0x0020ae26        0x4 contiki-cc2538dk.a(sicslowpan.o)
 .rodata.unc_llconf
                0x0020ae2a        0x4 contiki-cc2538dk.a(sicslowpan.o)
                0x0020ae2a                unc_llconf
 .rodata.llprefix
                0x0020ae2e        0x2 contiki-cc2538dk.a(sicslowpan.o)
                0x0020ae2e                llprefix
 .rodata.unc_mxconf
                0x0020ae30        0x4 contiki-cc2538dk.a(sicslowpan.o)
                0x0020ae30                unc_mxconf
 .rodata.str1.1
                0x0020ae34        0xb contiki-cc2538dk.a(sicslowpan.o)
 .rodata.unc_ctxconf
                0x0020ae3f        0x4 contiki-cc2538dk.a(sicslowpan.o)
                0x0020ae3f                unc_ctxconf
 .rodata.str1.1
                0x0020ae43        0xd contiki-cc2538dk.a(tcpip.o)
 .rodata.str1.1
                0x0020ae50       0x29 contiki-cc2538dk.a(uip-debug.o)
 .rodata.linkaddr_null
                0x0020ae79        0x8 contiki-cc2538dk.a(linkaddr.o)
                0x0020ae79                linkaddr_null
 .rodata.str1.1
                0x0020ae81        0xb contiki-cc2538dk.a(contikimac.o)
 .rodata.str1.1
                0x0020ae8c        0x5 contiki-cc2538dk.a(csma.o)
 .rodata.str1.1
                0x0020ae91        0x8 contiki-cc2538dk.a(nullsec.o)
 .rodata        0x0020ae99      0x100 /home/user/CodeSourcery/Sourcery_G++_Lite/bin/../lib/gcc/arm-none-eabi/4.3.2/thumb2/libgcc.a(_clz.o)
                0x0020ae99                __clz_tab
                0x0020af99                _etext = .

.glue_7         0x0020af9c        0x0 load address 0x0020af99
 .glue_7        0x0020af9c        0x0 obj_cc2538dk/startup-gcc.o
 .glue_7        0x0020af9c        0x0 hello-world.co
 .glue_7        0x0020af9c        0x0 contiki-cc2538dk.a(contiki-main.o)
 .glue_7        0x0020af9c        0x0 contiki-cc2538dk.a(sensors.o)
 .glue_7        0x0020af9c        0x0 contiki-cc2538dk.a(smartrf-sensors)
 .glue_7        0x0020af9c        0x0 contiki-cc2538dk.a(button-sensor.o)
 .glue_7        0x0020af9c        0x0 contiki-cc2538dk.a(als-sensor.o)
 .glue_7        0x0020af9c        0x0 contiki-cc2538dk.a(clock.o)
 .glue_7        0x0020af9c        0x0 contiki-cc2538dk.a(rtimer-arch.o)
 .glue_7        0x0020af9c        0x0 contiki-cc2538dk.a(uart.o)
 .glue_7        0x0020af9c        0x0 contiki-cc2538dk.a(watchdog.o)
 .glue_7        0x0020af9c        0x0 contiki-cc2538dk.a(nvic.o)
 .glue_7        0x0020af9c        0x0 contiki-cc2538dk.a(cpu.o)
 .glue_7        0x0020af9c        0x0 contiki-cc2538dk.a(sys-ctrl.o)
 .glue_7        0x0020af9c        0x0 contiki-cc2538dk.a(gpio.o)
 .glue_7        0x0020af9c        0x0 contiki-cc2538dk.a(ioc.o)
 .glue_7        0x0020af9c        0x0 contiki-cc2538dk.a(adc.o)
 .glue_7        0x0020af9c        0x0 contiki-cc2538dk.a(crypto.o)
 .glue_7        0x0020af9c        0x0 contiki-cc2538dk.a(cc2538-rf.o)
 .glue_7        0x0020af9c        0x0 contiki-cc2538dk.a(udma.o)
 .glue_7        0x0020af9c        0x0 contiki-cc2538dk.a(lpm.o)
 .glue_7        0x0020af9c        0x0 contiki-cc2538dk.a(dbg.o)
 .glue_7        0x0020af9c        0x0 contiki-cc2538dk.a(ieee-addr.o)
 .glue_7        0x0020af9c        0x0 contiki-cc2538dk.a(cc2538-temp-sen)
 .glue_7        0x0020af9c        0x0 contiki-cc2538dk.a(vdd3-sensor.o)
 .glue_7        0x0020af9c        0x0 contiki-cc2538dk.a(dbg-printf.o)
 .glue_7        0x0020af9c        0x0 contiki-cc2538dk.a(strformat.o)
 .glue_7        0x0020af9c        0x0 contiki-cc2538dk.a(autostart.o)
 .glue_7        0x0020af9c        0x0 contiki-cc2538dk.a(ctimer.o)
 .glue_7        0x0020af9c        0x0 contiki-cc2538dk.a(energest.o)
 .glue_7        0x0020af9c        0x0 contiki-cc2538dk.a(etimer.o)
 .glue_7        0x0020af9c        0x0 contiki-cc2538dk.a(process.o)
 .glue_7        0x0020af9c        0x0 contiki-cc2538dk.a(rtimer.o)
 .glue_7        0x0020af9c        0x0 contiki-cc2538dk.a(timer.o)
 .glue_7        0x0020af9c        0x0 contiki-cc2538dk.a(serial-line.o)
 .glue_7        0x0020af9c        0x0 contiki-cc2538dk.a(list.o)
 .glue_7        0x0020af9c        0x0 contiki-cc2538dk.a(random.o)
 .glue_7        0x0020af9c        0x0 contiki-cc2538dk.a(ringbuf.o)
 .glue_7        0x0020af9c        0x0 contiki-cc2538dk.a(sicslowpan.o)
 .glue_7        0x0020af9c        0x0 contiki-cc2538dk.a(uip6.o)
 .glue_7        0x0020af9c        0x0 contiki-cc2538dk.a(uip-ds6.o)
 .glue_7        0x0020af9c        0x0 contiki-cc2538dk.a(uip-ds6-nbr.o)
 .glue_7        0x0020af9c        0x0 contiki-cc2538dk.a(uip-ds6-route.o)
 .glue_7        0x0020af9c        0x0 contiki-cc2538dk.a(uip-icmp6.o)
 .glue_7        0x0020af9c        0x0 contiki-cc2538dk.a(uip-nd6.o)
 .glue_7        0x0020af9c        0x0 contiki-cc2538dk.a(tcpip.o)
 .glue_7        0x0020af9c        0x0 contiki-cc2538dk.a(uip-debug.o)
 .glue_7        0x0020af9c        0x0 contiki-cc2538dk.a(linkaddr.o)
 .glue_7        0x0020af9c        0x0 contiki-cc2538dk.a(nbr-table.o)
 .glue_7        0x0020af9c        0x0 contiki-cc2538dk.a(netstack.o)
 .glue_7        0x0020af9c        0x0 contiki-cc2538dk.a(packetbuf.o)
 .glue_7        0x0020af9c        0x0 contiki-cc2538dk.a(queuebuf.o)
 .glue_7        0x0020af9c        0x0 contiki-cc2538dk.a(contikimac.o)
 .glue_7        0x0020af9c        0x0 contiki-cc2538dk.a(csma.o)
 .glue_7        0x0020af9c        0x0 contiki-cc2538dk.a(framer-802154.o)
 .glue_7        0x0020af9c        0x0 contiki-cc2538dk.a(framer.o)
 .glue_7        0x0020af9c        0x0 contiki-cc2538dk.a(mac.o)
 .glue_7        0x0020af9c        0x0 contiki-cc2538dk.a(mac-sequence.o)
 .glue_7        0x0020af9c        0x0 contiki-cc2538dk.a(nullsec.o)
 .glue_7        0x0020af9c        0x0 contiki-cc2538dk.a(netstack-aes.o)
 .glue_7        0x0020af9c        0x0 contiki-cc2538dk.a(rpl.o)
 .glue_7        0x0020af9c        0x0 contiki-cc2538dk.a(rpl-dag.o)
 .glue_7        0x0020af9c        0x0 contiki-cc2538dk.a(rpl-icmp6.o)
 .glue_7        0x0020af9c        0x0 contiki-cc2538dk.a(rpl-timers.o)
 .glue_7        0x0020af9c        0x0 contiki-cc2538dk.a(rpl-mrhof.o)
 .glue_7        0x0020af9c        0x0 contiki-cc2538dk.a(rpl-ext-header.)
 .glue_7        0x0020af9c        0x0 contiki-cc2538dk.a(leds.o)
 .glue_7        0x0020af9c        0x0 contiki-cc2538dk.a(leds-arch.o)
 .glue_7        0x0020af9c        0x0 contiki-cc2538dk.a(oled-arch.o)
 .glue_7        0x0020af9c        0x0 contiki-cc2538dk.a(oled.o)
 .glue_7        0x0020af9c        0x0 contiki-cc2538dk.a(stimer.o)
 .glue_7        0x0020af9c        0x0 contiki-cc2538dk.a(memb.o)
 .glue_7        0x0020af9c        0x0 contiki-cc2538dk.a(frame802154.o)
 .glue_7        0x0020af9c        0x0 contiki-cc2538dk.a(aes-ccm.o)
 .glue_7        0x0020af9c        0x0 /home/user/CodeSourcery/Sourcery_G++_Lite/bin/../lib/gcc/arm-none-eabi/4.3.2/thumb2/libgcc.a(_aeabi_uldivmod.o)
 .glue_7        0x0020af9c        0x0 /home/user/CodeSourcery/Sourcery_G++_Lite/bin/../lib/gcc/arm-none-eabi/4.3.2/thumb2/libgcc.a(bpabi.o)
 .glue_7        0x0020af9c        0x0 /home/user/CodeSourcery/Sourcery_G++_Lite/bin/../lib/gcc/arm-none-eabi/4.3.2/thumb2/libgcc.a(_dvmd_tls.o)
 .glue_7        0x0020af9c        0x0 /home/user/CodeSourcery/Sourcery_G++_Lite/bin/../lib/gcc/arm-none-eabi/4.3.2/thumb2/libgcc.a(_divdi3.o)
 .glue_7        0x0020af9c        0x0 /home/user/CodeSourcery/Sourcery_G++_Lite/bin/../lib/gcc/arm-none-eabi/4.3.2/thumb2/libgcc.a(_udivdi3.o)
 .glue_7        0x0020af9c        0x0 /home/user/CodeSourcery/Sourcery_G++_Lite/bin/../lib/gcc/arm-none-eabi/4.3.2/thumb2/libgcc.a(_udivsi3.o)
 .glue_7        0x0020af9c        0x0 /home/user/CodeSourcery/Sourcery_G++_Lite/bin/../lib/gcc/arm-none-eabi/4.3.2/thumb2/libgcc.a(_clz.o)
 .glue_7        0x0020af9c        0x0 /home/user/CodeSourcery/Sourcery_G++_Lite/bin/../lib/gcc/arm-none-eabi/4.3.2/../../../../arm-none-eabi/lib/thumb2/libc.a(lib_a-memcmp.o)
 .glue_7        0x0020af9c        0x0 /home/user/CodeSourcery/Sourcery_G++_Lite/bin/../lib/gcc/arm-none-eabi/4.3.2/../../../../arm-none-eabi/lib/thumb2/libc.a(lib_a-memcpy.o)
 .glue_7        0x0020af9c        0x0 /home/user/CodeSourcery/Sourcery_G++_Lite/bin/../lib/gcc/arm-none-eabi/4.3.2/../../../../arm-none-eabi/lib/thumb2/libc.a(lib_a-memmove.o)
 .glue_7        0x0020af9c        0x0 /home/user/CodeSourcery/Sourcery_G++_Lite/bin/../lib/gcc/arm-none-eabi/4.3.2/../../../../arm-none-eabi/lib/thumb2/libc.a(lib_a-memset.o)
 .glue_7        0x0020af9c        0x0 /home/user/CodeSourcery/Sourcery_G++_Lite/bin/../lib/gcc/arm-none-eabi/4.3.2/../../../../arm-none-eabi/lib/thumb2/libc.a(lib_a-strlen.o)
 .glue_7        0x0020af9c        0x0 /home/user/CodeSourcery/Sourcery_G++_Lite/bin/../lib/gcc/arm-none-eabi/4.3.2/../../../../arm-none-eabi/lib/thumb2/libc.a(lib_a-strncmp.o)

.glue_7t        0x0020af9c        0x0 load address 0x0020af99
 .glue_7t       0x0020af9c        0x0 obj_cc2538dk/startup-gcc.o
 .glue_7t       0x0020af9c        0x0 hello-world.co
 .glue_7t       0x0020af9c        0x0 contiki-cc2538dk.a(contiki-main.o)
 .glue_7t       0x0020af9c        0x0 contiki-cc2538dk.a(sensors.o)
 .glue_7t       0x0020af9c        0x0 contiki-cc2538dk.a(smartrf-sensors)
 .glue_7t       0x0020af9c        0x0 contiki-cc2538dk.a(button-sensor.o)
 .glue_7t       0x0020af9c        0x0 contiki-cc2538dk.a(als-sensor.o)
 .glue_7t       0x0020af9c        0x0 contiki-cc2538dk.a(clock.o)
 .glue_7t       0x0020af9c        0x0 contiki-cc2538dk.a(rtimer-arch.o)
 .glue_7t       0x0020af9c        0x0 contiki-cc2538dk.a(uart.o)
 .glue_7t       0x0020af9c        0x0 contiki-cc2538dk.a(watchdog.o)
 .glue_7t       0x0020af9c        0x0 contiki-cc2538dk.a(nvic.o)
 .glue_7t       0x0020af9c        0x0 contiki-cc2538dk.a(cpu.o)
 .glue_7t       0x0020af9c        0x0 contiki-cc2538dk.a(sys-ctrl.o)
 .glue_7t       0x0020af9c        0x0 contiki-cc2538dk.a(gpio.o)
 .glue_7t       0x0020af9c        0x0 contiki-cc2538dk.a(ioc.o)
 .glue_7t       0x0020af9c        0x0 contiki-cc2538dk.a(adc.o)
 .glue_7t       0x0020af9c        0x0 contiki-cc2538dk.a(crypto.o)
 .glue_7t       0x0020af9c        0x0 contiki-cc2538dk.a(cc2538-rf.o)
 .glue_7t       0x0020af9c        0x0 contiki-cc2538dk.a(udma.o)
 .glue_7t       0x0020af9c        0x0 contiki-cc2538dk.a(lpm.o)
 .glue_7t       0x0020af9c        0x0 contiki-cc2538dk.a(dbg.o)
 .glue_7t       0x0020af9c        0x0 contiki-cc2538dk.a(ieee-addr.o)
 .glue_7t       0x0020af9c        0x0 contiki-cc2538dk.a(cc2538-temp-sen)
 .glue_7t       0x0020af9c        0x0 contiki-cc2538dk.a(vdd3-sensor.o)
 .glue_7t       0x0020af9c        0x0 contiki-cc2538dk.a(dbg-printf.o)
 .glue_7t       0x0020af9c        0x0 contiki-cc2538dk.a(strformat.o)
 .glue_7t       0x0020af9c        0x0 contiki-cc2538dk.a(autostart.o)
 .glue_7t       0x0020af9c        0x0 contiki-cc2538dk.a(ctimer.o)
 .glue_7t       0x0020af9c        0x0 contiki-cc2538dk.a(energest.o)
 .glue_7t       0x0020af9c        0x0 contiki-cc2538dk.a(etimer.o)
 .glue_7t       0x0020af9c        0x0 contiki-cc2538dk.a(process.o)
 .glue_7t       0x0020af9c        0x0 contiki-cc2538dk.a(rtimer.o)
 .glue_7t       0x0020af9c        0x0 contiki-cc2538dk.a(timer.o)
 .glue_7t       0x0020af9c        0x0 contiki-cc2538dk.a(serial-line.o)
 .glue_7t       0x0020af9c        0x0 contiki-cc2538dk.a(list.o)
 .glue_7t       0x0020af9c        0x0 contiki-cc2538dk.a(random.o)
 .glue_7t       0x0020af9c        0x0 contiki-cc2538dk.a(ringbuf.o)
 .glue_7t       0x0020af9c        0x0 contiki-cc2538dk.a(sicslowpan.o)
 .glue_7t       0x0020af9c        0x0 contiki-cc2538dk.a(uip6.o)
 .glue_7t       0x0020af9c        0x0 contiki-cc2538dk.a(uip-ds6.o)
 .glue_7t       0x0020af9c        0x0 contiki-cc2538dk.a(uip-ds6-nbr.o)
 .glue_7t       0x0020af9c        0x0 contiki-cc2538dk.a(uip-ds6-route.o)
 .glue_7t       0x0020af9c        0x0 contiki-cc2538dk.a(uip-icmp6.o)
 .glue_7t       0x0020af9c        0x0 contiki-cc2538dk.a(uip-nd6.o)
 .glue_7t       0x0020af9c        0x0 contiki-cc2538dk.a(tcpip.o)
 .glue_7t       0x0020af9c        0x0 contiki-cc2538dk.a(uip-debug.o)
 .glue_7t       0x0020af9c        0x0 contiki-cc2538dk.a(linkaddr.o)
 .glue_7t       0x0020af9c        0x0 contiki-cc2538dk.a(nbr-table.o)
 .glue_7t       0x0020af9c        0x0 contiki-cc2538dk.a(netstack.o)
 .glue_7t       0x0020af9c        0x0 contiki-cc2538dk.a(packetbuf.o)
 .glue_7t       0x0020af9c        0x0 contiki-cc2538dk.a(queuebuf.o)
 .glue_7t       0x0020af9c        0x0 contiki-cc2538dk.a(contikimac.o)
 .glue_7t       0x0020af9c        0x0 contiki-cc2538dk.a(csma.o)
 .glue_7t       0x0020af9c        0x0 contiki-cc2538dk.a(framer-802154.o)
 .glue_7t       0x0020af9c        0x0 contiki-cc2538dk.a(framer.o)
 .glue_7t       0x0020af9c        0x0 contiki-cc2538dk.a(mac.o)
 .glue_7t       0x0020af9c        0x0 contiki-cc2538dk.a(mac-sequence.o)
 .glue_7t       0x0020af9c        0x0 contiki-cc2538dk.a(nullsec.o)
 .glue_7t       0x0020af9c        0x0 contiki-cc2538dk.a(netstack-aes.o)
 .glue_7t       0x0020af9c        0x0 contiki-cc2538dk.a(rpl.o)
 .glue_7t       0x0020af9c        0x0 contiki-cc2538dk.a(rpl-dag.o)
 .glue_7t       0x0020af9c        0x0 contiki-cc2538dk.a(rpl-icmp6.o)
 .glue_7t       0x0020af9c        0x0 contiki-cc2538dk.a(rpl-timers.o)
 .glue_7t       0x0020af9c        0x0 contiki-cc2538dk.a(rpl-mrhof.o)
 .glue_7t       0x0020af9c        0x0 contiki-cc2538dk.a(rpl-ext-header.)
 .glue_7t       0x0020af9c        0x0 contiki-cc2538dk.a(leds.o)
 .glue_7t       0x0020af9c        0x0 contiki-cc2538dk.a(leds-arch.o)
 .glue_7t       0x0020af9c        0x0 contiki-cc2538dk.a(oled-arch.o)
 .glue_7t       0x0020af9c        0x0 contiki-cc2538dk.a(oled.o)
 .glue_7t       0x0020af9c        0x0 contiki-cc2538dk.a(stimer.o)
 .glue_7t       0x0020af9c        0x0 contiki-cc2538dk.a(memb.o)
 .glue_7t       0x0020af9c        0x0 contiki-cc2538dk.a(frame802154.o)
 .glue_7t       0x0020af9c        0x0 contiki-cc2538dk.a(aes-ccm.o)
 .glue_7t       0x0020af9c        0x0 /home/user/CodeSourcery/Sourcery_G++_Lite/bin/../lib/gcc/arm-none-eabi/4.3.2/thumb2/libgcc.a(_aeabi_uldivmod.o)
 .glue_7t       0x0020af9c        0x0 /home/user/CodeSourcery/Sourcery_G++_Lite/bin/../lib/gcc/arm-none-eabi/4.3.2/thumb2/libgcc.a(bpabi.o)
 .glue_7t       0x0020af9c        0x0 /home/user/CodeSourcery/Sourcery_G++_Lite/bin/../lib/gcc/arm-none-eabi/4.3.2/thumb2/libgcc.a(_dvmd_tls.o)
 .glue_7t       0x0020af9c        0x0 /home/user/CodeSourcery/Sourcery_G++_Lite/bin/../lib/gcc/arm-none-eabi/4.3.2/thumb2/libgcc.a(_divdi3.o)
 .glue_7t       0x0020af9c        0x0 /home/user/CodeSourcery/Sourcery_G++_Lite/bin/../lib/gcc/arm-none-eabi/4.3.2/thumb2/libgcc.a(_udivdi3.o)
 .glue_7t       0x0020af9c        0x0 /home/user/CodeSourcery/Sourcery_G++_Lite/bin/../lib/gcc/arm-none-eabi/4.3.2/thumb2/libgcc.a(_udivsi3.o)
 .glue_7t       0x0020af9c        0x0 /home/user/CodeSourcery/Sourcery_G++_Lite/bin/../lib/gcc/arm-none-eabi/4.3.2/thumb2/libgcc.a(_clz.o)
 .glue_7t       0x0020af9c        0x0 /home/user/CodeSourcery/Sourcery_G++_Lite/bin/../lib/gcc/arm-none-eabi/4.3.2/../../../../arm-none-eabi/lib/thumb2/libc.a(lib_a-memcmp.o)
 .glue_7t       0x0020af9c        0x0 /home/user/CodeSourcery/Sourcery_G++_Lite/bin/../lib/gcc/arm-none-eabi/4.3.2/../../../../arm-none-eabi/lib/thumb2/libc.a(lib_a-memcpy.o)
 .glue_7t       0x0020af9c        0x0 /home/user/CodeSourcery/Sourcery_G++_Lite/bin/../lib/gcc/arm-none-eabi/4.3.2/../../../../arm-none-eabi/lib/thumb2/libc.a(lib_a-memmove.o)
 .glue_7t       0x0020af9c        0x0 /home/user/CodeSourcery/Sourcery_G++_Lite/bin/../lib/gcc/arm-none-eabi/4.3.2/../../../../arm-none-eabi/lib/thumb2/libc.a(lib_a-memset.o)
 .glue_7t       0x0020af9c        0x0 /home/user/CodeSourcery/Sourcery_G++_Lite/bin/../lib/gcc/arm-none-eabi/4.3.2/../../../../arm-none-eabi/lib/thumb2/libc.a(lib_a-strlen.o)
 .glue_7t       0x0020af9c        0x0 /home/user/CodeSourcery/Sourcery_G++_Lite/bin/../lib/gcc/arm-none-eabi/4.3.2/../../../../arm-none-eabi/lib/thumb2/libc.a(lib_a-strncmp.o)

.vfp11_veneer   0x0020af9c        0x0 load address 0x0020af99
 .vfp11_veneer  0x0020af9c        0x0 obj_cc2538dk/startup-gcc.o
 .vfp11_veneer  0x0020af9c        0x0 hello-world.co
 .vfp11_veneer  0x0020af9c        0x0 contiki-cc2538dk.a(contiki-main.o)
 .vfp11_veneer  0x0020af9c        0x0 contiki-cc2538dk.a(sensors.o)
 .vfp11_veneer  0x0020af9c        0x0 contiki-cc2538dk.a(smartrf-sensors)
 .vfp11_veneer  0x0020af9c        0x0 contiki-cc2538dk.a(button-sensor.o)
 .vfp11_veneer  0x0020af9c        0x0 contiki-cc2538dk.a(als-sensor.o)
 .vfp11_veneer  0x0020af9c        0x0 contiki-cc2538dk.a(clock.o)
 .vfp11_veneer  0x0020af9c        0x0 contiki-cc2538dk.a(rtimer-arch.o)
 .vfp11_veneer  0x0020af9c        0x0 contiki-cc2538dk.a(uart.o)
 .vfp11_veneer  0x0020af9c        0x0 contiki-cc2538dk.a(watchdog.o)
 .vfp11_veneer  0x0020af9c        0x0 contiki-cc2538dk.a(nvic.o)
 .vfp11_veneer  0x0020af9c        0x0 contiki-cc2538dk.a(cpu.o)
 .vfp11_veneer  0x0020af9c        0x0 contiki-cc2538dk.a(sys-ctrl.o)
 .vfp11_veneer  0x0020af9c        0x0 contiki-cc2538dk.a(gpio.o)
 .vfp11_veneer  0x0020af9c        0x0 contiki-cc2538dk.a(ioc.o)
 .vfp11_veneer  0x0020af9c        0x0 contiki-cc2538dk.a(adc.o)
 .vfp11_veneer  0x0020af9c        0x0 contiki-cc2538dk.a(crypto.o)
 .vfp11_veneer  0x0020af9c        0x0 contiki-cc2538dk.a(cc2538-rf.o)
 .vfp11_veneer  0x0020af9c        0x0 contiki-cc2538dk.a(udma.o)
 .vfp11_veneer  0x0020af9c        0x0 contiki-cc2538dk.a(lpm.o)
 .vfp11_veneer  0x0020af9c        0x0 contiki-cc2538dk.a(dbg.o)
 .vfp11_veneer  0x0020af9c        0x0 contiki-cc2538dk.a(ieee-addr.o)
 .vfp11_veneer  0x0020af9c        0x0 contiki-cc2538dk.a(cc2538-temp-sen)
 .vfp11_veneer  0x0020af9c        0x0 contiki-cc2538dk.a(vdd3-sensor.o)
 .vfp11_veneer  0x0020af9c        0x0 contiki-cc2538dk.a(dbg-printf.o)
 .vfp11_veneer  0x0020af9c        0x0 contiki-cc2538dk.a(strformat.o)
 .vfp11_veneer  0x0020af9c        0x0 contiki-cc2538dk.a(autostart.o)
 .vfp11_veneer  0x0020af9c        0x0 contiki-cc2538dk.a(ctimer.o)
 .vfp11_veneer  0x0020af9c        0x0 contiki-cc2538dk.a(energest.o)
 .vfp11_veneer  0x0020af9c        0x0 contiki-cc2538dk.a(etimer.o)
 .vfp11_veneer  0x0020af9c        0x0 contiki-cc2538dk.a(process.o)
 .vfp11_veneer  0x0020af9c        0x0 contiki-cc2538dk.a(rtimer.o)
 .vfp11_veneer  0x0020af9c        0x0 contiki-cc2538dk.a(timer.o)
 .vfp11_veneer  0x0020af9c        0x0 contiki-cc2538dk.a(serial-line.o)
 .vfp11_veneer  0x0020af9c        0x0 contiki-cc2538dk.a(list.o)
 .vfp11_veneer  0x0020af9c        0x0 contiki-cc2538dk.a(random.o)
 .vfp11_veneer  0x0020af9c        0x0 contiki-cc2538dk.a(ringbuf.o)
 .vfp11_veneer  0x0020af9c        0x0 contiki-cc2538dk.a(sicslowpan.o)
 .vfp11_veneer  0x0020af9c        0x0 contiki-cc2538dk.a(uip6.o)
 .vfp11_veneer  0x0020af9c        0x0 contiki-cc2538dk.a(uip-ds6.o)
 .vfp11_veneer  0x0020af9c        0x0 contiki-cc2538dk.a(uip-ds6-nbr.o)
 .vfp11_veneer  0x0020af9c        0x0 contiki-cc2538dk.a(uip-ds6-route.o)
 .vfp11_veneer  0x0020af9c        0x0 contiki-cc2538dk.a(uip-icmp6.o)
 .vfp11_veneer  0x0020af9c        0x0 contiki-cc2538dk.a(uip-nd6.o)
 .vfp11_veneer  0x0020af9c        0x0 contiki-cc2538dk.a(tcpip.o)
 .vfp11_veneer  0x0020af9c        0x0 contiki-cc2538dk.a(uip-debug.o)
 .vfp11_veneer  0x0020af9c        0x0 contiki-cc2538dk.a(linkaddr.o)
 .vfp11_veneer  0x0020af9c        0x0 contiki-cc2538dk.a(nbr-table.o)
 .vfp11_veneer  0x0020af9c        0x0 contiki-cc2538dk.a(netstack.o)
 .vfp11_veneer  0x0020af9c        0x0 contiki-cc2538dk.a(packetbuf.o)
 .vfp11_veneer  0x0020af9c        0x0 contiki-cc2538dk.a(queuebuf.o)
 .vfp11_veneer  0x0020af9c        0x0 contiki-cc2538dk.a(contikimac.o)
 .vfp11_veneer  0x0020af9c        0x0 contiki-cc2538dk.a(csma.o)
 .vfp11_veneer  0x0020af9c        0x0 contiki-cc2538dk.a(framer-802154.o)
 .vfp11_veneer  0x0020af9c        0x0 contiki-cc2538dk.a(framer.o)
 .vfp11_veneer  0x0020af9c        0x0 contiki-cc2538dk.a(mac.o)
 .vfp11_veneer  0x0020af9c        0x0 contiki-cc2538dk.a(mac-sequence.o)
 .vfp11_veneer  0x0020af9c        0x0 contiki-cc2538dk.a(nullsec.o)
 .vfp11_veneer  0x0020af9c        0x0 contiki-cc2538dk.a(netstack-aes.o)
 .vfp11_veneer  0x0020af9c        0x0 contiki-cc2538dk.a(rpl.o)
 .vfp11_veneer  0x0020af9c        0x0 contiki-cc2538dk.a(rpl-dag.o)
 .vfp11_veneer  0x0020af9c        0x0 contiki-cc2538dk.a(rpl-icmp6.o)
 .vfp11_veneer  0x0020af9c        0x0 contiki-cc2538dk.a(rpl-timers.o)
 .vfp11_veneer  0x0020af9c        0x0 contiki-cc2538dk.a(rpl-mrhof.o)
 .vfp11_veneer  0x0020af9c        0x0 contiki-cc2538dk.a(rpl-ext-header.)
 .vfp11_veneer  0x0020af9c        0x0 contiki-cc2538dk.a(leds.o)
 .vfp11_veneer  0x0020af9c        0x0 contiki-cc2538dk.a(leds-arch.o)
 .vfp11_veneer  0x0020af9c        0x0 contiki-cc2538dk.a(oled-arch.o)
 .vfp11_veneer  0x0020af9c        0x0 contiki-cc2538dk.a(oled.o)
 .vfp11_veneer  0x0020af9c        0x0 contiki-cc2538dk.a(stimer.o)
 .vfp11_veneer  0x0020af9c        0x0 contiki-cc2538dk.a(memb.o)
 .vfp11_veneer  0x0020af9c        0x0 contiki-cc2538dk.a(frame802154.o)
 .vfp11_veneer  0x0020af9c        0x0 contiki-cc2538dk.a(aes-ccm.o)
 .vfp11_veneer  0x0020af9c        0x0 /home/user/CodeSourcery/Sourcery_G++_Lite/bin/../lib/gcc/arm-none-eabi/4.3.2/thumb2/libgcc.a(_aeabi_uldivmod.o)
 .vfp11_veneer  0x0020af9c        0x0 /home/user/CodeSourcery/Sourcery_G++_Lite/bin/../lib/gcc/arm-none-eabi/4.3.2/thumb2/libgcc.a(bpabi.o)
 .vfp11_veneer  0x0020af9c        0x0 /home/user/CodeSourcery/Sourcery_G++_Lite/bin/../lib/gcc/arm-none-eabi/4.3.2/thumb2/libgcc.a(_dvmd_tls.o)
 .vfp11_veneer  0x0020af9c        0x0 /home/user/CodeSourcery/Sourcery_G++_Lite/bin/../lib/gcc/arm-none-eabi/4.3.2/thumb2/libgcc.a(_divdi3.o)
 .vfp11_veneer  0x0020af9c        0x0 /home/user/CodeSourcery/Sourcery_G++_Lite/bin/../lib/gcc/arm-none-eabi/4.3.2/thumb2/libgcc.a(_udivdi3.o)
 .vfp11_veneer  0x0020af9c        0x0 /home/user/CodeSourcery/Sourcery_G++_Lite/bin/../lib/gcc/arm-none-eabi/4.3.2/thumb2/libgcc.a(_udivsi3.o)
 .vfp11_veneer  0x0020af9c        0x0 /home/user/CodeSourcery/Sourcery_G++_Lite/bin/../lib/gcc/arm-none-eabi/4.3.2/thumb2/libgcc.a(_clz.o)
 .vfp11_veneer  0x0020af9c        0x0 /home/user/CodeSourcery/Sourcery_G++_Lite/bin/../lib/gcc/arm-none-eabi/4.3.2/../../../../arm-none-eabi/lib/thumb2/libc.a(lib_a-memcmp.o)
 .vfp11_veneer  0x0020af9c        0x0 /home/user/CodeSourcery/Sourcery_G++_Lite/bin/../lib/gcc/arm-none-eabi/4.3.2/../../../../arm-none-eabi/lib/thumb2/libc.a(lib_a-memcpy.o)
 .vfp11_veneer  0x0020af9c        0x0 /home/user/CodeSourcery/Sourcery_G++_Lite/bin/../lib/gcc/arm-none-eabi/4.3.2/../../../../arm-none-eabi/lib/thumb2/libc.a(lib_a-memmove.o)
 .vfp11_veneer  0x0020af9c        0x0 /home/user/CodeSourcery/Sourcery_G++_Lite/bin/../lib/gcc/arm-none-eabi/4.3.2/../../../../arm-none-eabi/lib/thumb2/libc.a(lib_a-memset.o)
 .vfp11_veneer  0x0020af9c        0x0 /home/user/CodeSourcery/Sourcery_G++_Lite/bin/../lib/gcc/arm-none-eabi/4.3.2/../../../../arm-none-eabi/lib/thumb2/libc.a(lib_a-strlen.o)
 .vfp11_veneer  0x0020af9c        0x0 /home/user/CodeSourcery/Sourcery_G++_Lite/bin/../lib/gcc/arm-none-eabi/4.3.2/../../../../arm-none-eabi/lib/thumb2/libc.a(lib_a-strncmp.o)

.janus_2cc_veneer
                0x0020af9c        0x0 load address 0x0020af99
 .janus_2cc_veneer
                0x0020af9c        0x0 obj_cc2538dk/startup-gcc.o
 .janus_2cc_veneer
                0x0020af9c        0x0 hello-world.co
 .janus_2cc_veneer
                0x0020af9c        0x0 contiki-cc2538dk.a(contiki-main.o)
 .janus_2cc_veneer
                0x0020af9c        0x0 contiki-cc2538dk.a(sensors.o)
 .janus_2cc_veneer
                0x0020af9c        0x0 contiki-cc2538dk.a(smartrf-sensors)
 .janus_2cc_veneer
                0x0020af9c        0x0 contiki-cc2538dk.a(button-sensor.o)
 .janus_2cc_veneer
                0x0020af9c        0x0 contiki-cc2538dk.a(als-sensor.o)
 .janus_2cc_veneer
                0x0020af9c        0x0 contiki-cc2538dk.a(clock.o)
 .janus_2cc_veneer
                0x0020af9c        0x0 contiki-cc2538dk.a(rtimer-arch.o)
 .janus_2cc_veneer
                0x0020af9c        0x0 contiki-cc2538dk.a(uart.o)
 .janus_2cc_veneer
                0x0020af9c        0x0 contiki-cc2538dk.a(watchdog.o)
 .janus_2cc_veneer
                0x0020af9c        0x0 contiki-cc2538dk.a(nvic.o)
 .janus_2cc_veneer
                0x0020af9c        0x0 contiki-cc2538dk.a(cpu.o)
 .janus_2cc_veneer
                0x0020af9c        0x0 contiki-cc2538dk.a(sys-ctrl.o)
 .janus_2cc_veneer
                0x0020af9c        0x0 contiki-cc2538dk.a(gpio.o)
 .janus_2cc_veneer
                0x0020af9c        0x0 contiki-cc2538dk.a(ioc.o)
 .janus_2cc_veneer
                0x0020af9c        0x0 contiki-cc2538dk.a(adc.o)
 .janus_2cc_veneer
                0x0020af9c        0x0 contiki-cc2538dk.a(crypto.o)
 .janus_2cc_veneer
                0x0020af9c        0x0 contiki-cc2538dk.a(cc2538-rf.o)
 .janus_2cc_veneer
                0x0020af9c        0x0 contiki-cc2538dk.a(udma.o)
 .janus_2cc_veneer
                0x0020af9c        0x0 contiki-cc2538dk.a(lpm.o)
 .janus_2cc_veneer
                0x0020af9c        0x0 contiki-cc2538dk.a(dbg.o)
 .janus_2cc_veneer
                0x0020af9c        0x0 contiki-cc2538dk.a(ieee-addr.o)
 .janus_2cc_veneer
                0x0020af9c        0x0 contiki-cc2538dk.a(cc2538-temp-sen)
 .janus_2cc_veneer
                0x0020af9c        0x0 contiki-cc2538dk.a(vdd3-sensor.o)
 .janus_2cc_veneer
                0x0020af9c        0x0 contiki-cc2538dk.a(dbg-printf.o)
 .janus_2cc_veneer
                0x0020af9c        0x0 contiki-cc2538dk.a(strformat.o)
 .janus_2cc_veneer
                0x0020af9c        0x0 contiki-cc2538dk.a(autostart.o)
 .janus_2cc_veneer
                0x0020af9c        0x0 contiki-cc2538dk.a(ctimer.o)
 .janus_2cc_veneer
                0x0020af9c        0x0 contiki-cc2538dk.a(energest.o)
 .janus_2cc_veneer
                0x0020af9c        0x0 contiki-cc2538dk.a(etimer.o)
 .janus_2cc_veneer
                0x0020af9c        0x0 contiki-cc2538dk.a(process.o)
 .janus_2cc_veneer
                0x0020af9c        0x0 contiki-cc2538dk.a(rtimer.o)
 .janus_2cc_veneer
                0x0020af9c        0x0 contiki-cc2538dk.a(timer.o)
 .janus_2cc_veneer
                0x0020af9c        0x0 contiki-cc2538dk.a(serial-line.o)
 .janus_2cc_veneer
                0x0020af9c        0x0 contiki-cc2538dk.a(list.o)
 .janus_2cc_veneer
                0x0020af9c        0x0 contiki-cc2538dk.a(random.o)
 .janus_2cc_veneer
                0x0020af9c        0x0 contiki-cc2538dk.a(ringbuf.o)
 .janus_2cc_veneer
                0x0020af9c        0x0 contiki-cc2538dk.a(sicslowpan.o)
 .janus_2cc_veneer
                0x0020af9c        0x0 contiki-cc2538dk.a(uip6.o)
 .janus_2cc_veneer
                0x0020af9c        0x0 contiki-cc2538dk.a(uip-ds6.o)
 .janus_2cc_veneer
                0x0020af9c        0x0 contiki-cc2538dk.a(uip-ds6-nbr.o)
 .janus_2cc_veneer
                0x0020af9c        0x0 contiki-cc2538dk.a(uip-ds6-route.o)
 .janus_2cc_veneer
                0x0020af9c        0x0 contiki-cc2538dk.a(uip-icmp6.o)
 .janus_2cc_veneer
                0x0020af9c        0x0 contiki-cc2538dk.a(uip-nd6.o)
 .janus_2cc_veneer
                0x0020af9c        0x0 contiki-cc2538dk.a(tcpip.o)
 .janus_2cc_veneer
                0x0020af9c        0x0 contiki-cc2538dk.a(uip-debug.o)
 .janus_2cc_veneer
                0x0020af9c        0x0 contiki-cc2538dk.a(linkaddr.o)
 .janus_2cc_veneer
                0x0020af9c        0x0 contiki-cc2538dk.a(nbr-table.o)
 .janus_2cc_veneer
                0x0020af9c        0x0 contiki-cc2538dk.a(netstack.o)
 .janus_2cc_veneer
                0x0020af9c        0x0 contiki-cc2538dk.a(packetbuf.o)
 .janus_2cc_veneer
                0x0020af9c        0x0 contiki-cc2538dk.a(queuebuf.o)
 .janus_2cc_veneer
                0x0020af9c        0x0 contiki-cc2538dk.a(contikimac.o)
 .janus_2cc_veneer
                0x0020af9c        0x0 contiki-cc2538dk.a(csma.o)
 .janus_2cc_veneer
                0x0020af9c        0x0 contiki-cc2538dk.a(framer-802154.o)
 .janus_2cc_veneer
                0x0020af9c        0x0 contiki-cc2538dk.a(framer.o)
 .janus_2cc_veneer
                0x0020af9c        0x0 contiki-cc2538dk.a(mac.o)
 .janus_2cc_veneer
                0x0020af9c        0x0 contiki-cc2538dk.a(mac-sequence.o)
 .janus_2cc_veneer
                0x0020af9c        0x0 contiki-cc2538dk.a(nullsec.o)
 .janus_2cc_veneer
                0x0020af9c        0x0 contiki-cc2538dk.a(netstack-aes.o)
 .janus_2cc_veneer
                0x0020af9c        0x0 contiki-cc2538dk.a(rpl.o)
 .janus_2cc_veneer
                0x0020af9c        0x0 contiki-cc2538dk.a(rpl-dag.o)
 .janus_2cc_veneer
                0x0020af9c        0x0 contiki-cc2538dk.a(rpl-icmp6.o)
 .janus_2cc_veneer
                0x0020af9c        0x0 contiki-cc2538dk.a(rpl-timers.o)
 .janus_2cc_veneer
                0x0020af9c        0x0 contiki-cc2538dk.a(rpl-mrhof.o)
 .janus_2cc_veneer
                0x0020af9c        0x0 contiki-cc2538dk.a(rpl-ext-header.)
 .janus_2cc_veneer
                0x0020af9c        0x0 contiki-cc2538dk.a(leds.o)
 .janus_2cc_veneer
                0x0020af9c        0x0 contiki-cc2538dk.a(leds-arch.o)
 .janus_2cc_veneer
                0x0020af9c        0x0 contiki-cc2538dk.a(oled-arch.o)
 .janus_2cc_veneer
                0x0020af9c        0x0 contiki-cc2538dk.a(oled.o)
 .janus_2cc_veneer
                0x0020af9c        0x0 contiki-cc2538dk.a(stimer.o)
 .janus_2cc_veneer
                0x0020af9c        0x0 contiki-cc2538dk.a(memb.o)
 .janus_2cc_veneer
                0x0020af9c        0x0 contiki-cc2538dk.a(frame802154.o)
 .janus_2cc_veneer
                0x0020af9c        0x0 contiki-cc2538dk.a(aes-ccm.o)
 .janus_2cc_veneer
                0x0020af9c        0x0 /home/user/CodeSourcery/Sourcery_G++_Lite/bin/../lib/gcc/arm-none-eabi/4.3.2/thumb2/libgcc.a(_aeabi_uldivmod.o)
 .janus_2cc_veneer
                0x0020af9c        0x0 /home/user/CodeSourcery/Sourcery_G++_Lite/bin/../lib/gcc/arm-none-eabi/4.3.2/thumb2/libgcc.a(bpabi.o)
 .janus_2cc_veneer
                0x0020af9c        0x0 /home/user/CodeSourcery/Sourcery_G++_Lite/bin/../lib/gcc/arm-none-eabi/4.3.2/thumb2/libgcc.a(_dvmd_tls.o)