Archive member included because of file (symbol)

contiki-cc2538dk.a(ds18b20.o)
                              ds18b20-example.co (ds18b20_read)
contiki-cc2538dk.a(leds.o)    ds18b20-example.co (leds_toggle)
contiki-cc2538dk.a(leds-arch.o)
                              contiki-cc2538dk.a(leds.o) (leds_arch_init)
contiki-cc2538dk.a(contiki-main.o)
                              obj_cc2538dk/startup-gcc.o (main)
contiki-cc2538dk.a(sensors.o)
                              contiki-cc2538dk.a(contiki-main.o) (sensors_process)
contiki-cc2538dk.a(smartrf-sensors)
                              contiki-cc2538dk.a(sensors.o) (sensors)
contiki-cc2538dk.a(button-sensor.o)
                              contiki-cc2538dk.a(contiki-main.o) (button_sensor_init)
contiki-cc2538dk.a(als-sensor.o)
                              contiki-cc2538dk.a(smartrf-sensors) (als_sensor)
contiki-cc2538dk.a(clock.o)   contiki-cc2538dk.a(contiki-main.o) (clock_init)
contiki-cc2538dk.a(rtimer-arch.o)
                              contiki-cc2538dk.a(clock.o) (rtimer_arch_now)
contiki-cc2538dk.a(uart.o)    contiki-cc2538dk.a(contiki-main.o) (uart_set_input)
contiki-cc2538dk.a(watchdog.o)
                              contiki-cc2538dk.a(contiki-main.o) (watchdog_init)
contiki-cc2538dk.a(nvic.o)    contiki-cc2538dk.a(contiki-main.o) (nvic_init)
contiki-cc2538dk.a(cpu.o)     contiki-cc2538dk.a(contiki-main.o) (cpu_cpsie)
contiki-cc2538dk.a(sys-ctrl.o)
                              contiki-cc2538dk.a(contiki-main.o) (sys_ctrl_init)
contiki-cc2538dk.a(gpio.o)    contiki-cc2538dk.a(button-sensor.o) (gpio_register_callback)
contiki-cc2538dk.a(ioc.o)     contiki-cc2538dk.a(contiki-main.o) (ioc_init)
contiki-cc2538dk.a(adc.o)     contiki-cc2538dk.a(contiki-main.o) (adc_init)
contiki-cc2538dk.a(crypto.o)  obj_cc2538dk/startup-gcc.o (crypto_isr)
contiki-cc2538dk.a(cc2538-rf.o)
                              obj_cc2538dk/startup-gcc.o (cc2538_rf_err_isr)
contiki-cc2538dk.a(udma.o)    contiki-cc2538dk.a(cc2538-rf.o) (udma_set_channel_src)
contiki-cc2538dk.a(lpm.o)     contiki-cc2538dk.a(uart.o) (lpm_register_peripheral)
contiki-cc2538dk.a(dbg.o)     ds18b20-example.co (puts)
contiki-cc2538dk.a(ieee-addr.o)
                              contiki-cc2538dk.a(contiki-main.o) (ieee_addr_cpy_to)
contiki-cc2538dk.a(cc2538-temp-sen)
                              contiki-cc2538dk.a(smartrf-sensors) (cc2538_temp_sensor)
contiki-cc2538dk.a(vdd3-sensor.o)
                              contiki-cc2538dk.a(smartrf-sensors) (vdd3_sensor)
contiki-cc2538dk.a(dbg-printf.o)
                              ds18b20-example.co (printf)
contiki-cc2538dk.a(strformat.o)
                              contiki-cc2538dk.a(dbg-printf.o) (format_str_v)
contiki-cc2538dk.a(autostart.o)
                              contiki-cc2538dk.a(contiki-main.o) (autostart_start)
contiki-cc2538dk.a(ctimer.o)  contiki-cc2538dk.a(contiki-main.o) (ctimer_init)
contiki-cc2538dk.a(energest.o)
                              contiki-cc2538dk.a(contiki-main.o) (energest_init)
contiki-cc2538dk.a(etimer.o)  contiki-cc2538dk.a(ctimer.o) (etimer_expired)
contiki-cc2538dk.a(process.o)
                              contiki-cc2538dk.a(sensors.o) (process_alloc_event)
contiki-cc2538dk.a(rtimer.o)  contiki-cc2538dk.a(rtimer-arch.o) (rtimer_run_next)
contiki-cc2538dk.a(timer.o)   contiki-cc2538dk.a(etimer.o) (timer_reset)
contiki-cc2538dk.a(serial-line.o)
                              contiki-cc2538dk.a(contiki-main.o) (serial_line_init)
contiki-cc2538dk.a(list.o)    contiki-cc2538dk.a(ctimer.o) (list_init)
contiki-cc2538dk.a(random.o)  contiki-cc2538dk.a(contiki-main.o) (random_init)
contiki-cc2538dk.a(ringbuf.o)
                              contiki-cc2538dk.a(serial-line.o) (ringbuf_init)
contiki-cc2538dk.a(sicslowpan.o)
                              contiki-cc2538dk.a(contiki-main.o) (sicslowpan_driver)
contiki-cc2538dk.a(uip6.o)    contiki-cc2538dk.a(sicslowpan.o) (uip_aligned_buf)
contiki-cc2538dk.a(uip-ds6.o)
                              contiki-cc2538dk.a(uip6.o) (uip_ds6_if)
contiki-cc2538dk.a(uip-ds6-nbr.o)
                              contiki-cc2538dk.a(sicslowpan.o) (uip_ds6_link_neighbor_callback)
contiki-cc2538dk.a(uip-ds6-route.o)
                              contiki-cc2538dk.a(uip-ds6-nbr.o) (uip_ds6_defrt_lookup)
contiki-cc2538dk.a(uip-icmp6.o)
                              contiki-cc2538dk.a(uip6.o) (uip_icmp6_input)
contiki-cc2538dk.a(uip-nd6.o)
                              contiki-cc2538dk.a(uip6.o) (uip_nd6_init)
contiki-cc2538dk.a(tcpip.o)   contiki-cc2538dk.a(sicslowpan.o) (tcpip_set_outputfunc)
contiki-cc2538dk.a(uip-debug.o)
                              contiki-cc2538dk.a(uip-ds6-route.o) (uip_debug_ipaddr_print)
contiki-cc2538dk.a(linkaddr.o)
                              contiki-cc2538dk.a(sicslowpan.o) (linkaddr_cmp)
contiki-cc2538dk.a(nbr-table.o)
                              contiki-cc2538dk.a(uip-ds6-nbr.o) (nbr_table_register)
contiki-cc2538dk.a(netstack.o)
[...]
Memory Configuration

Name             Origin             Length             Attributes
FLASH            0x00200000         0x0007ffd4         xr
FLASH_CCA        0x0027ffd4         0x0000002c         xr
SRAM             0x20000000         0x00008000         xrw
*default*        0x00000000         0xffffffff

Linker script and memory map

LOAD obj_cc2538dk/startup-gcc.o
LOAD ds18b20-example.co
LOAD contiki-cc2538dk.a
START GROUP
LOAD /home/user/CodeSourcery/Sourcery_G++_Lite/bin/../lib/gcc/arm-none-eabi/4.3.2/thumb2/libgcc.a
LOAD /home/user/CodeSourcery/Sourcery_G++_Lite/bin/../lib/gcc/arm-none-eabi/4.3.2/../../../../arm-none-eabi/lib/thumb2/libc.a
END GROUP

.text           0x00200000     0xb30b
                0x00200000                _text = .
 *(SORT(.vectors))
 .vectors       0x00200000      0x28c obj_cc2538dk/startup-gcc.o
                0x00200000                vectors
 *(SORT(.text*))
 .text.default_handler
                0x0020028c        0x4 obj_cc2538dk/startup-gcc.o
                0x0020028c                default_handler
                0x0020028c                usb_isr
 .text.reset_handler
                0x00200290       0x40 obj_cc2538dk/startup-gcc.o
                0x00200290                reset_handler
 .text.nmi_handler
                0x002002d0        0x8 obj_cc2538dk/startup-gcc.o
                0x002002d0                nmi_handler
 .text.process_thread_cc2538_demo_process
                0x002002d8       0xa8 ds18b20-example.co
 .text.Delay_nus
                0x00200380        0xc contiki-cc2538dk.a(ds18b20.o)
                0x00200380                Delay_nus
 .text.read_1820
                0x0020038c       0x74 contiki-cc2538dk.a(ds18b20.o)
                0x0020038c                read_1820
 .text.write_1820
                0x00200400       0x6c contiki-cc2538dk.a(ds18b20.o)
                0x00200400                write_1820
 .text.init_1820
                0x0020046c       0x98 contiki-cc2538dk.a(ds18b20.o)
                0x0020046c                init_1820
 .text.read_data
                0x00200504       0x7c contiki-cc2538dk.a(ds18b20.o)
                0x00200504                read_data
 .text.ds18b20_read
                0x00200580       0xac contiki-cc2538dk.a(ds18b20.o)
                0x00200580                ds18b20_read
 .text.show_leds
                0x0020062c       0x10 contiki-cc2538dk.a(leds.o)
 .text.leds_toggle
                0x0020063c       0x14 contiki-cc2538dk.a(leds.o)
                0x0020063c                leds_toggle
 .text.leds_off
                0x00200650       0x14 contiki-cc2538dk.a(leds.o)
                0x00200650                leds_off
 .text.leds_on  0x00200664       0x14 contiki-cc2538dk.a(leds.o)
                0x00200664                leds_on
 .text.leds_init
                0x00200678       0x14 contiki-cc2538dk.a(leds.o)
                0x00200678                leds_init
 .text.leds_arch_init
                0x0020068c       0x10 contiki-cc2538dk.a(leds-arch.o)
                0x0020068c                leds_arch_init
 .text.leds_arch_set
                0x0020069c        0xc contiki-cc2538dk.a(leds-arch.o)
                0x0020069c                leds_arch_set
 .text.fade     0x002006a8       0x54 contiki-cc2538dk.a(contiki-main.o)
 .text.main     0x002006fc      0x1d4 contiki-cc2538dk.a(contiki-main.o)
                0x002006fc                main
 .text.get_sensor_index
                0x002008d0       0x24 contiki-cc2538dk.a(sensors.o)
 .text.process_thread_sensors_process
                0x002008f4       0xdc contiki-cc2538dk.a(sensors.o)
 .text.sensors_changed
                0x002009d0       0x24 contiki-cc2538dk.a(sensors.o)
                0x002009d0                sensors_changed
 .text.config   0x002009f4       0x40 contiki-cc2538dk.a(button-sensor.o)
 .text.config_down
                0x00200a34       0x30 contiki-cc2538dk.a(button-sensor.o)
 .text.config_up
                0x00200a64       0x30 contiki-cc2538dk.a(button-sensor.o)
 .text.config_right
                0x00200a94       0x30 contiki-cc2538dk.a(button-sensor.o)
 .text.config_left
                0x00200ac4       0x30 contiki-cc2538dk.a(button-sensor.o)
 .text.config_select
                0x00200af4       0x30 contiki-cc2538dk.a(button-sensor.o)
 .text.button_sensor_init
                0x00200b24       0x10 contiki-cc2538dk.a(button-sensor.o)
                0x00200b24                button_sensor_init
 .text.btn_callback
                0x00200b34       0x60 contiki-cc2538dk.a(button-sensor.o)
 .text.status   0x00200b94        0x4 contiki-cc2538dk.a(als-sensor.o)
 .text.configure
                0x00200b98       0x54 contiki-cc2538dk.a(als-sensor.o)
 .text.value    0x00200bec       0x28 contiki-cc2538dk.a(als-sensor.o)
 .text.clock_init
                0x00200c14       0x50 contiki-cc2538dk.a(clock.o)
                0x00200c14                clock_init
 .text.clock_time
                0x00200c64       0x14 contiki-cc2538dk.a(clock.o)
                0x00200c64                clock_time
 .text.clock_seconds
                0x00200c78       0x14 contiki-cc2538dk.a(clock.o)
                0x00200c78                clock_seconds
 .text.clock_delay_usec
                0x00200c8c       0x24 contiki-cc2538dk.a(clock.o)
                0x00200c8c                clock_delay_usec
 .text.update_ticks
                0x00200cb0       0x4c contiki-cc2538dk.a(clock.o)
 .text.clock_isr
                0x00200cfc        0x8 contiki-cc2538dk.a(clock.o)
                0x00200cfc                clock_isr
 .text.clock_adjust
                0x00200d04       0x20 contiki-cc2538dk.a(clock.o)
                0x00200d04                clock_adjust
 .text.rtimer_arch_init
                0x00200d24        0x4 contiki-cc2538dk.a(rtimer-arch.o)
                0x00200d24                rtimer_arch_init
 .text.rtimer_arch_next_trigger
                0x00200d28        0xc contiki-cc2538dk.a(rtimer-arch.o)
                0x00200d28                rtimer_arch_next_trigger
 .text.rtimer_arch_now
                0x00200d34       0x24 contiki-cc2538dk.a(rtimer-arch.o)
                0x00200d34                rtimer_arch_now
 .text.rtimer_isr
                0x00200d58       0x24 contiki-cc2538dk.a(rtimer-arch.o)
                0x00200d58                rtimer_isr
 .text.rtimer_arch_schedule
                0x00200d7c       0x58 contiki-cc2538dk.a(rtimer-arch.o)
                0x00200d7c                rtimer_arch_schedule
 .text.permit_pm1
                0x00200dd4       0x30 contiki-cc2538dk.a(uart.o)
 .text.uart_set_input
                0x00200e04       0x10 contiki-cc2538dk.a(uart.o)
                0x00200e04                uart_set_input
 .text.uart_write_byte
                0x00200e14       0x20 contiki-cc2538dk.a(uart.o)
                0x00200e14                uart_write_byte
 .text.uart_isr
                0x00200e34       0x64 contiki-cc2538dk.a(uart.o)
 .text.uart0_isr
                0x00200e98        0xc contiki-cc2538dk.a(uart.o)
                0x00200e98                uart0_isr
 .text.uart1_isr
                0x00200ea4        0xc contiki-cc2538dk.a(uart.o)
                0x00200ea4                uart1_isr
 .text.uart_init
                0x00200eb0      0x194 contiki-cc2538dk.a(uart.o)
                0x00200eb0                uart_init
 .text.watchdog_init
                0x00201044        0xc contiki-cc2538dk.a(watchdog.o)
                0x00201044                watchdog_init
 .text.watchdog_start
                0x00201050        0xc contiki-cc2538dk.a(watchdog.o)
                0x00201050                watchdog_start
 .text.watchdog_periodic
                0x0020105c       0x10 contiki-cc2538dk.a(watchdog.o)
                0x0020105c                watchdog_periodic
 .text.nvic_init
                0x0020106c       0x3c contiki-cc2538dk.a(nvic.o)
                0x0020106c                nvic_init
 .text.nvic_interrupt_enable
                0x002010a8       0x18 contiki-cc2538dk.a(nvic.o)
                0x002010a8                nvic_interrupt_enable
 .text.nvic_interrupt_disable
                0x002010c0       0x18 contiki-cc2538dk.a(nvic.o)
                0x002010c0                nvic_interrupt_disable
 .text.nvic_interrupt_unpend
                0x002010d8       0x18 contiki-cc2538dk.a(nvic.o)
                0x002010d8                nvic_interrupt_unpend
 .text.cpu_cpsie
                0x002010f0        0x8 contiki-cc2538dk.a(cpu.o)
                0x002010f0                cpu_cpsie
 .text.cpu_cpsid
                0x002010f8        0x8 contiki-cc2538dk.a(cpu.o)
                0x002010f8                cpu_cpsid
 .text.sys_ctrl_init
                0x00201100       0x28 contiki-cc2538dk.a(sys-ctrl.o)
                0x00201100                sys_ctrl_init
 .text.gpio_register_callback
                0x00201128       0x10 contiki-cc2538dk.a(gpio.o)
                0x00201128                gpio_register_callback
 .text.notify   0x00201138       0x34 contiki-cc2538dk.a(gpio.o)
                0x00201138                notify
 .text.gpio_init
                0x0020116c       0x14 contiki-cc2538dk.a(gpio.o)
                0x0020116c                gpio_init
 .text.gpio_port_isr
                0x00201180       0x4c contiki-cc2538dk.a(gpio.o)
 .text.gpio_port_d_isr
                0x002011cc        0xc contiki-cc2538dk.a(gpio.o)
                0x002011cc                gpio_port_d_isr
 .text.gpio_port_c_isr
                0x002011d8        0xc contiki-cc2538dk.a(gpio.o)
                0x002011d8                gpio_port_c_isr
 .text.gpio_port_b_isr
                0x002011e4        0xc contiki-cc2538dk.a(gpio.o)
                0x002011e4                gpio_port_b_isr
 .text.gpio_port_a_isr
                0x002011f0        0xc contiki-cc2538dk.a(gpio.o)
                0x002011f0                gpio_port_a_isr
 .text.ioc_init
                0x002011fc       0x1c contiki-cc2538dk.a(ioc.o)
                0x002011fc                ioc_init
 .text.ioc_set_over
                0x00201218       0x14 contiki-cc2538dk.a(ioc.o)
                0x00201218                ioc_set_over
 .text.ioc_set_sel
                0x0020122c       0x14 contiki-cc2538dk.a(ioc.o)
                0x0020122c                ioc_set_sel
 .text.adc_init
                0x00201240       0x10 contiki-cc2538dk.a(adc.o)
                0x00201240                adc_init
 .text.adc_get  0x00201250       0x74 contiki-cc2538dk.a(adc.o)
                0x00201250                adc_get
 .text.crypto_isr
                0x002012c4       0x24 contiki-cc2538dk.a(crypto.o)
                0x002012c4                crypto_isr
 .text.set_frame_filtering
                0x002012e8       0x1c contiki-cc2538dk.a(cc2538-rf.o)
 .text.on       0x00201304       0x2c contiki-cc2538dk.a(cc2538-rf.o)
 .text.off      0x00201330       0x3c contiki-cc2538dk.a(cc2538-rf.o)
 .text.set_channel
                0x0020136c       0x4c contiki-cc2538dk.a(cc2538-rf.o)
 .text.channel_clear
                0x002013b8       0x3c contiki-cc2538dk.a(cc2538-rf.o)
 .text.receiving_packet
                0x002013f4       0x18 contiki-cc2538dk.a(cc2538-rf.o)
 .text.pending_packet
                0x0020140c       0x10 contiki-cc2538dk.a(cc2538-rf.o)
 .text.get_value
                0x0020141c      0x114 contiki-cc2538dk.a(cc2538-rf.o)
 .text.set_value
                0x00201530       0xe4 contiki-cc2538dk.a(cc2538-rf.o)
 .text.get_object
                0x00201614       0x2c contiki-cc2538dk.a(cc2538-rf.o)
 .text.set_object
                0x00201640       0x28 contiki-cc2538dk.a(cc2538-rf.o)
 .text.read     0x00201668       0xdc contiki-cc2538dk.a(cc2538-rf.o)
 .text.cc2538_rf_err_isr
                0x00201744       0x30 contiki-cc2538dk.a(cc2538-rf.o)
                0x00201744                cc2538_rf_err_isr
 .text.cc2538_rf_rx_tx_isr
                0x00201774       0x18 contiki-cc2538dk.a(cc2538-rf.o)
                0x00201774                cc2538_rf_rx_tx_isr
 .text.transmit
                0x0020178c       0x9c contiki-cc2538dk.a(cc2538-rf.o)
 .text.prepare  0x00201828       0x68 contiki-cc2538dk.a(cc2538-rf.o)
 .text.send     0x00201890       0x10 contiki-cc2538dk.a(cc2538-rf.o)
 .text.init     0x002018a0       0xd8 contiki-cc2538dk.a(cc2538-rf.o)
 .text.process_thread_cc2538_rf_process
                0x00201978       0x7c contiki-cc2538dk.a(cc2538-rf.o)
 .text.udma_set_channel_src
                0x002019f4       0x10 contiki-cc2538dk.a(udma.o)
                0x002019f4                udma_set_channel_src
 .text.udma_set_channel_dst
                0x00201a04       0x14 contiki-cc2538dk.a(udma.o)
                0x00201a04                udma_set_channel_dst
 .text.udma_set_channel_control_word
                0x00201a18       0x14 contiki-cc2538dk.a(udma.o)
                0x00201a18                udma_set_channel_control_word
 .text.udma_channel_enable
                0x00201a2c       0x18 contiki-cc2538dk.a(udma.o)
                0x00201a2c                udma_channel_enable
 .text.udma_channel_mask_set
                0x00201a44       0x18 contiki-cc2538dk.a(udma.o)
                0x00201a44                udma_channel_mask_set
 .text.udma_channel_sw_request
                0x00201a5c       0x18 contiki-cc2538dk.a(udma.o)
                0x00201a5c                udma_channel_sw_request
 .text.udma_channel_get_mode
                0x00201a74       0x1c contiki-cc2538dk.a(udma.o)
                0x00201a74                udma_channel_get_mode
 .text.udma_isr
                0x00201a90       0x10 contiki-cc2538dk.a(udma.o)
                0x00201a90                udma_isr
 .text.udma_err_isr
                0x00201aa0        0xc contiki-cc2538dk.a(udma.o)
                0x00201aa0                udma_err_isr
 .text.udma_init
                0x00201aac       0x30 contiki-cc2538dk.a(udma.o)
                0x00201aac                udma_init
 .text.enter_pm0
                0x00201adc        0x4 contiki-cc2538dk.a(lpm.o)
 .text.select_32_mhz_xosc
                0x00201ae0       0x34 contiki-cc2538dk.a(lpm.o)
 .text.lpm_register_peripheral
                0x00201b14       0x30 contiki-cc2538dk.a(lpm.o)
                0x00201b14                lpm_register_peripheral
 .text.lpm_init
                0x00201b44       0x24 contiki-cc2538dk.a(lpm.o)
                0x00201b44                lpm_init
 .text.lpm_enter
                0x00201b68       0xc8 contiki-cc2538dk.a(lpm.o)
                0x00201b68                lpm_enter
 .text.lpm_exit
                0x00201c30       0x38 contiki-cc2538dk.a(lpm.o)
                0x00201c30                lpm_exit
 .text.putchar  0x00201c68       0x10 contiki-cc2538dk.a(dbg.o)
                0x00201c68                putchar
 .text.puts     0x00201c78       0x24 contiki-cc2538dk.a(dbg.o)
                0x00201c78                puts
 .text.dbg_send_bytes
                0x00201c9c       0x24 contiki-cc2538dk.a(dbg.o)
                0x00201c9c                dbg_send_bytes
 .text.ieee_addr_cpy_to
                0x00201cc0       0x78 contiki-cc2538dk.a(ieee-addr.o)
                0x00201cc0                ieee_addr_cpy_to
 .text.configure
                0x00201d38        0x4 contiki-cc2538dk.a(cc2538-temp-sen)
 .text.status   0x00201d3c        0x4 contiki-cc2538dk.a(cc2538-temp-sen)
 .text.value    0x00201d40       0x3c contiki-cc2538dk.a(cc2538-temp-sen)
 .text.configure
                0x00201d7c        0x4 contiki-cc2538dk.a(vdd3-sensor.o)
 .text.status   0x00201d80        0x4 contiki-cc2538dk.a(vdd3-sensor.o)
 .text.value    0x00201d84       0x2c contiki-cc2538dk.a(vdd3-sensor.o)
 .text.printf   0x00201db0       0x20 contiki-cc2538dk.a(dbg-printf.o)
                0x00201db0                printf
 .text.write_str
                0x00201dd0       0x10 contiki-cc2538dk.a(dbg-printf.o)
 .text.parse_uint
                0x00201de0       0x24 contiki-cc2538dk.a(strformat.o)
 .text.output_uint_hex
                0x00201e04       0x48 contiki-cc2538dk.a(strformat.o)
 .text.fill_space
                0x00201e4c       0x38 contiki-cc2538dk.a(strformat.o)
 .text.format_str_v
                0x00201e84      0x6c8 contiki-cc2538dk.a(strformat.o)
                0x00201e84                format_str_v
 .text.autostart_start
                0x0020254c       0x18 contiki-cc2538dk.a(autostart.o)
                0x0020254c                autostart_start
 .text.process_thread_ctimer_process
                0x00202564       0x8c contiki-cc2538dk.a(ctimer.o)
 .text.ctimer_stop
                0x002025f0       0x28 contiki-cc2538dk.a(ctimer.o)
                0x002025f0                ctimer_stop
 .text.ctimer_set
                0x00202618       0x44 contiki-cc2538dk.a(ctimer.o)
                0x00202618                ctimer_set
 .text.ctimer_reset
                0x0020265c       0x34 contiki-cc2538dk.a(ctimer.o)
                0x0020265c                ctimer_reset
 .text.ctimer_init
                0x00202690       0x24 contiki-cc2538dk.a(ctimer.o)
                0x00202690                ctimer_init
 .text.energest_init
                0x002026b4        0x4 contiki-cc2538dk.a(energest.o)
                0x002026b4                energest_init
 .text.etimer_expired
                0x002026b8        0xc contiki-cc2538dk.a(etimer.o)
                0x002026b8                etimer_expired
 .text.etimer_expiration_time
                0x002026c4        0x8 contiki-cc2538dk.a(etimer.o)
                0x002026c4                etimer_expiration_time
 .text.etimer_pending
                0x002026cc       0x10 contiki-cc2538dk.a(etimer.o)
                0x002026cc                etimer_pending
 .text.update_time
                0x002026dc       0x44 contiki-cc2538dk.a(etimer.o)
 .text.etimer_stop
                0x00202720       0x34 contiki-cc2538dk.a(etimer.o)
                0x00202720                etimer_stop
 .text.etimer_request_poll
                0x00202754       0x10 contiki-cc2538dk.a(etimer.o)
                0x00202754                etimer_request_poll
 .text.process_thread_etimer_process
                0x00202764       0xa0 contiki-cc2538dk.a(etimer.o)
 .text.add_timer
                0x00202804       0x40 contiki-cc2538dk.a(etimer.o)
 .text.etimer_restart
                0x00202844       0x10 contiki-cc2538dk.a(etimer.o)
                0x00202844                etimer_restart
 .text.etimer_reset
                0x00202854       0x10 contiki-cc2538dk.a(etimer.o)
                0x00202854                etimer_reset
 .text.etimer_set
                0x00202864       0x10 contiki-cc2538dk.a(etimer.o)
                0x00202864                etimer_set
 .text.process_alloc_event
                0x00202874       0x10 contiki-cc2538dk.a(process.o)
                0x00202874                process_alloc_event
 .text.process_init
                0x00202884       0x30 contiki-cc2538dk.a(process.o)
                0x00202884                process_init
 .text.process_nevents
                0x002028b4       0x14 contiki-cc2538dk.a(process.o)
                0x002028b4                process_nevents
 .text.process_post
                0x002028c8       0x50 contiki-cc2538dk.a(process.o)
                0x002028c8                process_post
 .text.process_poll
                0x00202918       0x1c contiki-cc2538dk.a(process.o)
                0x00202918                process_poll
 .text.process_is_running
                0x00202934        0xc contiki-cc2538dk.a(process.o)
                0x00202934                process_is_running
 .text.exit_process
                0x00202940       0x8c contiki-cc2538dk.a(process.o)
 .text.call_process
                0x002029cc       0x40 contiki-cc2538dk.a(process.o)
 .text.process_post_synch
                0x00202a0c       0x14 contiki-cc2538dk.a(process.o)
                0x00202a0c                process_post_synch
 .text.process_start
                0x00202a20       0x30 contiki-cc2538dk.a(process.o)
                0x00202a20                process_start
 .text.do_poll  0x00202a50       0x34 contiki-cc2538dk.a(process.o)
 .text.process_run
                0x00202a84       0xb8 contiki-cc2538dk.a(process.o)
                0x00202a84                process_run
 .text.rtimer_run_next
                0x00202b3c       0x24 contiki-cc2538dk.a(rtimer.o)
                0x00202b3c                rtimer_run_next
 .text.rtimer_set
                0x00202b60       0x24 contiki-cc2538dk.a(rtimer.o)
                0x00202b60                rtimer_set
 .text.rtimer_init
                0x00202b84        0x8 contiki-cc2538dk.a(rtimer.o)
                0x00202b84                rtimer_init
 .text.timer_reset
                0x00202b8c        0xc contiki-cc2538dk.a(timer.o)
                0x00202b8c                timer_reset
 .text.timer_expired
                0x00202b98       0x1c contiki-cc2538dk.a(timer.o)
                0x00202b98                timer_expired
 .text.timer_restart
                0x00202bb4        0xc contiki-cc2538dk.a(timer.o)
                0x00202bb4                timer_restart
 .text.timer_set
                0x00202bc0       0x10 contiki-cc2538dk.a(timer.o)
                0x00202bc0                timer_set
 .text.process_thread_serial_line_process
                0x00202bd0       0xa8 contiki-cc2538dk.a(serial-line.o)
 .text.serial_line_init
                0x00202c78       0x24 contiki-cc2538dk.a(serial-line.o)
                0x00202c78                serial_line_init
 .text.serial_line_input_byte
                0x00202c9c       0x44 contiki-cc2538dk.a(serial-line.o)
                0x00202c9c                serial_line_input_byte
 .text.list_init
                0x00202ce0        0x8 contiki-cc2538dk.a(list.o)
                0x00202ce0                list_init
 .text.list_head
                0x00202ce8        0x4 contiki-cc2538dk.a(list.o)
                0x00202ce8                list_head
 .text.list_tail
                0x00202cec       0x10 contiki-cc2538dk.a(list.o)
                0x00202cec                list_tail
 .text.list_remove
                0x00202cfc       0x28 contiki-cc2538dk.a(list.o)
                0x00202cfc                list_remove
 .text.list_push
                0x00202d24       0x14 contiki-cc2538dk.a(list.o)
                0x00202d24                list_push
 .text.list_add
                0x00202d38       0x20 contiki-cc2538dk.a(list.o)
                0x00202d38                list_add
 .text.list_length
                0x00202d58       0x10 contiki-cc2538dk.a(list.o)
                0x00202d58                list_length
 .text.list_item_next
                0x00202d68        0x8 contiki-cc2538dk.a(list.o)
                0x00202d68                list_item_next
 .text.random_rand
                0x00202d70       0x24 contiki-cc2538dk.a(random.o)
                0x00202d70                random_rand
 .text.random_init
                0x00202d94       0x90 contiki-cc2538dk.a(random.o)
                0x00202d94                random_init
 .text.ringbuf_init
                0x00202e24       0x10 contiki-cc2538dk.a(ringbuf.o)
                0x00202e24                ringbuf_init
 .text.ringbuf_put
                0x00202e34       0x2c contiki-cc2538dk.a(ringbuf.o)
                0x00202e34                ringbuf_put
 .text.ringbuf_get
                0x00202e60       0x28 contiki-cc2538dk.a(ringbuf.o)
                0x00202e60                ringbuf_get
 .text.addr_context_lookup_by_number
                0x00202e88       0x18 contiki-cc2538dk.a(sicslowpan.o)
 .text.compress_addr_64
                0x00202ea0       0xa0 contiki-cc2538dk.a(sicslowpan.o)
 .text.uncompress_addr
                0x00202f40       0x74 contiki-cc2538dk.a(sicslowpan.o)
 .text.set_packet_attrs
                0x00202fb4       0x44 contiki-cc2538dk.a(sicslowpan.o)
 .text.input    0x00202ff8      0x620 contiki-cc2538dk.a(sicslowpan.o)
 .text.sicslowpan_init
                0x00203618       0x24 contiki-cc2538dk.a(sicslowpan.o)
                0x00203618                sicslowpan_init
 .text.addr_context_lookup_by_prefix
                0x0020363c       0x24 contiki-cc2538dk.a(sicslowpan.o)
 .text.send_packet
                0x00203660       0x24 contiki-cc2538dk.a(sicslowpan.o)
 .text.output   0x00203684      0x6d4 contiki-cc2538dk.a(sicslowpan.o)
 .text.packet_sent
                0x00203d58       0x28 contiki-cc2538dk.a(sicslowpan.o)
 .text.uip_add32
                0x00203d80       0x60 contiki-cc2538dk.a(uip6.o)
                0x00203d80                uip_add32
 .text.chksum   0x00203de0       0x38 contiki-cc2538dk.a(uip6.o)
 .text.uip_unlisten
                0x00203e18       0x3c contiki-cc2538dk.a(uip6.o)
                0x00203e18                uip_unlisten
 .text.uip_add_rcv_nxt
                0x00203e54       0x34 contiki-cc2538dk.a(uip6.o)
 .text.uip_htons
                0x00203e88        0xc contiki-cc2538dk.a(uip6.o)
                0x00203e88                uip_htons
 .text.upper_layer_chksum
                0x00203e94       0x50 contiki-cc2538dk.a(uip6.o)
 .text.uip_udpchksum
                0x00203ee4        0xc contiki-cc2538dk.a(uip6.o)
                0x00203ee4                uip_udpchksum
 .text.uip_tcpchksum
                0x00203ef0        0xc contiki-cc2538dk.a(uip6.o)
                0x00203ef0                uip_tcpchksum
 .text.uip_icmp6chksum
                0x00203efc        0xc contiki-cc2538dk.a(uip6.o)
                0x00203efc                uip_icmp6chksum
 .text.uip_htonl
                0x00203f08       0x18 contiki-cc2538dk.a(uip6.o)
                0x00203f08                uip_htonl
 .text.ext_hdr_options_process
                0x00203f20       0xb8 contiki-cc2538dk.a(uip6.o)
 .text.remove_ext_hdr
                0x00203fd8       0x58 contiki-cc2538dk.a(uip6.o)
                0x00203fd8                remove_ext_hdr
 .text.uip_process
                0x00204030      0xe5c contiki-cc2538dk.a(uip6.o)
                0x00204030                uip_process
 .text.uip_init
                0x00204e8c       0x78 contiki-cc2538dk.a(uip6.o)
                0x00204e8c                uip_init
 .text.uip_ds6_get_link_local
                0x00204f04       0x44 contiki-cc2538dk.a(uip-ds6.o)
                0x00204f04                uip_ds6_get_link_local
 .text.uip_ds6_maddr_rm
                0x00204f48        0x8 contiki-cc2538dk.a(uip-ds6.o)
                0x00204f48                uip_ds6_maddr_rm
 .text.get_match_length
                0x00204f50       0x44 contiki-cc2538dk.a(uip-ds6.o)
                0x00204f50                get_match_length
 .text.uip_ds6_select_src
                0x00204f94       0x98 contiki-cc2538dk.a(uip-ds6.o)
                0x00204f94                uip_ds6_select_src
 .text.uip_ds6_compute_reachable_time
                0x0020502c       0x28 contiki-cc2538dk.a(uip-ds6.o)
                0x0020502c                uip_ds6_compute_reachable_time
 .text.uip_ds6_set_addr_iid
                0x00205054       0x18 contiki-cc2538dk.a(uip-ds6.o)
                0x00205054                uip_ds6_set_addr_iid
 .text.uip_ds6_is_addr_onlink
                0x0020506c       0x40 contiki-cc2538dk.a(uip-ds6.o)
                0x0020506c                uip_ds6_is_addr_onlink
 .text.uip_ds6_list_loop
                0x002050ac       0x48 contiki-cc2538dk.a(uip-ds6.o)
                0x002050ac                uip_ds6_list_loop
 .text.uip_ds6_maddr_lookup
                0x002050f4       0x28 contiki-cc2538dk.a(uip-ds6.o)
                0x002050f4                uip_ds6_maddr_lookup
 .text.uip_ds6_addr_rm
                0x0020511c       0x48 contiki-cc2538dk.a(uip-ds6.o)
                0x0020511c                uip_ds6_addr_rm
 .text.uip_ds6_maddr_add
                0x00205164       0x3c contiki-cc2538dk.a(uip-ds6.o)
                0x00205164                uip_ds6_maddr_add
 .text.uip_ds6_addr_lookup
                0x002051a0       0x28 contiki-cc2538dk.a(uip-ds6.o)
                0x002051a0                uip_ds6_addr_lookup
 .text.uip_ds6_addr_add
                0x002051c8       0x98 contiki-cc2538dk.a(uip-ds6.o)
                0x002051c8                uip_ds6_addr_add
 .text.uip_ds6_prefix_add
                0x00205260       0x60 contiki-cc2538dk.a(uip-ds6.o)
                0x00205260                uip_ds6_prefix_add
 .text.uip_ds6_periodic
                0x002052c0       0x54 contiki-cc2538dk.a(uip-ds6.o)
                0x002052c0                uip_ds6_periodic
 .text.uip_ds6_init
                0x00205314       0xdc contiki-cc2538dk.a(uip-ds6.o)
                0x00205314                uip_ds6_init
 .text.uip_ds6_link_neighbor_callback
                0x002053f0       0x28 contiki-cc2538dk.a(uip-ds6-nbr.o)
                0x002053f0                uip_ds6_link_neighbor_callback
 .text.uip_ds6_nbr_ll_lookup
                0x00205418       0x14 contiki-cc2538dk.a(uip-ds6-nbr.o)
                0x00205418                uip_ds6_nbr_ll_lookup
 .text.uip_ds6_nbr_ipaddr_from_lladdr
                0x0020542c        0x8 contiki-cc2538dk.a(uip-ds6-nbr.o)
                0x0020542c                uip_ds6_nbr_ipaddr_from_lladdr
 .text.uip_ds6_nbr_lookup
                0x00205434       0x38 contiki-cc2538dk.a(uip-ds6-nbr.o)
                0x00205434                uip_ds6_nbr_lookup
 .text.uip_ds6_nbr_get_ll
                0x0020546c       0x14 contiki-cc2538dk.a(uip-ds6-nbr.o)
                0x0020546c                uip_ds6_nbr_get_ll
 .text.uip_ds6_nbr_lladdr_from_ipaddr
                0x00205480       0x10 contiki-cc2538dk.a(uip-ds6-nbr.o)
                0x00205480                uip_ds6_nbr_lladdr_from_ipaddr
 .text.uip_ds6_nbr_rm
                0x00205490       0x1c contiki-cc2538dk.a(uip-ds6-nbr.o)
                0x00205490                uip_ds6_nbr_rm
 .text.uip_ds6_neighbor_periodic
                0x002054ac      0x110 contiki-cc2538dk.a(uip-ds6-nbr.o)
                0x002054ac                uip_ds6_neighbor_periodic
 .text.uip_ds6_nbr_add
                0x002055bc       0x50 contiki-cc2538dk.a(uip-ds6-nbr.o)
                0x002055bc                uip_ds6_nbr_add
 .text.uip_ds6_neighbors_init
                0x0020560c       0x18 contiki-cc2538dk.a(uip-ds6-nbr.o)
                0x0020560c                uip_ds6_neighbors_init
 .text.uip_ds6_route_head
                0x00205624       0x10 contiki-cc2538dk.a(uip-ds6-route.o)
                0x00205624                uip_ds6_route_head
 .text.uip_ds6_route_next
                0x00205634        0xc contiki-cc2538dk.a(uip-ds6-route.o)
                0x00205634                uip_ds6_route_next
 .text.uip_ds6_defrt_choose
                0x00205640       0x34 contiki-cc2538dk.a(uip-ds6-route.o)
                0x00205640                uip_ds6_defrt_choose
 .text.uip_ds6_defrt_lookup
                0x00205674       0x2c contiki-cc2538dk.a(uip-ds6-route.o)
                0x00205674                uip_ds6_defrt_lookup
 .text.call_route_callback
                0x002056a0       0x4c contiki-cc2538dk.a(uip-ds6-route.o)
 .text.uip_ds6_defrt_rm
                0x002056ec       0x44 contiki-cc2538dk.a(uip-ds6-route.o)
                0x002056ec                uip_ds6_defrt_rm
 .text.uip_ds6_defrt_periodic
                0x00205730       0x34 contiki-cc2538dk.a(uip-ds6-route.o)
                0x00205730                uip_ds6_defrt_periodic
 .text.uip_ds6_route_lookup
                0x00205764       0x6c contiki-cc2538dk.a(uip-ds6-route.o)
                0x00205764                uip_ds6_route_lookup
 .text.uip_ds6_defrt_add
                0x002057d0       0x54 contiki-cc2538dk.a(uip-ds6-route.o)
                0x002057d0                uip_ds6_defrt_add
 .text.uip_ds6_route_nexthop
                0x00205824       0x1c contiki-cc2538dk.a(uip-ds6-route.o)
                0x00205824                uip_ds6_route_nexthop
 .text.uip_ds6_route_rm
                0x00205840       0x98 contiki-cc2538dk.a(uip-ds6-route.o)
                0x00205840                uip_ds6_route_rm
 .text.rm_routelist
                0x002058d8       0x2c contiki-cc2538dk.a(uip-ds6-route.o)
 .text.rm_routelist_callback
                0x00205904        0x8 contiki-cc2538dk.a(uip-ds6-route.o)
 .text.uip_ds6_route_add
                0x0020590c       0xf4 contiki-cc2538dk.a(uip-ds6-route.o)
                0x0020590c                uip_ds6_route_add
 .text.uip_ds6_route_init
                0x00205a00       0x48 contiki-cc2538dk.a(uip-ds6-route.o)
                0x00205a00                uip_ds6_route_init
 .text.echo_reply_input
                0x00205a48       0xe8 contiki-cc2538dk.a(uip-icmp6.o)
 .text.uip_icmp6_input
                0x00205b30       0x3c contiki-cc2538dk.a(uip-icmp6.o)
                0x00205b30                uip_icmp6_input
 .text.echo_request_input
                0x00205b6c      0x108 contiki-cc2538dk.a(uip-icmp6.o)
 .text.uip_icmp6_register_input_handler
                0x00205c74       0x10 contiki-cc2538dk.a(uip-icmp6.o)
                0x00205c74                uip_icmp6_register_input_handler
 .text.uip_icmp6_init
                0x00205c84       0x18 contiki-cc2538dk.a(uip-icmp6.o)
                0x00205c84                uip_icmp6_init
 .text.uip_icmp6_send
                0x00205c9c       0x80 contiki-cc2538dk.a(uip-icmp6.o)
                0x00205c9c                uip_icmp6_send
 .text.uip_icmp6_error_output
                0x00205d1c      0x148 contiki-cc2538dk.a(uip-icmp6.o)
                0x00205d1c                uip_icmp6_error_output
 .text.uip_nd6_init
                0x00205e64       0x18 contiki-cc2538dk.a(uip-nd6.o)
                0x00205e64                uip_nd6_init
 .text.na_input
                0x00205e7c      0x1cc contiki-cc2538dk.a(uip-nd6.o)
 .text.create_llao
                0x00206048       0x28 contiki-cc2538dk.a(uip-nd6.o)
 .text.ns_input
                0x00206070      0x228 contiki-cc2538dk.a(uip-nd6.o)
 .text.uip_nd6_ns_output
                0x00206298      0x12c contiki-cc2538dk.a(uip-nd6.o)
                0x00206298                uip_nd6_ns_output
 .text.tcpip_output
                0x002063c4       0x14 contiki-cc2538dk.a(tcpip.o)
                0x002063c4                tcpip_output
 .text.tcpip_set_outputfunc
                0x002063d8        0xc contiki-cc2538dk.a(tcpip.o)
                0x002063d8                tcpip_set_outputfunc
 .text.start_periodic_tcp_timer
                0x002063e4       0x18 contiki-cc2538dk.a(tcpip.o)
 .text.tcpip_uipcall
                0x002063fc       0x84 contiki-cc2538dk.a(tcpip.o)
                0x002063fc                tcpip_uipcall
 .text.tcpip_input
                0x00206480       0x24 contiki-cc2538dk.a(tcpip.o)
                0x00206480                tcpip_input
 .text.tcpip_icmp6_call
                0x002064a4       0x24 contiki-cc2538dk.a(tcpip.o)
                0x002064a4                tcpip_icmp6_call
 .text.tcpip_ipv6_output
                0x002064c8      0x138 contiki-cc2538dk.a(tcpip.o)
                0x002064c8                tcpip_ipv6_output
 .text.process_thread_tcpip_process
                0x00206600      0x1f8 contiki-cc2538dk.a(tcpip.o)
 .text.uip_debug_ipaddr_print
                0x002067f8       0x64 contiki-cc2538dk.a(uip-debug.o)
                0x002067f8                uip_debug_ipaddr_print
 .text.linkaddr_cmp
                0x0020685c       0x14 contiki-cc2538dk.a(linkaddr.o)
                0x0020685c                linkaddr_cmp
 .text.linkaddr_copy
                0x00206870        0xc contiki-cc2538dk.a(linkaddr.o)
                0x00206870                linkaddr_copy
 .text.item_from_index
                0x0020687c       0x18 contiki-cc2538dk.a(nbr-table.o)
 .text.index_from_key
                0x00206894       0x20 contiki-cc2538dk.a(nbr-table.o)
 .text.index_from_item
                0x002068b4       0x18 contiki-cc2538dk.a(nbr-table.o)
 .text.item_from_key
                0x002068cc       0x14 contiki-cc2538dk.a(nbr-table.o)
 .text.key_from_item
                0x002068e0       0x20 contiki-cc2538dk.a(nbr-table.o)
 .text.nbr_get_bit
                0x00206900       0x28 contiki-cc2538dk.a(nbr-table.o)
 .text.nbr_set_bit
                0x00206928       0x40 contiki-cc2538dk.a(nbr-table.o)
 .text.nbr_table_register
                0x00206968       0x28 contiki-cc2538dk.a(nbr-table.o)
                0x00206968                nbr_table_register
 .text.nbr_table_remove
                0x00206990       0x2c contiki-cc2538dk.a(nbr-table.o)
                0x00206990                nbr_table_remove
 .text.nbr_table_lock
                0x002069bc       0x18 contiki-cc2538dk.a(nbr-table.o)
                0x002069bc                nbr_table_lock
 .text.nbr_table_unlock
                0x002069d4       0x18 contiki-cc2538dk.a(nbr-table.o)
                0x002069d4                nbr_table_unlock
 .text.nbr_table_get_lladdr
                0x002069ec       0x10 contiki-cc2538dk.a(nbr-table.o)
                0x002069ec                nbr_table_get_lladdr
 .text.index_from_lladdr
                0x002069fc       0x40 contiki-cc2538dk.a(nbr-table.o)
 .text.nbr_table_get_from_lladdr
                0x00206a3c       0x2c contiki-cc2538dk.a(nbr-table.o)
                0x00206a3c                nbr_table_get_from_lladdr
 .text.nbr_table_next
                0x00206a68       0x34 contiki-cc2538dk.a(nbr-table.o)
                0x00206a68                nbr_table_next
 .text.nbr_table_head
                0x00206a9c       0x38 contiki-cc2538dk.a(nbr-table.o)
                0x00206a9c                nbr_table_head
 .text.nbr_table_add_lladdr
                0x00206ad4      0x11c contiki-cc2538dk.a(nbr-table.o)
                0x00206ad4                nbr_table_add_lladdr
 .text.netstack_init
                0x00206bf0       0x2c contiki-cc2538dk.a(netstack.o)
                0x00206bf0                netstack_init
 .text.packetbuf_compact
                0x00206c1c       0x44 contiki-cc2538dk.a(packetbuf.o)
                0x00206c1c                packetbuf_compact
 .text.packetbuf_hdrreduce
                0x00206c60       0x2c contiki-cc2538dk.a(packetbuf.o)
                0x00206c60                packetbuf_hdrreduce
 .text.packetbuf_set_datalen
                0x00206c8c        0xc contiki-cc2538dk.a(packetbuf.o)
                0x00206c8c                packetbuf_set_datalen
 .text.packetbuf_dataptr
                0x00206c98       0x18 contiki-cc2538dk.a(packetbuf.o)
                0x00206c98                packetbuf_dataptr
 .text.packetbuf_hdrptr
                0x00206cb0       0x14 contiki-cc2538dk.a(packetbuf.o)
                0x00206cb0                packetbuf_hdrptr
 .text.packetbuf_datalen
                0x00206cc4        0xc contiki-cc2538dk.a(packetbuf.o)
                0x00206cc4                packetbuf_datalen
 .text.packetbuf_hdrlen
                0x00206cd0       0x1c contiki-cc2538dk.a(packetbuf.o)
                0x00206cd0                packetbuf_hdrlen
 .text.packetbuf_totlen
                0x00206cec       0x14 contiki-cc2538dk.a(packetbuf.o)
                0x00206cec                packetbuf_totlen
 .text.packetbuf_hdralloc
                0x00206d00       0x28 contiki-cc2538dk.a(packetbuf.o)
                0x00206d00                packetbuf_hdralloc
 .text.packetbuf_set_attr
                0x00206d28       0x10 contiki-cc2538dk.a(packetbuf.o)
                0x00206d28                packetbuf_set_attr
 .text.packetbuf_attr
                0x00206d38        0xc contiki-cc2538dk.a(packetbuf.o)
                0x00206d38                packetbuf_attr
 .text.packetbuf_addr
                0x00206d44       0x10 contiki-cc2538dk.a(packetbuf.o)
                0x00206d44                packetbuf_addr
 .text.packetbuf_holds_broadcast
                0x00206d54       0x14 contiki-cc2538dk.a(packetbuf.o)
                0x00206d54                packetbuf_holds_broadcast
 .text.packetbuf_set_addr
                0x00206d68       0x18 contiki-cc2538dk.a(packetbuf.o)
                0x00206d68                packetbuf_set_addr
 .text.packetbuf_attr_clear
                0x00206d80       0x34 contiki-cc2538dk.a(packetbuf.o)
                0x00206d80                packetbuf_attr_clear
 .text.packetbuf_clear
                0x00206db4       0x38 contiki-cc2538dk.a(packetbuf.o)
                0x00206db4                packetbuf_clear
 .text.packetbuf_attr_copyfrom
                0x00206dec       0x24 contiki-cc2538dk.a(packetbuf.o)
                0x00206dec                packetbuf_attr_copyfrom
 .text.packetbuf_attr_copyto
                0x00206e10       0x20 contiki-cc2538dk.a(packetbuf.o)
                0x00206e10                packetbuf_attr_copyto
 .text.packetbuf_copyto
                0x00206e30       0x5c contiki-cc2538dk.a(packetbuf.o)
                0x00206e30                packetbuf_copyto
 .text.packetbuf_copyfrom
                0x00206e8c       0x2c contiki-cc2538dk.a(packetbuf.o)
                0x00206e8c                packetbuf_copyfrom
 .text.queuebuf_attr
                0x00206eb8        0xc contiki-cc2538dk.a(queuebuf.o)
                0x00206eb8                queuebuf_attr
 .text.queuebuf_to_packetbuf
                0x00206ec4       0x2c contiki-cc2538dk.a(queuebuf.o)
                0x00206ec4                queuebuf_to_packetbuf
 .text.queuebuf_free
                0x00206ef0       0x28 contiki-cc2538dk.a(queuebuf.o)
                0x00206ef0                queuebuf_free
 .text.queuebuf_update_attr_from_packetbuf
                0x00206f18       0x10 contiki-cc2538dk.a(queuebuf.o)
                0x00206f18                queuebuf_update_attr_from_packetbuf
 .text.queuebuf_update_from_packetbuf
                0x00206f28       0x1c contiki-cc2538dk.a(queuebuf.o)
                0x00206f28                queuebuf_update_from_packetbuf
 .text.queuebuf_new_from_packetbuf
                0x00206f44       0x44 contiki-cc2538dk.a(queuebuf.o)
                0x00206f44                queuebuf_new_from_packetbuf
 .text.queuebuf_numfree
                0x00206f88       0x10 contiki-cc2538dk.a(queuebuf.o)
                0x00206f88                queuebuf_numfree
 .text.queuebuf_init
                0x00206f98       0x18 contiki-cc2538dk.a(queuebuf.o)
                0x00206f98                queuebuf_init
 .text.on       0x00206fb0       0x28 contiki-cc2538dk.a(contikimac.o)
 .text.off      0x00206fd8       0x30 contiki-cc2538dk.a(contikimac.o)
 .text.powercycle_turn_radio_off
                0x00207008       0x1c contiki-cc2538dk.a(contikimac.o)
 .text.recv_burst_off
                0x00207024       0x14 contiki-cc2538dk.a(contikimac.o)
 .text.turn_off
                0x00207038       0x34 contiki-cc2538dk.a(contikimac.o)
 .text.duty_cycle
                0x0020706c        0x4 contiki-cc2538dk.a(contikimac.o)
 .text.turn_on  0x00207070       0x3c contiki-cc2538dk.a(contikimac.o)
 .text.schedule_powercycle_fixed
                0x002070ac       0x38 contiki-cc2538dk.a(contikimac.o)
 .text.powercycle
                0x002070e4      0x1f8 contiki-cc2538dk.a(contikimac.o)
 .text.init     0x002072dc       0x3c contiki-cc2538dk.a(contikimac.o)
 .text.input_packet
                0x00207318       0x98 contiki-cc2538dk.a(contikimac.o)
 .text.send_packet
                0x002073b0      0x1d4 contiki-cc2538dk.a(contikimac.o)
 .text.qsend_list
                0x00207584       0xc8 contiki-cc2538dk.a(contikimac.o)
 .text.qsend_packet
                0x0020764c       0x20 contiki-cc2538dk.a(contikimac.o)
 .text.default_timebase
                0x0020766c       0x14 contiki-cc2538dk.a(csma.o)
 .text.input_packet
                0x00207680       0x10 contiki-cc2538dk.a(csma.o)
 .text.on       0x00207690       0x10 contiki-cc2538dk.a(csma.o)
 .text.off      0x002076a0       0x10 contiki-cc2538dk.a(csma.o)
 .text.channel_check_interval
                0x002076b0       0x10 contiki-cc2538dk.a(csma.o)
 .text.transmit_packet_list
                0x002076c0       0x24 contiki-cc2538dk.a(csma.o)
 .text.send_packet
                0x002076e4      0x154 contiki-cc2538dk.a(csma.o)
 .text.free_packet
                0x00207838       0x7c contiki-cc2538dk.a(csma.o)
 .text.packet_sent
                0x002078b4       0xdc contiki-cc2538dk.a(csma.o)
 .text.init     0x00207990       0x24 contiki-cc2538dk.a(csma.o)
 .text.parse    0x002079b4       0x90 contiki-cc2538dk.a(framer-802154.o)
 .text.create_frame
                0x00207a44      0x118 contiki-cc2538dk.a(framer-802154.o)
 .text.create   0x00207b5c        0xc contiki-cc2538dk.a(framer-802154.o)
 .text.hdr_length
                0x00207b68        0xc contiki-cc2538dk.a(framer-802154.o)
 .text.framer_canonical_create_and_secure
                0x00207b74       0x2c contiki-cc2538dk.a(framer.o)
                0x00207b74                framer_canonical_create_and_secure
 .text.mac_call_sent_callback
                0x00207ba0       0x10 contiki-cc2538dk.a(mac.o)
                0x00207ba0                mac_call_sent_callback
 .text.mac_sequence_is_duplicate
                0x00207bb0       0x38 contiki-cc2538dk.a(mac-sequence.o)
                0x00207bb0                mac_sequence_is_duplicate
 .text.mac_sequence_register_seqno
                0x00207be8       0x64 contiki-cc2538dk.a(mac-sequence.o)
                0x00207be8                mac_sequence_register_seqno
 .text.bootstrap
                0x00207c4c        0x8 contiki-cc2538dk.a(nullsec.o)
 .text.on_frame_created
                0x00207c54        0x4 contiki-cc2538dk.a(nullsec.o)
 .text.input    0x00207c58       0x10 contiki-cc2538dk.a(nullsec.o)
 .text.get_overhead
                0x00207c68        0x4 contiki-cc2538dk.a(nullsec.o)
 .text.send     0x00207c6c       0x20 contiki-cc2538dk.a(nullsec.o)
 .text.netstack_aes_set_key
                0x00207c8c       0x1c contiki-cc2538dk.a(netstack-aes.o)
                0x00207c8c                netstack_aes_set_key
 .text.rpl_get_mode
                0x00207ca8        0xc contiki-cc2538dk.a(rpl.o)
                0x00207ca8                rpl_get_mode
 .text.rpl_init
                0x00207cb4       0x54 contiki-cc2538dk.a(rpl.o)
                0x00207cb4                rpl_init
 .text.rpl_ipv6_neighbor_callback
                0x00207d08       0x3c contiki-cc2538dk.a(rpl.o)
                0x00207d08                rpl_ipv6_neighbor_callback
 .text.rpl_link_neighbor_callback
                0x00207d44       0x80 contiki-cc2538dk.a(rpl.o)
                0x00207d44                rpl_link_neighbor_callback
 .text.rpl_add_route
                0x00207dc4       0x2c contiki-cc2538dk.a(rpl.o)
                0x00207dc4                rpl_add_route
 .text.rpl_remove_routes_by_nexthop
                0x00207df0       0x38 contiki-cc2538dk.a(rpl.o)
                0x00207df0                rpl_remove_routes_by_nexthop
 .text.rpl_remove_routes
                0x00207e28       0x20 contiki-cc2538dk.a(rpl.o)
                0x00207e28                rpl_remove_routes
 .text.rpl_purge_routes
                0x00207e48       0x68 contiki-cc2538dk.a(rpl.o)
                0x00207e48                rpl_purge_routes
 .text.lollipop_greater_than
                0x00207eb0       0x3c contiki-cc2538dk.a(rpl-dag.o)
 .text.acceptable_rank
                0x00207eec       0x34 contiki-cc2538dk.a(rpl-dag.o)
 .text.rpl_get_any_dag
                0x00207f20       0x18 contiki-cc2538dk.a(rpl-dag.o)
                0x00207f20                rpl_get_any_dag
 .text.rpl_get_instance
                0x00207f38       0x1c contiki-cc2538dk.a(rpl-dag.o)
                0x00207f38                rpl_get_instance
 .text.rpl_find_of
                0x00207f54       0x14 contiki-cc2538dk.a(rpl-dag.o)
                0x00207f54                rpl_find_of
 .text.rpl_lock_parent
                0x00207f68       0x14 contiki-cc2538dk.a(rpl-dag.o)
                0x00207f68                rpl_lock_parent
 .text.rpl_repair_root
                0x00207f7c       0x4c contiki-cc2538dk.a(rpl-dag.o)
                0x00207f7c                rpl_repair_root
 .text.find_parent_any_dag_any_instance
                0x00207fc8       0x1c contiki-cc2538dk.a(rpl-dag.o)
 .text.find_parent_dag
                0x00207fe4       0x10 contiki-cc2538dk.a(rpl-dag.o)
 .text.rpl_find_parent_any_dag
                0x00207ff4       0x20 contiki-cc2538dk.a(rpl-dag.o)
                0x00207ff4                rpl_find_parent_any_dag
 .text.rpl_find_parent
                0x00208014       0x1c contiki-cc2538dk.a(rpl-dag.o)
                0x00208014                rpl_find_parent
 .text.rpl_get_parent
                0x00208030       0x14 contiki-cc2538dk.a(rpl-dag.o)
                0x00208030                rpl_get_parent
 .text.rpl_set_preferred_parent
                0x00208044       0x28 contiki-cc2538dk.a(rpl-dag.o)
 .text.rpl_select_parent
                0x0020806c       0x70 contiki-cc2538dk.a(rpl-dag.o)
                0x0020806c                rpl_select_parent
 .text.set_ip_from_prefix
                0x002080dc       0x2c contiki-cc2538dk.a(rpl-dag.o)
 .text.check_prefix
                0x00208108       0x58 contiki-cc2538dk.a(rpl-dag.o)
 .text.rpl_set_prefix
                0x00208160       0x70 contiki-cc2538dk.a(rpl-dag.o)
                0x00208160                rpl_set_prefix
 .text.rpl_set_default_route
                0x002081d0       0x48 contiki-cc2538dk.a(rpl-dag.o)
                0x002081d0                rpl_set_default_route
 .text.rpl_nullify_parent
                0x00208218       0x44 contiki-cc2538dk.a(rpl-dag.o)
                0x00208218                rpl_nullify_parent
 .text.rpl_local_repair
                0x0020825c       0x60 contiki-cc2538dk.a(rpl-dag.o)
                0x0020825c                rpl_local_repair
 .text.rpl_remove_parent
                0x002082bc       0x18 contiki-cc2538dk.a(rpl-dag.o)
                0x002082bc                rpl_remove_parent
 .text.remove_parents
                0x002082d4       0x38 contiki-cc2538dk.a(rpl-dag.o)
 .text.nbr_callback
                0x0020830c        0x8 contiki-cc2538dk.a(rpl-dag.o)
 .text.rpl_alloc_instance
                0x00208314       0x48 contiki-cc2538dk.a(rpl-dag.o)
                0x00208314                rpl_alloc_instance
 .text.rpl_alloc_dag
                0x0020835c       0x48 contiki-cc2538dk.a(rpl-dag.o)
                0x0020835c                rpl_alloc_dag
 .text.rpl_get_nbr
                0x002083a4       0x24 contiki-cc2538dk.a(rpl-dag.o)
                0x002083a4                rpl_get_nbr
 .text.rpl_add_parent
                0x002083c8       0x44 contiki-cc2538dk.a(rpl-dag.o)
                0x002083c8                rpl_add_parent
 .text.rpl_join_instance
                0x0020840c      0x114 contiki-cc2538dk.a(rpl-dag.o)
                0x0020840c                rpl_join_instance
 .text.rpl_get_parent_ipaddr
                0x00208520       0x18 contiki-cc2538dk.a(rpl-dag.o)
                0x00208520                rpl_get_parent_ipaddr
 .text.rpl_move_parent
                0x00208538       0x48 contiki-cc2538dk.a(rpl-dag.o)
                0x00208538                rpl_move_parent
 .text.rpl_select_dag
                0x00208580      0x144 contiki-cc2538dk.a(rpl-dag.o)
                0x00208580                rpl_select_dag
 .text.rpl_process_parent_event
                0x002086c4       0x3c contiki-cc2538dk.a(rpl-dag.o)
                0x002086c4                rpl_process_parent_event
 .text.rpl_recalculate_ranks
                0x00208700       0x40 contiki-cc2538dk.a(rpl-dag.o)
                0x00208700                rpl_recalculate_ranks
 .text.rpl_add_dag
                0x00208740      0x110 contiki-cc2538dk.a(rpl-dag.o)
                0x00208740                rpl_add_dag
 .text.rpl_process_dio
                0x00208850      0x28c contiki-cc2538dk.a(rpl-dag.o)
                0x00208850                rpl_process_dio
 .text.rpl_dag_init
                0x00208adc       0x18 contiki-cc2538dk.a(rpl-dag.o)
                0x00208adc                rpl_dag_init
 .text.get32    0x00208af4       0x1c contiki-cc2538dk.a(rpl-icmp6.o)
 .text.set32    0x00208b10       0x18 contiki-cc2538dk.a(rpl-icmp6.o)
 .text.get16    0x00208b28        0xc contiki-cc2538dk.a(rpl-icmp6.o)
 .text.set16    0x00208b34        0xc contiki-cc2538dk.a(rpl-icmp6.o)
 .text.dao_ack_input
                0x00208b40       0x10 contiki-cc2538dk.a(rpl-icmp6.o)
 .text.rpl_icmp6_register_handlers
                0x00208b50       0x2c contiki-cc2538dk.a(rpl-icmp6.o)
                0x00208b50                rpl_icmp6_register_handlers
 .text.dao_ack_output
                0x00208b7c       0x30 contiki-cc2538dk.a(rpl-icmp6.o)
                0x00208b7c                dao_ack_output
 .text.dio_output
                0x00208bac      0x210 contiki-cc2538dk.a(rpl-icmp6.o)
                0x00208bac                dio_output
 .text.dis_output
                0x00208dbc       0x58 contiki-cc2538dk.a(rpl-icmp6.o)
                0x00208dbc                dis_output
 .text.dao_input
                0x00208e14      0x244 contiki-cc2538dk.a(rpl-icmp6.o)
 .text.dio_input
                0x00209058      0x24c contiki-cc2538dk.a(rpl-icmp6.o)
 .text.dis_input
                0x002092a4       0x4c contiki-cc2538dk.a(rpl-icmp6.o)
 .text.dao_output_target
                0x002092f0       0xc4 contiki-cc2538dk.a(rpl-icmp6.o)
                0x002092f0                dao_output_target
 .text.dao_output
                0x002093b4       0x50 contiki-cc2538dk.a(rpl-icmp6.o)
                0x002093b4                dao_output
 .text.rpl_schedule_probing
                0x00209404       0x2c contiki-cc2538dk.a(rpl-timers.o)
                0x00209404                rpl_schedule_probing
 .text.new_dio_interval
                0x00209430       0x58 contiki-cc2538dk.a(rpl-timers.o)
 .text.rpl_reset_dio_timer
                0x00209488       0x20 contiki-cc2538dk.a(rpl-timers.o)
                0x00209488                rpl_reset_dio_timer
 .text.rpl_reset_periodic_timer
                0x002094a8       0x34 contiki-cc2538dk.a(rpl-timers.o)
                0x002094a8                rpl_reset_periodic_timer
 .text.handle_probing_timer
                0x002094dc       0xe4 contiki-cc2538dk.a(rpl-timers.o)
 .text.set_dao_lifetime_timer
                0x002095c0       0x38 contiki-cc2538dk.a(rpl-timers.o)
 .text.schedule_dao
                0x002095f8       0x50 contiki-cc2538dk.a(rpl-timers.o)
 .text.rpl_schedule_dao
                0x00209648        0xc contiki-cc2538dk.a(rpl-timers.o)
                0x00209648                rpl_schedule_dao
 .text.handle_dio_timer
                0x00209654       0x7c contiki-cc2538dk.a(rpl-timers.o)
 .text.handle_dao_timer
                0x002096d0       0x54 contiki-cc2538dk.a(rpl-timers.o)
 .text.handle_periodic_timer
                0x00209724       0x34 contiki-cc2538dk.a(rpl-timers.o)
 .text.reset    0x00209758        0x4 contiki-cc2538dk.a(rpl-mrhof.o)
 .text.best_dag
                0x0020975c       0x24 contiki-cc2538dk.a(rpl-mrhof.o)
 .text.update_metric_container
                0x00209780        0x8 contiki-cc2538dk.a(rpl-mrhof.o)
 .text.calculate_rank
                0x00209788       0x34 contiki-cc2538dk.a(rpl-mrhof.o)
 .text.calculate_path_metric
                0x002097bc       0x1c contiki-cc2538dk.a(rpl-mrhof.o)
 .text.best_parent
                0x002097d8       0x40 contiki-cc2538dk.a(rpl-mrhof.o)
 .text.neighbor_link_callback
                0x00209818       0x50 contiki-cc2538dk.a(rpl-mrhof.o)
 .text.rpl_invert_header
                0x00209868       0x78 contiki-cc2538dk.a(rpl-ext-header.)
                0x00209868                rpl_invert_header
 .text.rpl_update_header_final
                0x002098e0       0x90 contiki-cc2538dk.a(rpl-ext-header.)
                0x002098e0                rpl_update_header_final
 .text.rpl_update_header_empty
                0x00209970      0x16c contiki-cc2538dk.a(rpl-ext-header.)
                0x00209970                rpl_update_header_empty
 .text.rpl_insert_header
                0x00209adc       0x20 contiki-cc2538dk.a(rpl-ext-header.)
                0x00209adc                rpl_insert_header
 .text.rpl_verify_header
                0x00209afc       0xa8 contiki-cc2538dk.a(rpl-ext-header.)
                0x00209afc                rpl_verify_header
 .text.gpio_set
                0x00209ba4        0x8 contiki-cc2538dk.a(oled-arch.o)
 .text.gpio_reset
                0x00209bac        0x8 contiki-cc2538dk.a(oled-arch.o)
 .text.OLED_WrCmd
                0x00209bb4       0x68 contiki-cc2538dk.a(oled-arch.o)
                0x00209bb4                OLED_WrCmd
 .text.OLED_Display_Off
                0x00209c1c       0x18 contiki-cc2538dk.a(oled-arch.o)
                0x00209c1c                OLED_Display_Off
 .text.OLED_Init
                0x00209c34       0xe8 contiki-cc2538dk.a(oled-arch.o)
                0x00209c34                OLED_Init
 .text.gpio_set1
                0x00209d1c        0x8 contiki-cc2538dk.a(oled.o)
 .text.gpio_reset1
                0x00209d24        0x8 contiki-cc2538dk.a(oled.o)
 .text.OLED_WrDat1
                0x00209d2c       0x64 contiki-cc2538dk.a(oled.o)
                0x00209d2c                OLED_WrDat1
 .text.OLED_WrCmd1
                0x00209d90       0x64 contiki-cc2538dk.a(oled.o)
                0x00209d90                OLED_WrCmd1
 .text.OLED_Fill1
                0x00209df4       0x34 contiki-cc2538dk.a(oled.o)
                0x00209df4                OLED_Fill1
 .text.OLED_Display_Off1
                0x00209e28       0x18 contiki-cc2538dk.a(oled.o)
                0x00209e28                OLED_Display_Off1
 .text.OLED_Init1
                0x00209e40       0xe0 contiki-cc2538dk.a(oled.o)
                0x00209e40                OLED_Init1
 .text.stimer_expired
                0x00209f20       0x20 contiki-cc2538dk.a(stimer.o)
                0x00209f20                stimer_expired
 .text.stimer_set
                0x00209f40       0x10 contiki-cc2538dk.a(stimer.o)
                0x00209f40                stimer_set
 .text.memb_alloc
                0x00209f50       0x2c contiki-cc2538dk.a(memb.o)
                0x00209f50                memb_alloc
 .text.memb_free
                0x00209f7c       0x30 contiki-cc2538dk.a(memb.o)
                0x00209f7c                memb_free
 .text.memb_inmemb
                0x00209fac       0x20 contiki-cc2538dk.a(memb.o)
                0x00209fac                memb_inmemb
 .text.memb_numfree
                0x00209fcc       0x1c contiki-cc2538dk.a(memb.o)
                0x00209fcc                memb_numfree
 .text.memb_init
                0x00209fe8       0x20 contiki-cc2538dk.a(memb.o)
                0x00209fe8                memb_init
 .text.addr_len
                0x0020a008       0x10 contiki-cc2538dk.a(frame802154.o)
 .text.frame802154_parse
                0x0020a018      0x128 contiki-cc2538dk.a(frame802154.o)
                0x0020a018                frame802154_parse
 .text.field_len
                0x0020a140       0x68 contiki-cc2538dk.a(frame802154.o)
 .text.frame802154_create
                0x0020a1a8       0xdc contiki-cc2538dk.a(frame802154.o)
                0x0020a1a8                frame802154_create
 .text.frame802154_hdrlen
                0x0020a284       0x2c contiki-cc2538dk.a(frame802154.o)
                0x0020a284                frame802154_hdrlen
 .text          0x0020a2b0       0x2c /home/user/CodeSourcery/Sourcery_G++_Lite/bin/../lib/gcc/arm-none-eabi/4.3.2/thumb2/libgcc.a(_aeabi_uldivmod.o)
                0x0020a2b0                __aeabi_uldivmod
 .text          0x0020a2dc       0x60 /home/user/CodeSourcery/Sourcery_G++_Lite/bin/../lib/gcc/arm-none-eabi/4.3.2/thumb2/libgcc.a(bpabi.o)
                0x0020a2dc                __gnu_uldivmod_helper
                0x0020a30c                __gnu_ldivmod_helper
 .text          0x0020a33c        0x4 /home/user/CodeSourcery/Sourcery_G++_Lite/bin/../lib/gcc/arm-none-eabi/4.3.2/thumb2/libgcc.a(_dvmd_tls.o)
                0x0020a33c                __aeabi_ldiv0
                0x0020a33c                __aeabi_idiv0
 .text          0x0020a340      0x424 /home/user/CodeSourcery/Sourcery_G++_Lite/bin/../lib/gcc/arm-none-eabi/4.3.2/thumb2/libgcc.a(_divdi3.o)
                0x0020a340                __divdi3
 .text          0x0020a764      0x3e4 /home/user/CodeSourcery/Sourcery_G++_Lite/bin/../lib/gcc/arm-none-eabi/4.3.2/thumb2/libgcc.a(_udivdi3.o)
                0x0020a764                __udivdi3
 .text          0x0020ab48       0x8c /home/user/CodeSourcery/Sourcery_G++_Lite/bin/../lib/gcc/arm-none-eabi/4.3.2/thumb2/libgcc.a(_udivsi3.o)
                0x0020ab48                __udivsi3
                0x0020ab48                __aeabi_uidiv
                0x0020abc0                __aeabi_uidivmod
 .text          0x0020abd4       0x60 /home/user/CodeSourcery/Sourcery_G++_Lite/bin/../lib/gcc/arm-none-eabi/4.3.2/../../../../arm-none-eabi/lib/thumb2/libc.a(lib_a-memcmp.o)
                0x0020abd4                memcmp
 .text          0x0020ac34       0x98 /home/user/CodeSourcery/Sourcery_G++_Lite/bin/../lib/gcc/arm-none-eabi/4.3.2/../../../../arm-none-eabi/lib/thumb2/libc.a(lib_a-memcpy.o)
                0x0020ac34                memcpy
 .text          0x0020accc       0xc0 /home/user/CodeSourcery/Sourcery_G++_Lite/bin/../lib/gcc/arm-none-eabi/4.3.2/../../../../arm-none-eabi/lib/thumb2/libc.a(lib_a-memmove.o)
                0x0020accc                memmove
 .text          0x0020ad8c       0x88 /home/user/CodeSourcery/Sourcery_G++_Lite/bin/../lib/gcc/arm-none-eabi/4.3.2/../../../../arm-none-eabi/lib/thumb2/libc.a(lib_a-memset.o)
                0x0020ad8c                memset
 *(SORT(.rodata*))
 .rodata.autostart_processes
                0x0020ae14        0x8 ds18b20-example.co
                0x0020ae14                autostart_processes
 .rodata.button_select_sensor
                0x0020ae1c       0x10 contiki-cc2538dk.a(button-sensor.o)
                0x0020ae1c                button_select_sensor
 .rodata.button_up_sensor
                0x0020ae2c       0x10 contiki-cc2538dk.a(button-sensor.o)
                0x0020ae2c                button_up_sensor
 .rodata.button_left_sensor
                0x0020ae3c       0x10 contiki-cc2538dk.a(button-sensor.o)
                0x0020ae3c                button_left_sensor
 .rodata.button_right_sensor
                0x0020ae4c       0x10 contiki-cc2538dk.a(button-sensor.o)
                0x0020ae4c                button_right_sensor
 .rodata.button_down_sensor
                0x0020ae5c       0x10 contiki-cc2538dk.a(button-sensor.o)
                0x0020ae5c                button_down_sensor
 .rodata.als_sensor
                0x0020ae6c       0x10 contiki-cc2538dk.a(als-sensor.o)
                0x0020ae6c                als_sensor
 .rodata.uart_regs
                0x0020ae7c       0x58 contiki-cc2538dk.a(uart.o)
 .rodata.cc2538_rf_driver
                0x0020aed4       0x38 contiki-cc2538dk.a(cc2538-rf.o)
                0x0020aed4                cc2538_rf_driver
 .rodata.output_power
                0x0020af0c       0x70 contiki-cc2538dk.a(cc2538-rf.o)
 .rodata.cc2538_temp_sensor
                0x0020af7c       0x10 contiki-cc2538dk.a(cc2538-temp-sen)
                0x0020af7c                cc2538_temp_sensor
 .rodata.vdd3_sensor
                0x0020af8c       0x10 contiki-cc2538dk.a(vdd3-sensor.o)
                0x0020af8c                vdd3_sensor
 .rodata.sicslowpan_driver
                0x0020af9c        0xc contiki-cc2538dk.a(sicslowpan.o)
                0x0020af9c                sicslowpan_driver
 .rodata.packetbuf
                0x0020afa8        0x4 contiki-cc2538dk.a(packetbuf.o)
 .rodata.contikimac_driver
                0x0020afac       0x20 contiki-cc2538dk.a(contikimac.o)
                0x0020afac                contikimac_driver
 .rodata.csma_driver
                0x0020afcc       0x1c contiki-cc2538dk.a(csma.o)
                0x0020afcc                csma_driver
 .rodata.framer_802154
                0x0020afe8       0x10 contiki-cc2538dk.a(framer-802154.o)
                0x0020afe8                framer_802154
 .rodata.nullsec_driver
                0x0020aff8       0x18 contiki-cc2538dk.a(nullsec.o)
                0x0020aff8                nullsec_driver
 .rodata.str1.1
                0x0020b010       0x47 ds18b20-example.co
 .rodata.str1.1
                0x0020b057       0x84 contiki-cc2538dk.a(contiki-main.o)
 .rodata.str1.1
                0x0020b0db        0x8 contiki-cc2538dk.a(sensors.o)
 .rodata.str1.1
                0x0020b0e3        0x7 contiki-cc2538dk.a(button-sensor.o)
 .rodata.str1.1
                0x0020b0ea        0x4 contiki-cc2538dk.a(als-sensor.o)
 .rodata.str1.1
                0x0020b0ee       0x11 contiki-cc2538dk.a(cc2538-rf.o)
 .rodata.str1.1
                0x0020b0ff       0x14 contiki-cc2538dk.a(cc2538-temp-sen)
 .rodata.str1.1
                0x0020b113        0x5 contiki-cc2538dk.a(vdd3-sensor.o)
 .rodata.buffer.1352
                0x0020b118       0x10 contiki-cc2538dk.a(strformat.o)
 .rodata.str1.1
                0x0020b128       0x35 contiki-cc2538dk.a(strformat.o)
                                 0x37 (size before relaxing)
 .rodata.buffer.1366
                0x0020b15d       0x10 contiki-cc2538dk.a(strformat.o)
 .rodata.str1.1
                0x0020b16d        0xf contiki-cc2538dk.a(ctimer.o)
 .rodata.str1.1
                0x0020b17c        0xc contiki-cc2538dk.a(etimer.o)
 .rodata.str1.1
                0x0020b188        0xe contiki-cc2538dk.a(serial-line.o)
 .rodata.C.44.4695
                0x0020b196        0x2 contiki-cc2538dk.a(sicslowpan.o)
 .rodata.ttl_values
                0x0020b198        0x4 contiki-cc2538dk.a(sicslowpan.o)
 .rodata.unc_llconf
                0x0020b19c        0x4 contiki-cc2538dk.a(sicslowpan.o)
                0x0020b19c                unc_llconf
 .rodata.llprefix
                0x0020b1a0        0x2 contiki-cc2538dk.a(sicslowpan.o)
                0x0020b1a0                llprefix
 .rodata.unc_mxconf
                0x0020b1a2        0x4 contiki-cc2538dk.a(sicslowpan.o)
                0x0020b1a2                unc_mxconf
 .rodata.str1.1
                0x0020b1a6        0xb contiki-cc2538dk.a(sicslowpan.o)
 .rodata.unc_ctxconf
                0x0020b1b1        0x4 contiki-cc2538dk.a(sicslowpan.o)
                0x0020b1b1                unc_ctxconf
 .rodata.str1.1
                0x0020b1b5        0xd contiki-cc2538dk.a(tcpip.o)
 .rodata.str1.1
                0x0020b1c2       0x29 contiki-cc2538dk.a(uip-debug.o)
 .rodata.linkaddr_null
                0x0020b1eb        0x8 contiki-cc2538dk.a(linkaddr.o)
                0x0020b1eb                linkaddr_null
 .rodata.str1.1
                0x0020b1f3        0xb contiki-cc2538dk.a(contikimac.o)
 .rodata.str1.1
                0x0020b1fe        0x5 contiki-cc2538dk.a(csma.o)
 .rodata.str1.1
                0x0020b203        0x8 contiki-cc2538dk.a(nullsec.o)
 .rodata        0x0020b20b      0x100 /home/user/CodeSourcery/Sourcery_G++_Lite/bin/../lib/gcc/arm-none-eabi/4.3.2/thumb2/libgcc.a(_clz.o)
                0x0020b20b                __clz_tab
                0x0020b30b                _etext = .

.glue_7         0x0020b30c        0x0 load address 0x0020b30b
 .glue_7        0x0020b30c        0x0 obj_cc2538dk/startup-gcc.o
 .glue_7        0x0020b30c        0x0 ds18b20-example.co
 .glue_7        0x0020b30c        0x0 contiki-cc2538dk.a(ds18b20.o)
 .glue_7        0x0020b30c        0x0 contiki-cc2538dk.a(leds.o)
 .glue_7        0x0020b30c        0x0 contiki-cc2538dk.a(leds-arch.o)
 .glue_7        0x0020b30c        0x0 contiki-cc2538dk.a(contiki-main.o)
 .glue_7        0x0020b30c        0x0 contiki-cc2538dk.a(sensors.o)
 .glue_7        0x0020b30c        0x0 contiki-cc2538dk.a(smartrf-sensors)
 .glue_7        0x0020b30c        0x0 contiki-cc2538dk.a(button-sensor.o)
 .glue_7        0x0020b30c        0x0 contiki-cc2538dk.a(als-sensor.o)
 .glue_7        0x0020b30c        0x0 contiki-cc2538dk.a(clock.o)
 .glue_7        0x0020b30c        0x0 contiki-cc2538dk.a(rtimer-arch.o)
 .glue_7        0x0020b30c        0x0 contiki-cc2538dk.a(uart.o)
 .glue_7        0x0020b30c        0x0 contiki-cc2538dk.a(watchdog.o)
 .glue_7        0x0020b30c        0x0 contiki-cc2538dk.a(nvic.o)
 .glue_7        0x0020b30c        0x0 contiki-cc2538dk.a(cpu.o)
 .glue_7        0x0020b30c        0x0 contiki-cc2538dk.a(sys-ctrl.o)
 .glue_7        0x0020b30c        0x0 contiki-cc2538dk.a(gpio.o)
 .glue_7        0x0020b30c        0x0 contiki-cc2538dk.a(ioc.o)
 .glue_7        0x0020b30c        0x0 contiki-cc2538dk.a(adc.o)
 .glue_7        0x0020b30c        0x0 contiki-cc2538dk.a(crypto.o)
 .glue_7        0x0020b30c        0x0 contiki-cc2538dk.a(cc2538-rf.o)
 .glue_7        0x0020b30c        0x0 contiki-cc2538dk.a(udma.o)
 .glue_7        0x0020b30c        0x0 contiki-cc2538dk.a(lpm.o)
 .glue_7        0x0020b30c        0x0 contiki-cc2538dk.a(dbg.o)
 .glue_7        0x0020b30c        0x0 contiki-cc2538dk.a(ieee-addr.o)
 .glue_7        0x0020b30c        0x0 contiki-cc2538dk.a(cc2538-temp-sen)
 .glue_7        0x0020b30c        0x0 contiki-cc2538dk.a(vdd3-sensor.o)
 .glue_7        0x0020b30c        0x0 contiki-cc2538dk.a(dbg-printf.o)
 .glue_7        0x0020b30c        0x0 contiki-cc2538dk.a(strformat.o)
 .glue_7        0x0020b30c        0x0 contiki-cc2538dk.a(autostart.o)
 .glue_7        0x0020b30c        0x0 contiki-cc2538dk.a(ctimer.o)
 .glue_7        0x0020b30c        0x0 contiki-cc2538dk.a(energest.o)
 .glue_7        0x0020b30c        0x0 contiki-cc2538dk.a(etimer.o)
 .glue_7        0x0020b30c        0x0 contiki-cc2538dk.a(process.o)
 .glue_7        0x0020b30c        0x0 contiki-cc2538dk.a(rtimer.o)
 .glue_7        0x0020b30c        0x0 contiki-cc2538dk.a(timer.o)
 .glue_7        0x0020b30c        0x0 contiki-cc2538dk.a(serial-line.o)
 .glue_7        0x0020b30c        0x0 contiki-cc2538dk.a(list.o)
 .glue_7        0x0020b30c        0x0 contiki-cc2538dk.a(random.o)
 .glue_7        0x0020b30c        0x0 contiki-cc2538dk.a(ringbuf.o)
 .glue_7        0x0020b30c        0x0 contiki-cc2538dk.a(sicslowpan.o)
 .glue_7        0x0020b30c        0x0 contiki-cc2538dk.a(uip6.o)
 .glue_7        0x0020b30c        0x0 contiki-cc2538dk.a(uip-ds6.o)
 .glue_7        0x0020b30c        0x0 contiki-cc2538dk.a(uip-ds6-nbr.o)
 .glue_7        0x0020b30c        0x0 contiki-cc2538dk.a(uip-ds6-route.o)
 .glue_7        0x0020b30c        0x0 contiki-cc2538dk.a(uip-icmp6.o)
 .glue_7        0x0020b30c        0x0 contiki-cc2538dk.a(uip-nd6.o)
 .glue_7        0x0020b30c        0x0 contiki-cc2538dk.a(tcpip.o)
 .glue_7        0x0020b30c        0x0 contiki-cc2538dk.a(uip-debug.o)
 .glue_7        0x0020b30c        0x0 contiki-cc2538dk.a(linkaddr.o)
 .glue_7        0x0020b30c        0x0 contiki-cc2538dk.a(nbr-table.o)
 .glue_7        0x0020b30c        0x0 contiki-cc2538dk.a(netstack.o)
 .glue_7        0x0020b30c        0x0 contiki-cc2538dk.a(packetbuf.o)
 .glue_7        0x0020b30c        0x0 contiki-cc2538dk.a(queuebuf.o)
 .glue_7        0x0020b30c        0x0 contiki-cc2538dk.a(contikimac.o)
 .glue_7        0x0020b30c        0x0 contiki-cc2538dk.a(csma.o)
 .glue_7        0x0020b30c        0x0 contiki-cc2538dk.a(framer-802154.o)
 .glue_7        0x0020b30c        0x0 contiki-cc2538dk.a(framer.o)
 .glue_7        0x0020b30c        0x0 contiki-cc2538dk.a(mac.o)
 .glue_7        0x0020b30c        0x0 contiki-cc2538dk.a(mac-sequence.o)
 .glue_7        0x0020b30c        0x0 contiki-cc2538dk.a(nullsec.o)
 .glue_7        0x0020b30c        0x0 contiki-cc2538dk.a(netstack-aes.o)
 .glue_7        0x0020b30c        0x0 contiki-cc2538dk.a(rpl.o)
 .glue_7        0x0020b30c        0x0 contiki-cc2538dk.a(rpl-dag.o)
 .glue_7        0x0020b30c        0x0 contiki-cc2538dk.a(rpl-icmp6.o)
 .glue_7        0x0020b30c        0x0 contiki-cc2538dk.a(rpl-timers.o)
 .glue_7        0x0020b30c        0x0 contiki-cc2538dk.a(rpl-mrhof.o)
 .glue_7        0x0020b30c        0x0 contiki-cc2538dk.a(rpl-ext-header.)
 .glue_7        0x0020b30c        0x0 contiki-cc2538dk.a(oled-arch.o)
 .glue_7        0x0020b30c        0x0 contiki-cc2538dk.a(oled.o)
 .glue_7        0x0020b30c        0x0 contiki-cc2538dk.a(stimer.o)
 .glue_7        0x0020b30c        0x0 contiki-cc2538dk.a(memb.o)
 .glue_7        0x0020b30c        0x0 contiki-cc2538dk.a(frame802154.o)
 .glue_7        0x0020b30c        0x0 contiki-cc2538dk.a(aes-ccm.o)
 .glue_7        0x0020b30c        0x0 /home/user/CodeSourcery/Sourcery_G++_Lite/bin/../lib/gcc/arm-none-eabi/4.3.2/thumb2/libgcc.a(_aeabi_uldivmod.o)
 .glue_7        0x0020b30c        0x0 /home/user/CodeSourcery/Sourcery_G++_Lite/bin/../lib/gcc/arm-none-eabi/4.3.2/thumb2/libgcc.a(bpabi.o)
 .glue_7        0x0020b30c        0x0 /home/user/CodeSourcery/Sourcery_G++_Lite/bin/../lib/gcc/arm-none-eabi/4.3.2/thumb2/libgcc.a(_dvmd_tls.o)
 .glue_7        0x0020b30c        0x0 /home/user/CodeSourcery/Sourcery_G++_Lite/bin/../lib/gcc/arm-none-eabi/4.3.2/thumb2/libgcc.a(_divdi3.o)
 .glue_7        0x0020b30c        0x0 /home/user/CodeSourcery/Sourcery_G++_Lite/bin/../lib/gcc/arm-none-eabi/4.3.2/thumb2/libgcc.a(_udivdi3.o)
 .glue_7        0x0020b30c        0x0 /home/user/CodeSourcery/Sourcery_G++_Lite/bin/../lib/gcc/arm-none-eabi/4.3.2/thumb2/libgcc.a(_udivsi3.o)
 .glue_7        0x0020b30c        0x0 /home/user/CodeSourcery/Sourcery_G++_Lite/bin/../lib/gcc/arm-none-eabi/4.3.2/thumb2/libgcc.a(_clz.o)
 .glue_7        0x0020b30c        0x0 /home/user/CodeSourcery/Sourcery_G++_Lite/bin/../lib/gcc/arm-none-eabi/4.3.2/../../../../arm-none-eabi/lib/thumb2/libc.a(lib_a-memcmp.o)
 .glue_7        0x0020b30c        0x0 /home/user/CodeSourcery/Sourcery_G++_Lite/bin/../lib/gcc/arm-none-eabi/4.3.2/../../../../arm-none-eabi/lib/thumb2/libc.a(lib_a-memcpy.o)
 .glue_7        0x0020b30c        0x0 /home/user/CodeSourcery/Sourcery_G++_Lite/bin/../lib/gcc/arm-none-eabi/4.3.2/../../../../arm-none-eabi/lib/thumb2/libc.a(lib_a-memmove.o)
 .glue_7        0x0020b30c        0x0 /home/user/CodeSourcery/Sourcery_G++_Lite/bin/../lib/gcc/arm-none-eabi/4.3.2/../../../../arm-none-eabi/lib/thumb2/libc.a(lib_a-memset.o)
 .glue_7        0x0020b30c        0x0 /home/user/CodeSourcery/Sourcery_G++_Lite/bin/../lib/gcc/arm-none-eabi/4.3.2/../../../../arm-none-eabi/lib/thumb2/libc.a(lib_a-strlen.o)
 .glue_7        0x0020b30c        0x0 /home/user/CodeSourcery/Sourcery_G++_Lite/bin/../lib/gcc/arm-none-eabi/4.3.2/../../../../arm-none-eabi/lib/thumb2/libc.a(lib_a-strncmp.o)

.glue_7t        0x0020b30c        0x0 load address 0x0020b30b
 .glue_7t       0x0020b30c        0x0 obj_cc2538dk/startup-gcc.o
 .glue_7t       0x0020b30c        0x0 ds18b20-example.co
 .glue_7t       0x0020b30c        0x0 contiki-cc2538dk.a(ds18b20.o)
 .glue_7t       0x0020b30c        0x0 contiki-cc2538dk.a(leds.o)
 .glue_7t       0x0020b30c        0x0 contiki-cc2538dk.a(leds-arch.o)
 .glue_7t       0x0020b30c        0x0 contiki-cc2538dk.a(contiki-main.o)
 .glue_7t       0x0020b30c        0x0 contiki-cc2538dk.a(sensors.o)
 .glue_7t       0x0020b30c        0x0 contiki-cc2538dk.a(smartrf-sensors)
 .glue_7t       0x0020b30c        0x0 contiki-cc2538dk.a(button-sensor.o)
 .glue_7t       0x0020b30c        0x0 contiki-cc2538dk.a(als-sensor.o)
 .glue_7t       0x0020b30c        0x0 contiki-cc2538dk.a(clock.o)
 .glue_7t       0x0020b30c        0x0 contiki-cc2538dk.a(rtimer-arch.o)
 .glue_7t       0x0020b30c        0x0 contiki-cc2538dk.a(uart.o)
 .glue_7t       0x0020b30c        0x0 contiki-cc2538dk.a(watchdog.o)
 .glue_7t       0x0020b30c        0x0 contiki-cc2538dk.a(nvic.o)
 .glue_7t       0x0020b30c        0x0 contiki-cc2538dk.a(cpu.o)
 .glue_7t       0x0020b30c        0x0 contiki-cc2538dk.a(sys-ctrl.o)
 .glue_7t       0x0020b30c        0x0 contiki-cc2538dk.a(gpio.o)
 .glue_7t       0x0020b30c        0x0 contiki-cc2538dk.a(ioc.o)
 .glue_7t       0x0020b30c        0x0 contiki-cc2538dk.a(adc.o)
 .glue_7t       0x0020b30c        0x0 contiki-cc2538dk.a(crypto.o)
 .glue_7t       0x0020b30c        0x0 contiki-cc2538dk.a(cc2538-rf.o)
 .glue_7t       0x0020b30c        0x0 contiki-cc2538dk.a(udma.o)
 .glue_7t       0x0020b30c        0x0 contiki-cc2538dk.a(lpm.o)
 .glue_7t       0x0020b30c        0x0 contiki-cc2538dk.a(dbg.o)
 .glue_7t       0x0020b30c        0x0 contiki-cc2538dk.a(ieee-addr.o)
 .glue_7t       0x0020b30c        0x0 contiki-cc2538dk.a(cc2538-temp-sen)
 .glue_7t       0x0020b30c        0x0 contiki-cc2538dk.a(vdd3-sensor.o)
 .glue_7t       0x0020b30c        0x0 contiki-cc2538dk.a(dbg-printf.o)
 .glue_7t       0x0020b30c        0x0 contiki-cc2538dk.a(strformat.o)
 .glue_7t       0x0020b30c        0x0 contiki-cc2538dk.a(autostart.o)
 .glue_7t       0x0020b30c        0x0 contiki-cc2538dk.a(ctimer.o)
 .glue_7t       0x0020b30c        0x0 contiki-cc2538dk.a(energest.o)
 .glue_7t       0x0020b30c        0x0 contiki-cc2538dk.a(etimer.o)
 .glue_7t       0x0020b30c        0x0 contiki-cc2538dk.a(process.o)
 .glue_7t       0x0020b30c        0x0 contiki-cc2538dk.a(rtimer.o)
 .glue_7t       0x0020b30c        0x0 contiki-cc2538dk.a(timer.o)
 .glue_7t       0x0020b30c        0x0 contiki-cc2538dk.a(serial-line.o)
 .glue_7t       0x0020b30c        0x0 contiki-cc2538dk.a(list.o)
 .glue_7t       0x0020b30c        0x0 contiki-cc2538dk.a(random.o)
 .glue_7t       0x0020b30c        0x0 contiki-cc2538dk.a(ringbuf.o)
 .glue_7t       0x0020b30c        0x0 contiki-cc2538dk.a(sicslowpan.o)
 .glue_7t       0x0020b30c        0x0 contiki-cc2538dk.a(uip6.o)
 .glue_7t       0x0020b30c        0x0 contiki-cc2538dk.a(uip-ds6.o)
 .glue_7t       0x0020b30c        0x0 contiki-cc2538dk.a(uip-ds6-nbr.o)
 .glue_7t       0x0020b30c        0x0 contiki-cc2538dk.a(uip-ds6-route.o)
 .glue_7t       0x0020b30c        0x0 contiki-cc2538dk.a(uip-icmp6.o)
 .glue_7t       0x0020b30c        0x0 contiki-cc2538dk.a(uip-nd6.o)
 .glue_7t       0x0020b30c        0x0 contiki-cc2538dk.a(tcpip.o)
 .glue_7t       0x0020b30c        0x0 contiki-cc2538dk.a(uip-debug.o)
 .glue_7t       0x0020b30c        0x0 contiki-cc2538dk.a(linkaddr.o)
 .glue_7t       0x0020b30c        0x0 contiki-cc2538dk.a(nbr-table.o)
 .glue_7t       0x0020b30c        0x0 contiki-cc2538dk.a(netstack.o)
 .glue_7t       0x0020b30c        0x0 contiki-cc2538dk.a(packetbuf.o)
 .glue_7t       0x0020b30c        0x0 contiki-cc2538dk.a(queuebuf.o)
 .glue_7t       0x0020b30c        0x0 contiki-cc2538dk.a(contikimac.o)
 .glue_7t       0x0020b30c        0x0 contiki-cc2538dk.a(csma.o)
 .glue_7t       0x0020b30c        0x0 contiki-cc2538dk.a(framer-802154.o)
 .glue_7t       0x0020b30c        0x0 contiki-cc2538dk.a(framer.o)
 .glue_7t       0x0020b30c        0x0 contiki-cc2538dk.a(mac.o)
 .glue_7t       0x0020b30c        0x0 contiki-cc2538dk.a(mac-sequence.o)
 .glue_7t       0x0020b30c        0x0 contiki-cc2538dk.a(nullsec.o)
 .glue_7t       0x0020b30c        0x0 contiki-cc2538dk.a(netstack-aes.o)
 .glue_7t       0x0020b30c        0x0 contiki-cc2538dk.a(rpl.o)
 .glue_7t       0x0020b30c        0x0 contiki-cc2538dk.a(rpl-dag.o)
 .glue_7t       0x0020b30c        0x0 contiki-cc2538dk.a(rpl-icmp6.o)
 .glue_7t       0x0020b30c        0x0 contiki-cc2538dk.a(rpl-timers.o)
 .glue_7t       0x0020b30c        0x0 contiki-cc2538dk.a(rpl-mrhof.o)
 .glue_7t       0x0020b30c        0x0 contiki-cc2538dk.a(rpl-ext-header.)
 .glue_7t       0x0020b30c        0x0 contiki-cc2538dk.a(oled-arch.o)
 .glue_7t       0x0020b30c        0x0 contiki-cc2538dk.a(oled.o)
 .glue_7t       0x0020b30c        0x0 contiki-cc2538dk.a(stimer.o)
 .glue_7t       0x0020b30c        0x0 contiki-cc2538dk.a(memb.o)
 .glue_7t       0x0020b30c        0x0 contiki-cc2538dk.a(frame802154.o)
 .glue_7t       0x0020b30c        0x0 contiki-cc2538dk.a(aes-ccm.o)
 .glue_7t       0x0020b30c        0x0 /home/user/CodeSourcery/Sourcery_G++_Lite/bin/../lib/gcc/arm-none-eabi/4.3.2/thumb2/libgcc.a(_aeabi_uldivmod.o)
 .glue_7t       0x0020b30c        0x0 /home/user/CodeSourcery/Sourcery_G++_Lite/bin/../lib/gcc/arm-none-eabi/4.3.2/thumb2/libgcc.a(bpabi.o)
 .glue_7t       0x0020b30c        0x0 /home/user/CodeSourcery/Sourcery_G++_Lite/bin/../lib/gcc/arm-none-eabi/4.3.2/thumb2/libgcc.a(_dvmd_tls.o)
 .glue_7t       0x0020b30c        0x0 /home/user/CodeSourcery/Sourcery_G++_Lite/bin/../lib/gcc/arm-none-eabi/4.3.2/thumb2/libgcc.a(_divdi3.o)
 .glue_7t       0x0020b30c        0x0 /home/user/CodeSourcery/Sourcery_G++_Lite/bin/../lib/gcc/arm-none-eabi/4.3.2/thumb2/libgcc.a(_udivdi3.o)
 .glue_7t       0x0020b30c        0x0 /home/user/CodeSourcery/Sourcery_G++_Lite/bin/../lib/gcc/arm-none-eabi/4.3.2/thumb2/libgcc.a(_udivsi3.o)
 .glue_7t       0x0020b30c        0x0 /home/user/CodeSourcery/Sourcery_G++_Lite/bin/../lib/gcc/arm-none-eabi/4.3.2/thumb2/libgcc.a(_clz.o)
 .glue_7t       0x0020b30c        0x0 /home/user/CodeSourcery/Sourcery_G++_Lite/bin/../lib/gcc/arm-none-eabi/4.3.2/../../../../arm-none-eabi/lib/thumb2/libc.a(lib_a-memcmp.o)
 .glue_7t       0x0020b30c        0x0 /home/user/CodeSourcery/Sourcery_G++_Lite/bin/../lib/gcc/arm-none-eabi/4.3.2/../../../../arm-none-eabi/lib/thumb2/libc.a(lib_a-memcpy.o)
 .glue_7t       0x0020b30c        0x0 /home/user/CodeSourcery/Sourcery_G++_Lite/bin/../lib/gcc/arm-none-eabi/4.3.2/../../../../arm-none-eabi/lib/thumb2/libc.a(lib_a-memmove.o)
 .glue_7t       0x0020b30c        0x0 /home/user/CodeSourcery/Sourcery_G++_Lite/bin/../lib/gcc/arm-none-eabi/4.3.2/../../../../arm-none-eabi/lib/thumb2/libc.a(lib_a-memset.o)
 .glue_7t       0x0020b30c        0x0 /home/user/CodeSourcery/Sourcery_G++_Lite/bin/../lib/gcc/arm-none-eabi/4.3.2/../../../../arm-none-eabi/lib/thumb2/libc.a(lib_a-strlen.o)
 .glue_7t       0x0020b30c        0x0 /home/user/CodeSourcery/Sourcery_G++_Lite/bin/../lib/gcc/arm-none-eabi/4.3.2/../../../../arm-none-eabi/lib/thumb2/libc.a(lib_a-strncmp.o)

.vfp11_veneer   0x0020b30c        0x0 load address 0x0020b30b
 .vfp11_veneer  0x0020b30c        0x0 obj_cc2538dk/startup-gcc.o
 .vfp11_veneer  0x0020b30c        0x0 ds18b20-example.co
 .vfp11_veneer  0x0020b30c        0x0 contiki-cc2538dk.a(ds18b20.o)
 .vfp11_veneer  0x0020b30c        0x0 contiki-cc2538dk.a(leds.o)
 .vfp11_veneer  0x0020b30c        0x0 contiki-cc2538dk.a(leds-arch.o)
 .vfp11_veneer  0x0020b30c        0x0 contiki-cc2538dk.a(contiki-main.o)
 .vfp11_veneer  0x0020b30c        0x0 contiki-cc2538dk.a(sensors.o)
 .vfp11_veneer  0x0020b30c        0x0 contiki-cc2538dk.a(smartrf-sensors)
 .vfp11_veneer  0x0020b30c        0x0 contiki-cc2538dk.a(button-sensor.o)
 .vfp11_veneer  0x0020b30c        0x0 contiki-cc2538dk.a(als-sensor.o)
 .vfp11_veneer  0x0020b30c        0x0 contiki-cc2538dk.a(clock.o)
 .vfp11_veneer  0x0020b30c        0x0 contiki-cc2538dk.a(rtimer-arch.o)
 .vfp11_veneer  0x0020b30c        0x0 contiki-cc2538dk.a(uart.o)
 .vfp11_veneer  0x0020b30c        0x0 contiki-cc2538dk.a(watchdog.o)
 .vfp11_veneer  0x0020b30c        0x0 contiki-cc2538dk.a(nvic.o)
 .vfp11_veneer  0x0020b30c        0x0 contiki-cc2538dk.a(cpu.o)
 .vfp11_veneer  0x0020b30c        0x0 contiki-cc2538dk.a(sys-ctrl.o)
 .vfp11_veneer  0x0020b30c        0x0 contiki-cc2538dk.a(gpio.o)
 .vfp11_veneer  0x0020b30c        0x0 contiki-cc2538dk.a(ioc.o)
 .vfp11_veneer  0x0020b30c        0x0 contiki-cc2538dk.a(adc.o)
 .vfp11_veneer  0x0020b30c        0x0 contiki-cc2538dk.a(crypto.o)
 .vfp11_veneer  0x0020b30c        0x0 contiki-cc2538dk.a(cc2538-rf.o)
 .vfp11_veneer  0x0020b30c        0x0 contiki-cc2538dk.a(udma.o)
 .vfp11_veneer  0x0020b30c        0x0 contiki-cc2538dk.a(lpm.o)
 .vfp11_veneer  0x0020b30c        0x0 contiki-cc2538dk.a(dbg.o)
 .vfp11_veneer  0x0020b30c        0x0 contiki-cc2538dk.a(ieee-addr.o)
 .vfp11_veneer  0x0020b30c        0x0 contiki-cc2538dk.a(cc2538-temp-sen)
 .vfp11_veneer  0x0020b30c        0x0 contiki-cc2538dk.a(vdd3-sensor.o)
 .vfp11_veneer  0x0020b30c        0x0 contiki-cc2538dk.a(dbg-printf.o)
 .vfp11_veneer  0x0020b30c        0x0 contiki-cc2538dk.a(strformat.o)
 .vfp11_veneer  0x0020b30c        0x0 contiki-cc2538dk.a(autostart.o)
 .vfp11_veneer  0x0020b30c        0x0 contiki-cc2538dk.a(ctimer.o)
 .vfp11_veneer  0x0020b30c        0x0 contiki-cc2538dk.a(energest.o)
 .vfp11_veneer  0x0020b30c        0x0 contiki-cc2538dk.a(etimer.o)
 .vfp11_veneer  0x0020b30c        0x0 contiki-cc2538dk.a(process.o)
 .vfp11_veneer  0x0020b30c        0x0 contiki-cc2538dk.a(rtimer.o)
 .vfp11_veneer  0x0020b30c        0x0 contiki-cc2538dk.a(timer.o)
 .vfp11_veneer  0x0020b30c        0x0 contiki-cc2538dk.a(serial-line.o)
 .vfp11_veneer  0x0020b30c        0x0 contiki-cc2538dk.a(list.o)
 .vfp11_veneer  0x0020b30c        0x0 contiki-cc2538dk.a(random.o)
 .vfp11_veneer  0x0020b30c        0x0 contiki-cc2538dk.a(ringbuf.o)
 .vfp11_veneer  0x0020b30c        0x0 contiki-cc2538dk.a(sicslowpan.o)
 .vfp11_veneer  0x0020b30c        0x0 contiki-cc2538dk.a(uip6.o)
 .vfp11_veneer  0x0020b30c        0x0 contiki-cc2538dk.a(uip-ds6.o)
 .vfp11_veneer  0x0020b30c        0x0 contiki-cc2538dk.a(uip-ds6-nbr.o)
 .vfp11_veneer  0x0020b30c        0x0 contiki-cc2538dk.a(uip-ds6-route.o)
 .vfp11_veneer  0x0020b30c        0x0 contiki-cc2538dk.a(uip-icmp6.o)
 .vfp11_veneer  0x0020b30c        0x0 contiki-cc2538dk.a(uip-nd6.o)
 .vfp11_veneer  0x0020b30c        0x0 contiki-cc2538dk.a(tcpip.o)
 .vfp11_veneer  0x0020b30c        0x0 contiki-cc2538dk.a(uip-debug.o)
 .vfp11_veneer  0x0020b30c        0x0 contiki-cc2538dk.a(linkaddr.o)
 .vfp11_veneer  0x0020b30c        0x0 contiki-cc2538dk.a(nbr-table.o)
 .vfp11_veneer  0x0020b30c        0x0 contiki-cc2538dk.a(netstack.o)
 .vfp11_veneer  0x0020b30c        0x0 contiki-cc2538dk.a(packetbuf.o)
 .vfp11_veneer  0x0020b30c        0x0 contiki-cc2538dk.a(queuebuf.o)
 .vfp11_veneer  0x0020b30c        0x0 contiki-cc2538dk.a(contikimac.o)
 .vfp11_veneer  0x0020b30c        0x0 contiki-cc2538dk.a(csma.o)
 .vfp11_veneer  0x0020b30c        0x0 contiki-cc2538dk.a(framer-802154.o)
 .vfp11_veneer  0x0020b30c        0x0 contiki-cc2538dk.a(framer.o)
 .vfp11_veneer  0x0020b30c        0x0 contiki-cc2538dk.a(mac.o)
 .vfp11_veneer  0x0020b30c        0x0 contiki-cc2538dk.a(mac-sequence.o)
 .vfp11_veneer  0x0020b30c        0x0 contiki-cc2538dk.a(nullsec.o)
 .vfp11_veneer  0x0020b30c        0x0 contiki-cc2538dk.a(netstack-aes.o)
 .vfp11_veneer  0x0020b30c        0x0 contiki-cc2538dk.a(rpl.o)
 .vfp11_veneer  0x0020b30c        0x0 contiki-cc2538dk.a(rpl-dag.o)
 .vfp11_veneer  0x0020b30c        0x0 contiki-cc2538dk.a(rpl-icmp6.o)
 .vfp11_veneer  0x0020b30c        0x0 contiki-cc2538dk.a(rpl-timers.o)
 .vfp11_veneer  0x0020b30c        0x0 contiki-cc2538dk.a(rpl-mrhof.o)
 .vfp11_veneer  0x0020b30c        0x0 contiki-cc2538dk.a(rpl-ext-header.)
 .vfp11_veneer  0x0020b30c        0x0 contiki-cc2538dk.a(oled-arch.o)
 .vfp11_veneer  0x0020b30c        0x0 contiki-cc2538dk.a(oled.o)
 .vfp11_veneer  0x0020b30c        0x0 contiki-cc2538dk.a(stimer.o)
 .vfp11_veneer  0x0020b30c        0x0 contiki-cc2538dk.a(memb.o)
 .vfp11_veneer  0x0020b30c        0x0 contiki-cc2538dk.a(frame802154.o)
 .vfp11_veneer  0x0020b30c        0x0 contiki-cc2538dk.a(aes-ccm.o)
 .vfp11_veneer  0x0020b30c        0x0 /home/user/CodeSourcery/Sourcery_G++_Lite/bin/../lib/gcc/arm-none-eabi/4.3.2/thumb2/libgcc.a(_aeabi_uldivmod.o)
 .vfp11_veneer  0x0020b30c        0x0 /home/user/CodeSourcery/Sourcery_G++_Lite/bin/../lib/gcc/arm-none-eabi/4.3.2/thumb2/libgcc.a(bpabi.o)
 .vfp11_veneer  0x0020b30c        0x0 /home/user/CodeSourcery/Sourcery_G++_Lite/bin/../lib/gcc/arm-none-eabi/4.3.2/thumb2/libgcc.a(_dvmd_tls.o)
 .vfp11_veneer  0x0020b30c        0x0 /home/user/CodeSourcery/Sourcery_G++_Lite/bin/../lib/gcc/arm-none-eabi/4.3.2/thumb2/libgcc.a(_divdi3.o)
 .vfp11_veneer  0x0020b30c        0x0 /home/user/CodeSourcery/Sourcery_G++_Lite/bin/../lib/gcc/arm-none-eabi/4.3.2/thumb2/libgcc.a(_udivdi3.o)
 .vfp11_veneer  0x0020b30c        0x0 /home/user/CodeSourcery/Sourcery_G++_Lite/bin/../lib/gcc/arm-none-eabi/4.3.2/thumb2/libgcc.a(_udivsi3.o)
 .vfp11_veneer  0x0020b30c        0x0 /home/user/CodeSourcery/Sourcery_G++_Lite/bin/../lib/gcc/arm-none-eabi/4.3.2/thumb2/libgcc.a(_clz.o)
 .vfp11_veneer  0x0020b30c        0x0 /home/user/CodeSourcery/Sourcery_G++_Lite/bin/../lib/gcc/arm-none-eabi/4.3.2/../../../../arm-none-eabi/lib/thumb2/libc.a(lib_a-memcmp.o)
 .vfp11_veneer  0x0020b30c        0x0 /home/user/CodeSourcery/Sourcery_G++_Lite/bin/../lib/gcc/arm-none-eabi/4.3.2/../../../../arm-none-eabi/lib/thumb2/libc.a(lib_a-memcpy.o)
 .vfp11_veneer  0x0020b30c        0x0 /home/user/CodeSourcery/Sourcery_G++_Lite/bin/../lib/gcc/arm-none-eabi/4.3.2/../../../../arm-none-eabi/lib/thumb2/libc.a(lib_a-memmove.o)
 .vfp11_veneer  0x0020b30c        0x0 /home/user/CodeSourcery/Sourcery_G++_Lite/bin/../lib/gcc/arm-none-eabi/4.3.2/../../../../arm-none-eabi/lib/thumb2/libc.a(lib_a-memset.o)
 .vfp11_veneer  0x0020b30c        0x0 /home/user/CodeSourcery/Sourcery_G++_Lite/bin/../lib/gcc/arm-none-eabi/4.3.2/../../../../arm-none-eabi/lib/thumb2/libc.a(lib_a-strlen.o)
 .vfp11_veneer  0x0020b30c        0x0 /home/user/CodeSourcery/Sourcery_G++_Lite/bin/../lib/gcc/arm-none-eabi/4.3.2/../../../../arm-none-eabi/lib/thumb2/libc.a(lib_a-strncmp.o)

.janus_2cc_veneer
                0x0020b30c        0x0 load address 0x0020b30b
 .janus_2cc_veneer
                0x0020b30c        0x0 obj_cc2538dk/startup-gcc.o
 .janus_2cc_veneer
                0x0020b30c        0x0 ds18b20-example.co
 .janus_2cc_veneer
                0x0020b30c        0x0 contiki-cc2538dk.a(ds18b20.o)
 .janus_2cc_veneer
                0x0020b30c        0x0 contiki-cc2538dk.a(leds.o)
 .janus_2cc_veneer
                0x0020b30c        0x0 contiki-cc2538dk.a(leds-arch.o)
 .janus_2cc_veneer
                0x0020b30c        0x0 contiki-cc2538dk.a(contiki-main.o)
 .janus_2cc_veneer
                0x0020b30c        0x0 contiki-cc2538dk.a(sensors.o)
 .janus_2cc_veneer
                0x0020b30c        0x0 contiki-cc2538dk.a(smartrf-sensors)
 .janus_2cc_veneer
                0x0020b30c        0x0 contiki-cc2538dk.a(button-sensor.o)
 .janus_2cc_veneer
                0x0020b30c        0x0 contiki-cc2538dk.a(als-sensor.o)
 .janus_2cc_veneer
                0x0020b30c        0x0 contiki-cc2538dk.a(clock.o)
 .janus_2cc_veneer
                0x0020b30c        0x0 contiki-cc2538dk.a(rtimer-arch.o)
 .janus_2cc_veneer
                0x0020b30c        0x0 contiki-cc2538dk.a(uart.o)
 .janus_2cc_veneer
                0x0020b30c        0x0 contiki-cc2538dk.a(watchdog.o)
 .janus_2cc_veneer
                0x0020b30c        0x0 contiki-cc2538dk.a(nvic.o)
 .janus_2cc_veneer
                0x0020b30c        0x0 contiki-cc2538dk.a(cpu.o)
 .janus_2cc_veneer
                0x0020b30c        0x0 contiki-cc2538dk.a(sys-ctrl.o)
 .janus_2cc_veneer
                0x0020b30c        0x0 contiki-cc2538dk.a(gpio.o)
 .janus_2cc_veneer
                0x0020b30c        0x0 contiki-cc2538dk.a(ioc.o)
 .janus_2cc_veneer
                0x0020b30c        0x0 contiki-cc2538dk.a(adc.o)
 .janus_2cc_veneer
                0x0020b30c        0x0 contiki-cc2538dk.a(crypto.o)
 .janus_2cc_veneer
                0x0020b30c        0x0 contiki-cc2538dk.a(cc2538-rf.o)
 .janus_2cc_veneer
                0x0020b30c        0x0 contiki-cc2538dk.a(udma.o)
 .janus_2cc_veneer
                0x0020b30c        0x0 contiki-cc2538dk.a(lpm.o)
 .janus_2cc_veneer
                0x0020b30c        0x0 contiki-cc2538dk.a(dbg.o)
 .janus_2cc_veneer
                0x0020b30c        0x0 contiki-cc2538dk.a(ieee-addr.o)
 .janus_2cc_veneer
                0x0020b30c        0x0 contiki-cc2538dk.a(cc2538-temp-sen)
 .janus_2cc_veneer
                0x0020b30c        0x0 contiki-cc2538dk.a(vdd3-sensor.o)
 .janus_2cc_veneer
                0x0020b30c        0x0 contiki-cc2538dk.a(dbg-printf.o)
 .janus_2cc_veneer
                0x0020b30c        0x0 contiki-cc2538dk.a(strformat.o)
 .janus_2cc_veneer
                0x0020b30c        0x0 contiki-cc2538dk.a(autostart.o)
 .janus_2cc_veneer
                0x0020b30c        0x0 contiki-cc2538dk.a(ctimer.o)
 .janus_2cc_veneer
                0x0020b30c        0x0 contiki-cc2538dk.a(energest.o)
 .janus_2cc_veneer
                0x0020b30c        0x0 contiki-cc2538dk.a(etimer.o)
 .janus_2cc_veneer
                0x0020b30c        0x0 contiki-cc2538dk.a(process.o)
 .janus_2cc_veneer
                0x0020b30c        0x0 contiki-cc2538dk.a(rtimer.o)
 .janus_2cc_veneer
                0x0020b30c        0x0 contiki-cc2538dk.a(timer.o)
 .janus_2cc_veneer
                0x0020b30c        0x0 contiki-cc2538dk.a(serial-line.o)
 .janus_2cc_veneer
                0x0020b30c        0x0 contiki-cc2538dk.a(list.o)
 .janus_2cc_veneer
                0x0020b30c        0x0 contiki-cc2538dk.a(random.o)
 .janus_2cc_veneer
                0x0020b30c        0x0 contiki-cc2538dk.a(ringbuf.o)
 .janus_2cc_veneer
                0x0020b30c        0x0 contiki-cc2538dk.a(sicslowpan.o)
 .janus_2cc_veneer
                0x0020b30c        0x0 contiki-cc2538dk.a(uip6.o)
 .janus_2cc_veneer
                0x0020b30c        0x0 contiki-cc2538dk.a(uip-ds6.o)
 .janus_2cc_veneer
                0x0020b30c        0x0 contiki-cc2538dk.a(uip-ds6-nbr.o)
 .janus_2cc_veneer
                0x0020b30c        0x0 contiki-cc2538dk.a(uip-ds6-route.o)
 .janus_2cc_veneer
                0x0020b30c        0x0 contiki-cc2538dk.a(uip-icmp6.o)
 .janus_2cc_veneer
                0x0020b30c        0x0 contiki-cc2538dk.a(uip-nd6.o)
 .janus_2cc_veneer
                0x0020b30c        0x0 contiki-cc2538dk.a(tcpip.o)
 .janus_2cc_veneer
                0x0020b30c        0x0 contiki-cc2538dk.a(uip-debug.o)
 .janus_2cc_veneer
                0x0020b30c        0x0 contiki-cc2538dk.a(linkaddr.o)
 .janus_2cc_veneer
                0x0020b30c        0x0 contiki-cc2538dk.a(nbr-table.o)
 .janus_2cc_veneer
                0x0020b30c        0x0 contiki-cc2538dk.a(netstack.o)
 .janus_2cc_veneer
                0x0020b30c        0x0 contiki-cc2538dk.a(packetbuf.o)
 .janus_2cc_veneer
                0x0020b30c        0x0 contiki-cc2538dk.a(queuebuf.o)
 .janus_2cc_veneer
                0x0020b30c        0x0 contiki-cc2538dk.a(contikimac.o)
 .janus_2cc_veneer
                0x0020b30c        0x0 contiki-cc2538dk.a(csma.o)
 .janus_2cc_veneer
                0x0020b30c        0x0 contiki-cc2538dk.a(framer-802154.o)
 .janus_2cc_veneer
                0x0020b30c        0x0 contiki-cc2538dk.a(framer.o)
 .janus_2cc_veneer
                0x0020b30c        0x0 contiki-cc2538dk.a(mac.o)
 .janus_2cc_veneer
                0x0020b30c        0x0 contiki-cc2538dk.a(mac-sequence.o)
 .janus_2cc_veneer
                0x0020b30c        0x0 contiki-cc2538dk.a(nullsec.o)
 .janus_2cc_veneer
                0x0020b30c        0x0 contiki-cc2538dk.a(netstack-aes.o)
 .janus_2cc_veneer
                0x0020b30c        0x0 contiki-cc2538dk.a(rpl.o)
 .janus_2cc_veneer
                0x0020b30c        0x0 contiki-cc2538dk.a(rpl-dag.o)
 .janus_2cc_veneer