Archive member included because of file (symbol)

contiki-cc2538dk.a(DHT11-arch.o)
                              FisheryOverIPv6.co (DHT11_Inint)
contiki-cc2538dk.a(oled.o)    FisheryOverIPv6.co (OLED_Display_On1)
contiki-cc2538dk.a(ds18b20-arch.o)
                              FisheryOverIPv6.co (DS18B20_Init)
contiki-cc2538dk.a(leds.o)    FisheryOverIPv6.co (leds_off)
contiki-cc2538dk.a(leds-arch.o)
                              contiki-cc2538dk.a(leds.o) (leds_arch_init)
contiki-cc2538dk.a(contiki-main.o)
                              obj_cc2538dk/startup-gcc.o (main)
contiki-cc2538dk.a(sensors.o)
                              contiki-cc2538dk.a(contiki-main.o) (sensors_process)
contiki-cc2538dk.a(smartrf-sensors)
                              contiki-cc2538dk.a(sensors.o) (sensors)
contiki-cc2538dk.a(button-sensor.o)
                              contiki-cc2538dk.a(contiki-main.o) (button_sensor_init)
contiki-cc2538dk.a(als-sensor.o)
                              contiki-cc2538dk.a(smartrf-sensors) (als_sensor)
contiki-cc2538dk.a(clock.o)   contiki-cc2538dk.a(contiki-main.o) (clock_init)
contiki-cc2538dk.a(rtimer-arch.o)
                              contiki-cc2538dk.a(clock.o) (rtimer_arch_now)
contiki-cc2538dk.a(uart.o)    contiki-cc2538dk.a(contiki-main.o) (uart_set_input)
contiki-cc2538dk.a(watchdog.o)
                              contiki-cc2538dk.a(contiki-main.o) (watchdog_init)
contiki-cc2538dk.a(nvic.o)    contiki-cc2538dk.a(contiki-main.o) (nvic_init)
contiki-cc2538dk.a(cpu.o)     contiki-cc2538dk.a(contiki-main.o) (cpu_cpsie)
contiki-cc2538dk.a(sys-ctrl.o)
                              contiki-cc2538dk.a(contiki-main.o) (sys_ctrl_init)
contiki-cc2538dk.a(gpio.o)    contiki-cc2538dk.a(button-sensor.o) (gpio_register_callback)
contiki-cc2538dk.a(ioc.o)     contiki-cc2538dk.a(contiki-main.o) (ioc_init)
contiki-cc2538dk.a(adc.o)     contiki-cc2538dk.a(contiki-main.o) (adc_init)
contiki-cc2538dk.a(crypto.o)  obj_cc2538dk/startup-gcc.o (crypto_isr)
contiki-cc2538dk.a(cc2538-rf.o)
                              obj_cc2538dk/startup-gcc.o (cc2538_rf_err_isr)
contiki-cc2538dk.a(udma.o)    contiki-cc2538dk.a(cc2538-rf.o) (udma_set_channel_src)
contiki-cc2538dk.a(lpm.o)     contiki-cc2538dk.a(uart.o) (lpm_register_peripheral)
contiki-cc2538dk.a(dbg.o)     FisheryOverIPv6.co (puts)
contiki-cc2538dk.a(ieee-addr.o)
                              contiki-cc2538dk.a(contiki-main.o) (ieee_addr_cpy_to)
contiki-cc2538dk.a(cc2538-temp-sen)
                              contiki-cc2538dk.a(smartrf-sensors) (cc2538_temp_sensor)
contiki-cc2538dk.a(vdd3-sensor.o)
                              contiki-cc2538dk.a(smartrf-sensors) (vdd3_sensor)
contiki-cc2538dk.a(dbg-printf.o)
                              FisheryOverIPv6.co (printf)
contiki-cc2538dk.a(strformat.o)
                              contiki-cc2538dk.a(dbg-printf.o) (format_str_v)
contiki-cc2538dk.a(autostart.o)
                              contiki-cc2538dk.a(contiki-main.o) (autostart_start)
contiki-cc2538dk.a(ctimer.o)  contiki-cc2538dk.a(contiki-main.o) (ctimer_init)
contiki-cc2538dk.a(energest.o)
                              contiki-cc2538dk.a(contiki-main.o) (energest_init)
contiki-cc2538dk.a(etimer.o)  FisheryOverIPv6.co (etimer_expired)
contiki-cc2538dk.a(process.o)
                              contiki-cc2538dk.a(sensors.o) (process_alloc_event)
contiki-cc2538dk.a(rtimer.o)  contiki-cc2538dk.a(rtimer-arch.o) (rtimer_run_next)
contiki-cc2538dk.a(timer.o)   contiki-cc2538dk.a(etimer.o) (timer_reset)
contiki-cc2538dk.a(serial-line.o)
                              contiki-cc2538dk.a(contiki-main.o) (serial_line_init)
contiki-cc2538dk.a(list.o)    contiki-cc2538dk.a(ctimer.o) (list_init)
contiki-cc2538dk.a(random.o)  contiki-cc2538dk.a(contiki-main.o) (random_init)
contiki-cc2538dk.a(ringbuf.o)
                              contiki-cc2538dk.a(serial-line.o) (ringbuf_init)
contiki-cc2538dk.a(sicslowpan.o)
                              contiki-cc2538dk.a(contiki-main.o) (sicslowpan_driver)
contiki-cc2538dk.a(uip6.o)    contiki-cc2538dk.a(sicslowpan.o) (uip_aligned_buf)
contiki-cc2538dk.a(uip-ds6.o)
                              contiki-cc2538dk.a(uip6.o) (uip_ds6_if)
contiki-cc2538dk.a(uip-ds6-nbr.o)
                              contiki-cc2538dk.a(sicslowpan.o) (uip_ds6_link_neighbor_callback)
contiki-cc2538dk.a(uip-ds6-route.o)
                              contiki-cc2538dk.a(uip-ds6-nbr.o) (uip_ds6_defrt_lookup)
contiki-cc2538dk.a(uip-icmp6.o)
                              contiki-cc2538dk.a(uip6.o) (uip_icmp6_input)
contiki-cc2538dk.a(uip-nd6.o)
                              contiki-cc2538dk.a(uip6.o) (uip_nd6_init)
contiki-cc2538dk.a(ip64-addr.o)
                              FisheryOverIPv6.co (ip64_addr_4to6)
contiki-cc2538dk.a(tcpip.o)   contiki-cc2538dk.a(sicslowpan.o) (tcpip_set_outputfunc)
contiki-cc2538dk.a(udp-socket.o)
                              FisheryOverIPv6.co (udp_socket_bind)
contiki-cc2538dk.a(uip-debug.o)
[...]
Memory Configuration

Name             Origin             Length             Attributes
FLASH            0x00200000         0x0007ffd4         xr
FLASH_CCA        0x0027ffd4         0x0000002c         xr
SRAM             0x20000000         0x00008000         xrw
*default*        0x00000000         0xffffffff

Linker script and memory map

LOAD obj_cc2538dk/startup-gcc.o
LOAD FisheryOverIPv6.co
LOAD contiki-cc2538dk.a
START GROUP
LOAD /home/user/CodeSourcery/Sourcery_G++_Lite/bin/../lib/gcc/arm-none-eabi/4.3.2/thumb2/libgcc.a
LOAD /home/user/CodeSourcery/Sourcery_G++_Lite/bin/../lib/gcc/arm-none-eabi/4.3.2/../../../../arm-none-eabi/lib/thumb2/libc.a
END GROUP

.text           0x00200000     0xcc0d
                0x00200000                _text = .
 *(SORT(.vectors))
 .vectors       0x00200000      0x28c obj_cc2538dk/startup-gcc.o
                0x00200000                vectors
 *(SORT(.text*))
 .text.default_handler
                0x0020028c        0x4 obj_cc2538dk/startup-gcc.o
                0x0020028c                default_handler
                0x0020028c                usb_isr
 .text.reset_handler
                0x00200290       0x40 obj_cc2538dk/startup-gcc.o
                0x00200290                reset_handler
 .text.nmi_handler
                0x002002d0        0x8 obj_cc2538dk/startup-gcc.o
                0x002002d0                nmi_handler
 .text.receiver_callback
                0x002002d8       0x20 FisheryOverIPv6.co
 .text.process_thread_unicast_example_process
                0x002002f8      0x2e4 FisheryOverIPv6.co
 .text.route_callback
                0x002005dc       0x18 FisheryOverIPv6.co
 .text.gpio_set1
                0x002005f4        0x8 contiki-cc2538dk.a(DHT11-arch.o)
 .text.gpio_get1
                0x002005fc        0x8 contiki-cc2538dk.a(DHT11-arch.o)
 .text.Delay_us_dht11
                0x00200604        0x8 contiki-cc2538dk.a(DHT11-arch.o)
 .text.Start_DHT11
                0x0020060c       0x94 contiki-cc2538dk.a(DHT11-arch.o)
                0x0020060c                Start_DHT11
 .text.Delay_ms_dht11
                0x002006a0       0x20 contiki-cc2538dk.a(DHT11-arch.o)
                0x002006a0                Delay_ms_dht11
 .text.DHT11_Inint
                0x002006c0      0x1cc contiki-cc2538dk.a(DHT11-arch.o)
                0x002006c0                DHT11_Inint
 .text.gpio_set1
                0x0020088c        0x8 contiki-cc2538dk.a(oled.o)
 .text.gpio_reset1
                0x00200894        0x8 contiki-cc2538dk.a(oled.o)
 .text.OLED_WrDat1
                0x0020089c       0x64 contiki-cc2538dk.a(oled.o)
                0x0020089c                OLED_WrDat1
 .text.OLED_WrCmd1
                0x00200900       0x64 contiki-cc2538dk.a(oled.o)
                0x00200900                OLED_WrCmd1
 .text.OLED_Setpos1
                0x00200964       0x24 contiki-cc2538dk.a(oled.o)
                0x00200964                OLED_Setpos1
 .text.OLED_Fill1
                0x00200988       0x34 contiki-cc2538dk.a(oled.o)
                0x00200988                OLED_Fill1
 .text.OLED_Display_On1
                0x002009bc       0x18 contiki-cc2538dk.a(oled.o)
                0x002009bc                OLED_Display_On1
 .text.OLED_Display_Off1
                0x002009d4       0x18 contiki-cc2538dk.a(oled.o)
                0x002009d4                OLED_Display_Off1
 .text.OLED_P8x16Str
                0x002009ec       0x88 contiki-cc2538dk.a(oled.o)
                0x002009ec                OLED_P8x16Str
 .text.OLED_Init1
                0x00200a74       0xe0 contiki-cc2538dk.a(oled.o)
                0x00200a74                OLED_Init1
 .text.DS18B20_IO_OUT
                0x00200b54       0x10 contiki-cc2538dk.a(ds18b20-arch.o)
                0x00200b54                DS18B20_IO_OUT
 .text.DS18B20_IO_IN
                0x00200b64       0x10 contiki-cc2538dk.a(ds18b20-arch.o)
                0x00200b64                DS18B20_IO_IN
 .text.delay_us
                0x00200b74        0xc contiki-cc2538dk.a(ds18b20-arch.o)
                0x00200b74                delay_us
 .text.DS18B20_Write_Byte
                0x00200b80       0x48 contiki-cc2538dk.a(ds18b20-arch.o)
                0x00200b80                DS18B20_Write_Byte
 .text.DS18B20_Read_Bit
                0x00200bc8       0x34 contiki-cc2538dk.a(ds18b20-arch.o)
                0x00200bc8                DS18B20_Read_Bit
 .text.DS18B20_Read_Byte
                0x00200bfc       0x20 contiki-cc2538dk.a(ds18b20-arch.o)
                0x00200bfc                DS18B20_Read_Byte
 .text.DS18B20_Check
                0x00200c1c       0x50 contiki-cc2538dk.a(ds18b20-arch.o)
                0x00200c1c                DS18B20_Check
 .text.DS18B20_Rst
                0x00200c6c       0x24 contiki-cc2538dk.a(ds18b20-arch.o)
                0x00200c6c                DS18B20_Rst
 .text.DS18B20_Init
                0x00200c90       0x18 contiki-cc2538dk.a(ds18b20-arch.o)
                0x00200c90                DS18B20_Init
 .text.DS18B20_Start
                0x00200ca8       0x18 contiki-cc2538dk.a(ds18b20-arch.o)
                0x00200ca8                DS18B20_Start
 .text.DS18B20_Get_Temp
                0x00200cc0       0x64 contiki-cc2538dk.a(ds18b20-arch.o)
                0x00200cc0                DS18B20_Get_Temp
 .text.ds18b20_read
                0x00200d24       0x7c contiki-cc2538dk.a(ds18b20-arch.o)
                0x00200d24                ds18b20_read
 .text.show_leds
                0x00200da0       0x10 contiki-cc2538dk.a(leds.o)
 .text.leds_off
                0x00200db0       0x14 contiki-cc2538dk.a(leds.o)
                0x00200db0                leds_off
 .text.leds_on  0x00200dc4       0x14 contiki-cc2538dk.a(leds.o)
                0x00200dc4                leds_on
 .text.leds_init
                0x00200dd8       0x14 contiki-cc2538dk.a(leds.o)
                0x00200dd8                leds_init
 .text.leds_arch_init
                0x00200dec       0x10 contiki-cc2538dk.a(leds-arch.o)
                0x00200dec                leds_arch_init
 .text.leds_arch_set
                0x00200dfc        0xc contiki-cc2538dk.a(leds-arch.o)
                0x00200dfc                leds_arch_set
 .text.fade     0x00200e08       0x54 contiki-cc2538dk.a(contiki-main.o)
 .text.main     0x00200e5c      0x1d4 contiki-cc2538dk.a(contiki-main.o)
                0x00200e5c                main
 .text.get_sensor_index
                0x00201030       0x24 contiki-cc2538dk.a(sensors.o)
 .text.process_thread_sensors_process
                0x00201054       0xdc contiki-cc2538dk.a(sensors.o)
 .text.sensors_changed
                0x00201130       0x24 contiki-cc2538dk.a(sensors.o)
                0x00201130                sensors_changed
 .text.config   0x00201154       0x40 contiki-cc2538dk.a(button-sensor.o)
 .text.config_down
                0x00201194       0x30 contiki-cc2538dk.a(button-sensor.o)
 .text.config_up
                0x002011c4       0x30 contiki-cc2538dk.a(button-sensor.o)
 .text.config_right
                0x002011f4       0x30 contiki-cc2538dk.a(button-sensor.o)
 .text.config_left
                0x00201224       0x30 contiki-cc2538dk.a(button-sensor.o)
 .text.config_select
                0x00201254       0x30 contiki-cc2538dk.a(button-sensor.o)
 .text.button_sensor_init
                0x00201284       0x10 contiki-cc2538dk.a(button-sensor.o)
                0x00201284                button_sensor_init
 .text.btn_callback
                0x00201294       0x60 contiki-cc2538dk.a(button-sensor.o)
 .text.status   0x002012f4        0x4 contiki-cc2538dk.a(als-sensor.o)
 .text.configure
                0x002012f8       0x54 contiki-cc2538dk.a(als-sensor.o)
 .text.value    0x0020134c       0x28 contiki-cc2538dk.a(als-sensor.o)
 .text.clock_init
                0x00201374       0x50 contiki-cc2538dk.a(clock.o)
                0x00201374                clock_init
 .text.clock_time
                0x002013c4       0x14 contiki-cc2538dk.a(clock.o)
                0x002013c4                clock_time
 .text.clock_seconds
                0x002013d8       0x14 contiki-cc2538dk.a(clock.o)
                0x002013d8                clock_seconds
 .text.clock_delay_usec
                0x002013ec       0x24 contiki-cc2538dk.a(clock.o)
                0x002013ec                clock_delay_usec
 .text.update_ticks
                0x00201410       0x4c contiki-cc2538dk.a(clock.o)
 .text.clock_isr
                0x0020145c        0x8 contiki-cc2538dk.a(clock.o)
                0x0020145c                clock_isr
 .text.clock_adjust
                0x00201464       0x20 contiki-cc2538dk.a(clock.o)
                0x00201464                clock_adjust
 .text.rtimer_arch_init
                0x00201484        0x4 contiki-cc2538dk.a(rtimer-arch.o)
                0x00201484                rtimer_arch_init
 .text.rtimer_arch_next_trigger
                0x00201488        0xc contiki-cc2538dk.a(rtimer-arch.o)
                0x00201488                rtimer_arch_next_trigger
 .text.rtimer_arch_now
                0x00201494       0x24 contiki-cc2538dk.a(rtimer-arch.o)
                0x00201494                rtimer_arch_now
 .text.rtimer_isr
                0x002014b8       0x24 contiki-cc2538dk.a(rtimer-arch.o)
                0x002014b8                rtimer_isr
 .text.rtimer_arch_schedule
                0x002014dc       0x58 contiki-cc2538dk.a(rtimer-arch.o)
                0x002014dc                rtimer_arch_schedule
 .text.permit_pm1
                0x00201534       0x30 contiki-cc2538dk.a(uart.o)
 .text.uart_set_input
                0x00201564       0x10 contiki-cc2538dk.a(uart.o)
                0x00201564                uart_set_input
 .text.uart_write_byte
                0x00201574       0x20 contiki-cc2538dk.a(uart.o)
                0x00201574                uart_write_byte
 .text.uart_isr
                0x00201594       0x64 contiki-cc2538dk.a(uart.o)
 .text.uart0_isr
                0x002015f8        0xc contiki-cc2538dk.a(uart.o)
                0x002015f8                uart0_isr
 .text.uart1_isr
                0x00201604        0xc contiki-cc2538dk.a(uart.o)
                0x00201604                uart1_isr
 .text.uart_init
                0x00201610      0x194 contiki-cc2538dk.a(uart.o)
                0x00201610                uart_init
 .text.watchdog_init
                0x002017a4        0xc contiki-cc2538dk.a(watchdog.o)
                0x002017a4                watchdog_init
 .text.watchdog_start
                0x002017b0        0xc contiki-cc2538dk.a(watchdog.o)
                0x002017b0                watchdog_start
 .text.watchdog_periodic
                0x002017bc       0x10 contiki-cc2538dk.a(watchdog.o)
                0x002017bc                watchdog_periodic
 .text.nvic_init
                0x002017cc       0x3c contiki-cc2538dk.a(nvic.o)
                0x002017cc                nvic_init
 .text.nvic_interrupt_enable
                0x00201808       0x18 contiki-cc2538dk.a(nvic.o)
                0x00201808                nvic_interrupt_enable
 .text.nvic_interrupt_disable
                0x00201820       0x18 contiki-cc2538dk.a(nvic.o)
                0x00201820                nvic_interrupt_disable
 .text.nvic_interrupt_unpend
                0x00201838       0x18 contiki-cc2538dk.a(nvic.o)
                0x00201838                nvic_interrupt_unpend
 .text.cpu_cpsie
                0x00201850        0x8 contiki-cc2538dk.a(cpu.o)
                0x00201850                cpu_cpsie
 .text.cpu_cpsid
                0x00201858        0x8 contiki-cc2538dk.a(cpu.o)
                0x00201858                cpu_cpsid
 .text.sys_ctrl_init
                0x00201860       0x28 contiki-cc2538dk.a(sys-ctrl.o)
                0x00201860                sys_ctrl_init
 .text.gpio_register_callback
                0x00201888       0x10 contiki-cc2538dk.a(gpio.o)
                0x00201888                gpio_register_callback
 .text.notify   0x00201898       0x34 contiki-cc2538dk.a(gpio.o)
                0x00201898                notify
 .text.gpio_init
                0x002018cc       0x14 contiki-cc2538dk.a(gpio.o)
                0x002018cc                gpio_init
 .text.gpio_port_isr
                0x002018e0       0x4c contiki-cc2538dk.a(gpio.o)
 .text.gpio_port_d_isr
                0x0020192c        0xc contiki-cc2538dk.a(gpio.o)
                0x0020192c                gpio_port_d_isr
 .text.gpio_port_c_isr
                0x00201938        0xc contiki-cc2538dk.a(gpio.o)
                0x00201938                gpio_port_c_isr
 .text.gpio_port_b_isr
                0x00201944        0xc contiki-cc2538dk.a(gpio.o)
                0x00201944                gpio_port_b_isr
 .text.gpio_port_a_isr
                0x00201950        0xc contiki-cc2538dk.a(gpio.o)
                0x00201950                gpio_port_a_isr
 .text.ioc_init
                0x0020195c       0x1c contiki-cc2538dk.a(ioc.o)
                0x0020195c                ioc_init
 .text.ioc_set_over
                0x00201978       0x14 contiki-cc2538dk.a(ioc.o)
                0x00201978                ioc_set_over
 .text.ioc_set_sel
                0x0020198c       0x14 contiki-cc2538dk.a(ioc.o)
                0x0020198c                ioc_set_sel
 .text.adc_init
                0x002019a0       0x10 contiki-cc2538dk.a(adc.o)
                0x002019a0                adc_init
 .text.adc_get  0x002019b0       0x74 contiki-cc2538dk.a(adc.o)
                0x002019b0                adc_get
 .text.crypto_isr
                0x00201a24       0x24 contiki-cc2538dk.a(crypto.o)
                0x00201a24                crypto_isr
 .text.set_frame_filtering
                0x00201a48       0x1c contiki-cc2538dk.a(cc2538-rf.o)
 .text.on       0x00201a64       0x2c contiki-cc2538dk.a(cc2538-rf.o)
 .text.off      0x00201a90       0x3c contiki-cc2538dk.a(cc2538-rf.o)
 .text.set_channel
                0x00201acc       0x4c contiki-cc2538dk.a(cc2538-rf.o)
 .text.channel_clear
                0x00201b18       0x3c contiki-cc2538dk.a(cc2538-rf.o)
 .text.receiving_packet
                0x00201b54       0x18 contiki-cc2538dk.a(cc2538-rf.o)
 .text.pending_packet
                0x00201b6c       0x10 contiki-cc2538dk.a(cc2538-rf.o)
 .text.get_value
                0x00201b7c      0x114 contiki-cc2538dk.a(cc2538-rf.o)
 .text.set_value
                0x00201c90       0xe4 contiki-cc2538dk.a(cc2538-rf.o)
 .text.get_object
                0x00201d74       0x2c contiki-cc2538dk.a(cc2538-rf.o)
 .text.set_object
                0x00201da0       0x28 contiki-cc2538dk.a(cc2538-rf.o)
 .text.read     0x00201dc8       0xdc contiki-cc2538dk.a(cc2538-rf.o)
 .text.cc2538_rf_err_isr
                0x00201ea4       0x30 contiki-cc2538dk.a(cc2538-rf.o)
                0x00201ea4                cc2538_rf_err_isr
 .text.cc2538_rf_rx_tx_isr
                0x00201ed4       0x18 contiki-cc2538dk.a(cc2538-rf.o)
                0x00201ed4                cc2538_rf_rx_tx_isr
 .text.transmit
                0x00201eec       0x9c contiki-cc2538dk.a(cc2538-rf.o)
 .text.prepare  0x00201f88       0x68 contiki-cc2538dk.a(cc2538-rf.o)
 .text.send     0x00201ff0       0x10 contiki-cc2538dk.a(cc2538-rf.o)
 .text.init     0x00202000       0xd8 contiki-cc2538dk.a(cc2538-rf.o)
 .text.process_thread_cc2538_rf_process
                0x002020d8       0x7c contiki-cc2538dk.a(cc2538-rf.o)
 .text.udma_set_channel_src
                0x00202154       0x10 contiki-cc2538dk.a(udma.o)
                0x00202154                udma_set_channel_src
 .text.udma_set_channel_dst
                0x00202164       0x14 contiki-cc2538dk.a(udma.o)
                0x00202164                udma_set_channel_dst
 .text.udma_set_channel_control_word
                0x00202178       0x14 contiki-cc2538dk.a(udma.o)
                0x00202178                udma_set_channel_control_word
 .text.udma_channel_enable
                0x0020218c       0x18 contiki-cc2538dk.a(udma.o)
                0x0020218c                udma_channel_enable
 .text.udma_channel_mask_set
                0x002021a4       0x18 contiki-cc2538dk.a(udma.o)
                0x002021a4                udma_channel_mask_set
 .text.udma_channel_sw_request
                0x002021bc       0x18 contiki-cc2538dk.a(udma.o)
                0x002021bc                udma_channel_sw_request
 .text.udma_channel_get_mode
                0x002021d4       0x1c contiki-cc2538dk.a(udma.o)
                0x002021d4                udma_channel_get_mode
 .text.udma_isr
                0x002021f0       0x10 contiki-cc2538dk.a(udma.o)
                0x002021f0                udma_isr
 .text.udma_err_isr
                0x00202200        0xc contiki-cc2538dk.a(udma.o)
                0x00202200                udma_err_isr
 .text.udma_init
                0x0020220c       0x30 contiki-cc2538dk.a(udma.o)
                0x0020220c                udma_init
 .text.enter_pm0
                0x0020223c        0x4 contiki-cc2538dk.a(lpm.o)
 .text.select_32_mhz_xosc
                0x00202240       0x34 contiki-cc2538dk.a(lpm.o)
 .text.lpm_register_peripheral
                0x00202274       0x30 contiki-cc2538dk.a(lpm.o)
                0x00202274                lpm_register_peripheral
 .text.lpm_init
                0x002022a4       0x24 contiki-cc2538dk.a(lpm.o)
                0x002022a4                lpm_init
 .text.lpm_enter
                0x002022c8       0xc8 contiki-cc2538dk.a(lpm.o)
                0x002022c8                lpm_enter
 .text.lpm_exit
                0x00202390       0x38 contiki-cc2538dk.a(lpm.o)
                0x00202390                lpm_exit
 .text.putchar  0x002023c8       0x10 contiki-cc2538dk.a(dbg.o)
                0x002023c8                putchar
 .text.puts     0x002023d8       0x24 contiki-cc2538dk.a(dbg.o)
                0x002023d8                puts
 .text.dbg_send_bytes
                0x002023fc       0x24 contiki-cc2538dk.a(dbg.o)
                0x002023fc                dbg_send_bytes
 .text.ieee_addr_cpy_to
                0x00202420       0x78 contiki-cc2538dk.a(ieee-addr.o)
                0x00202420                ieee_addr_cpy_to
 .text.configure
                0x00202498        0x4 contiki-cc2538dk.a(cc2538-temp-sen)
 .text.status   0x0020249c        0x4 contiki-cc2538dk.a(cc2538-temp-sen)
 .text.value    0x002024a0       0x3c contiki-cc2538dk.a(cc2538-temp-sen)
 .text.configure
                0x002024dc        0x4 contiki-cc2538dk.a(vdd3-sensor.o)
 .text.status   0x002024e0        0x4 contiki-cc2538dk.a(vdd3-sensor.o)
 .text.value    0x002024e4       0x2c contiki-cc2538dk.a(vdd3-sensor.o)
 .text.printf   0x00202510       0x20 contiki-cc2538dk.a(dbg-printf.o)
                0x00202510                printf
 .text.write_str
                0x00202530       0x10 contiki-cc2538dk.a(dbg-printf.o)
 .text.parse_uint
                0x00202540       0x24 contiki-cc2538dk.a(strformat.o)
 .text.output_uint_hex
                0x00202564       0x48 contiki-cc2538dk.a(strformat.o)
 .text.fill_space
                0x002025ac       0x38 contiki-cc2538dk.a(strformat.o)
 .text.format_str_v
                0x002025e4      0x6c8 contiki-cc2538dk.a(strformat.o)
                0x002025e4                format_str_v
 .text.autostart_start
                0x00202cac       0x18 contiki-cc2538dk.a(autostart.o)
                0x00202cac                autostart_start
 .text.process_thread_ctimer_process
                0x00202cc4       0x8c contiki-cc2538dk.a(ctimer.o)
 .text.ctimer_stop
                0x00202d50       0x28 contiki-cc2538dk.a(ctimer.o)
                0x00202d50                ctimer_stop
 .text.ctimer_set
                0x00202d78       0x44 contiki-cc2538dk.a(ctimer.o)
                0x00202d78                ctimer_set
 .text.ctimer_reset
                0x00202dbc       0x34 contiki-cc2538dk.a(ctimer.o)
                0x00202dbc                ctimer_reset
 .text.ctimer_init
                0x00202df0       0x24 contiki-cc2538dk.a(ctimer.o)
                0x00202df0                ctimer_init
 .text.energest_init
                0x00202e14        0x4 contiki-cc2538dk.a(energest.o)
                0x00202e14                energest_init
 .text.etimer_expired
                0x00202e18        0xc contiki-cc2538dk.a(etimer.o)
                0x00202e18                etimer_expired
 .text.etimer_expiration_time
                0x00202e24        0x8 contiki-cc2538dk.a(etimer.o)
                0x00202e24                etimer_expiration_time
 .text.etimer_pending
                0x00202e2c       0x10 contiki-cc2538dk.a(etimer.o)
                0x00202e2c                etimer_pending
 .text.update_time
                0x00202e3c       0x44 contiki-cc2538dk.a(etimer.o)
 .text.etimer_stop
                0x00202e80       0x34 contiki-cc2538dk.a(etimer.o)
                0x00202e80                etimer_stop
 .text.etimer_request_poll
                0x00202eb4       0x10 contiki-cc2538dk.a(etimer.o)
                0x00202eb4                etimer_request_poll
 .text.process_thread_etimer_process
                0x00202ec4       0xa0 contiki-cc2538dk.a(etimer.o)
 .text.add_timer
                0x00202f64       0x40 contiki-cc2538dk.a(etimer.o)
 .text.etimer_restart
                0x00202fa4       0x10 contiki-cc2538dk.a(etimer.o)
                0x00202fa4                etimer_restart
 .text.etimer_reset
                0x00202fb4       0x10 contiki-cc2538dk.a(etimer.o)
                0x00202fb4                etimer_reset
 .text.etimer_set
                0x00202fc4       0x10 contiki-cc2538dk.a(etimer.o)
                0x00202fc4                etimer_set
 .text.process_alloc_event
                0x00202fd4       0x10 contiki-cc2538dk.a(process.o)
                0x00202fd4                process_alloc_event
 .text.process_init
                0x00202fe4       0x30 contiki-cc2538dk.a(process.o)
                0x00202fe4                process_init
 .text.process_nevents
                0x00203014       0x14 contiki-cc2538dk.a(process.o)
                0x00203014                process_nevents
 .text.process_post
                0x00203028       0x50 contiki-cc2538dk.a(process.o)
                0x00203028                process_post
 .text.process_poll
                0x00203078       0x1c contiki-cc2538dk.a(process.o)
                0x00203078                process_poll
 .text.process_is_running
                0x00203094        0xc contiki-cc2538dk.a(process.o)
                0x00203094                process_is_running
 .text.exit_process
                0x002030a0       0x8c contiki-cc2538dk.a(process.o)
 .text.call_process
                0x0020312c       0x40 contiki-cc2538dk.a(process.o)
 .text.process_post_synch
                0x0020316c       0x14 contiki-cc2538dk.a(process.o)
                0x0020316c                process_post_synch
 .text.process_start
                0x00203180       0x30 contiki-cc2538dk.a(process.o)
                0x00203180                process_start
 .text.do_poll  0x002031b0       0x34 contiki-cc2538dk.a(process.o)
 .text.process_run
                0x002031e4       0xb8 contiki-cc2538dk.a(process.o)
                0x002031e4                process_run
 .text.rtimer_run_next
                0x0020329c       0x24 contiki-cc2538dk.a(rtimer.o)
                0x0020329c                rtimer_run_next
 .text.rtimer_set
                0x002032c0       0x24 contiki-cc2538dk.a(rtimer.o)
                0x002032c0                rtimer_set
 .text.rtimer_init
                0x002032e4        0x8 contiki-cc2538dk.a(rtimer.o)
                0x002032e4                rtimer_init
 .text.timer_reset
                0x002032ec        0xc contiki-cc2538dk.a(timer.o)
                0x002032ec                timer_reset
 .text.timer_expired
                0x002032f8       0x1c contiki-cc2538dk.a(timer.o)
                0x002032f8                timer_expired
 .text.timer_restart
                0x00203314        0xc contiki-cc2538dk.a(timer.o)
                0x00203314                timer_restart
 .text.timer_set
                0x00203320       0x10 contiki-cc2538dk.a(timer.o)
                0x00203320                timer_set
 .text.process_thread_serial_line_process
                0x00203330       0xa8 contiki-cc2538dk.a(serial-line.o)
 .text.serial_line_init
                0x002033d8       0x24 contiki-cc2538dk.a(serial-line.o)
                0x002033d8                serial_line_init
 .text.serial_line_input_byte
                0x002033fc       0x44 contiki-cc2538dk.a(serial-line.o)
                0x002033fc                serial_line_input_byte
 .text.list_init
                0x00203440        0x8 contiki-cc2538dk.a(list.o)
                0x00203440                list_init
 .text.list_head
                0x00203448        0x4 contiki-cc2538dk.a(list.o)
                0x00203448                list_head
 .text.list_tail
                0x0020344c       0x10 contiki-cc2538dk.a(list.o)
                0x0020344c                list_tail
 .text.list_remove
                0x0020345c       0x28 contiki-cc2538dk.a(list.o)
                0x0020345c                list_remove
 .text.list_push
                0x00203484       0x14 contiki-cc2538dk.a(list.o)
                0x00203484                list_push
 .text.list_add
                0x00203498       0x20 contiki-cc2538dk.a(list.o)
                0x00203498                list_add
 .text.list_length
                0x002034b8       0x10 contiki-cc2538dk.a(list.o)
                0x002034b8                list_length
 .text.list_item_next
                0x002034c8        0x8 contiki-cc2538dk.a(list.o)
                0x002034c8                list_item_next
 .text.random_rand
                0x002034d0       0x24 contiki-cc2538dk.a(random.o)
                0x002034d0                random_rand
 .text.random_init
                0x002034f4       0x90 contiki-cc2538dk.a(random.o)
                0x002034f4                random_init
 .text.ringbuf_init
                0x00203584       0x10 contiki-cc2538dk.a(ringbuf.o)
                0x00203584                ringbuf_init
 .text.ringbuf_put
                0x00203594       0x2c contiki-cc2538dk.a(ringbuf.o)
                0x00203594                ringbuf_put
 .text.ringbuf_get
                0x002035c0       0x28 contiki-cc2538dk.a(ringbuf.o)
                0x002035c0                ringbuf_get
 .text.addr_context_lookup_by_number
                0x002035e8       0x18 contiki-cc2538dk.a(sicslowpan.o)
 .text.compress_addr_64
                0x00203600       0xa0 contiki-cc2538dk.a(sicslowpan.o)
 .text.uncompress_addr
                0x002036a0       0x74 contiki-cc2538dk.a(sicslowpan.o)
 .text.set_packet_attrs
                0x00203714       0x44 contiki-cc2538dk.a(sicslowpan.o)
 .text.input    0x00203758      0x620 contiki-cc2538dk.a(sicslowpan.o)
 .text.sicslowpan_init
                0x00203d78       0x24 contiki-cc2538dk.a(sicslowpan.o)
                0x00203d78                sicslowpan_init
 .text.addr_context_lookup_by_prefix
                0x00203d9c       0x24 contiki-cc2538dk.a(sicslowpan.o)
 .text.send_packet
                0x00203dc0       0x24 contiki-cc2538dk.a(sicslowpan.o)
 .text.output   0x00203de4      0x6d4 contiki-cc2538dk.a(sicslowpan.o)
 .text.packet_sent
                0x002044b8       0x28 contiki-cc2538dk.a(sicslowpan.o)
 .text.uip_add32
                0x002044e0       0x60 contiki-cc2538dk.a(uip6.o)
                0x002044e0                uip_add32
 .text.chksum   0x00204540       0x38 contiki-cc2538dk.a(uip6.o)
 .text.uip_unlisten
                0x00204578       0x3c contiki-cc2538dk.a(uip6.o)
                0x00204578                uip_unlisten
 .text.uip_add_rcv_nxt
                0x002045b4       0x34 contiki-cc2538dk.a(uip6.o)
 .text.uip_htons
                0x002045e8        0xc contiki-cc2538dk.a(uip6.o)
                0x002045e8                uip_htons
 .text.upper_layer_chksum
                0x002045f4       0x50 contiki-cc2538dk.a(uip6.o)
 .text.uip_udpchksum
                0x00204644        0xc contiki-cc2538dk.a(uip6.o)
                0x00204644                uip_udpchksum
 .text.uip_tcpchksum
                0x00204650        0xc contiki-cc2538dk.a(uip6.o)
                0x00204650                uip_tcpchksum
 .text.uip_icmp6chksum
                0x0020465c        0xc contiki-cc2538dk.a(uip6.o)
                0x0020465c                uip_icmp6chksum
 .text.uip_htonl
                0x00204668       0x18 contiki-cc2538dk.a(uip6.o)
                0x00204668                uip_htonl
 .text.ext_hdr_options_process
                0x00204680       0xb8 contiki-cc2538dk.a(uip6.o)
 .text.uip_udp_new
                0x00204738       0xac contiki-cc2538dk.a(uip6.o)
                0x00204738                uip_udp_new
 .text.remove_ext_hdr
                0x002047e4       0x58 contiki-cc2538dk.a(uip6.o)
                0x002047e4                remove_ext_hdr
 .text.uip_process
                0x0020483c      0xe5c contiki-cc2538dk.a(uip6.o)
                0x0020483c                uip_process
 .text.uip_init
                0x00205698       0x78 contiki-cc2538dk.a(uip6.o)
                0x00205698                uip_init
 .text.uip_ds6_get_link_local
                0x00205710       0x44 contiki-cc2538dk.a(uip-ds6.o)
                0x00205710                uip_ds6_get_link_local
 .text.uip_ds6_maddr_rm
                0x00205754        0x8 contiki-cc2538dk.a(uip-ds6.o)
                0x00205754                uip_ds6_maddr_rm
 .text.get_match_length
                0x0020575c       0x44 contiki-cc2538dk.a(uip-ds6.o)
                0x0020575c                get_match_length
 .text.uip_ds6_select_src
                0x002057a0       0x98 contiki-cc2538dk.a(uip-ds6.o)
                0x002057a0                uip_ds6_select_src
 .text.uip_ds6_compute_reachable_time
                0x00205838       0x28 contiki-cc2538dk.a(uip-ds6.o)
                0x00205838                uip_ds6_compute_reachable_time
 .text.uip_ds6_set_addr_iid
                0x00205860       0x18 contiki-cc2538dk.a(uip-ds6.o)
                0x00205860                uip_ds6_set_addr_iid
 .text.uip_ds6_is_addr_onlink
                0x00205878       0x40 contiki-cc2538dk.a(uip-ds6.o)
                0x00205878                uip_ds6_is_addr_onlink
 .text.uip_ds6_list_loop
                0x002058b8       0x48 contiki-cc2538dk.a(uip-ds6.o)
                0x002058b8                uip_ds6_list_loop
 .text.uip_ds6_maddr_lookup
                0x00205900       0x28 contiki-cc2538dk.a(uip-ds6.o)
                0x00205900                uip_ds6_maddr_lookup
 .text.uip_ds6_addr_rm
                0x00205928       0x48 contiki-cc2538dk.a(uip-ds6.o)
                0x00205928                uip_ds6_addr_rm
 .text.uip_ds6_maddr_add
                0x00205970       0x3c contiki-cc2538dk.a(uip-ds6.o)
                0x00205970                uip_ds6_maddr_add
 .text.uip_ds6_addr_lookup
                0x002059ac       0x28 contiki-cc2538dk.a(uip-ds6.o)
                0x002059ac                uip_ds6_addr_lookup
 .text.uip_ds6_addr_add
                0x002059d4       0x98 contiki-cc2538dk.a(uip-ds6.o)
                0x002059d4                uip_ds6_addr_add
 .text.uip_ds6_prefix_add
                0x00205a6c       0x60 contiki-cc2538dk.a(uip-ds6.o)
                0x00205a6c                uip_ds6_prefix_add
 .text.uip_ds6_periodic
                0x00205acc       0x54 contiki-cc2538dk.a(uip-ds6.o)
                0x00205acc                uip_ds6_periodic
 .text.uip_ds6_init
                0x00205b20       0xdc contiki-cc2538dk.a(uip-ds6.o)
                0x00205b20                uip_ds6_init
 .text.uip_ds6_link_neighbor_callback
                0x00205bfc       0x28 contiki-cc2538dk.a(uip-ds6-nbr.o)
                0x00205bfc                uip_ds6_link_neighbor_callback
 .text.uip_ds6_nbr_ll_lookup
                0x00205c24       0x14 contiki-cc2538dk.a(uip-ds6-nbr.o)
                0x00205c24                uip_ds6_nbr_ll_lookup
 .text.uip_ds6_nbr_ipaddr_from_lladdr
                0x00205c38        0x8 contiki-cc2538dk.a(uip-ds6-nbr.o)
                0x00205c38                uip_ds6_nbr_ipaddr_from_lladdr
 .text.uip_ds6_nbr_lookup
                0x00205c40       0x38 contiki-cc2538dk.a(uip-ds6-nbr.o)
                0x00205c40                uip_ds6_nbr_lookup
 .text.uip_ds6_nbr_get_ll
                0x00205c78       0x14 contiki-cc2538dk.a(uip-ds6-nbr.o)
                0x00205c78                uip_ds6_nbr_get_ll
 .text.uip_ds6_nbr_lladdr_from_ipaddr
                0x00205c8c       0x10 contiki-cc2538dk.a(uip-ds6-nbr.o)
                0x00205c8c                uip_ds6_nbr_lladdr_from_ipaddr
 .text.uip_ds6_nbr_rm
                0x00205c9c       0x1c contiki-cc2538dk.a(uip-ds6-nbr.o)
                0x00205c9c                uip_ds6_nbr_rm
 .text.uip_ds6_neighbor_periodic
                0x00205cb8      0x110 contiki-cc2538dk.a(uip-ds6-nbr.o)
                0x00205cb8                uip_ds6_neighbor_periodic
 .text.uip_ds6_nbr_add
                0x00205dc8       0x50 contiki-cc2538dk.a(uip-ds6-nbr.o)
                0x00205dc8                uip_ds6_nbr_add
 .text.uip_ds6_neighbors_init
                0x00205e18       0x18 contiki-cc2538dk.a(uip-ds6-nbr.o)
                0x00205e18                uip_ds6_neighbors_init
 .text.uip_ds6_route_head
                0x00205e30       0x10 contiki-cc2538dk.a(uip-ds6-route.o)
                0x00205e30                uip_ds6_route_head
 .text.uip_ds6_route_next
                0x00205e40        0xc contiki-cc2538dk.a(uip-ds6-route.o)
                0x00205e40                uip_ds6_route_next
 .text.uip_ds6_defrt_choose
                0x00205e4c       0x34 contiki-cc2538dk.a(uip-ds6-route.o)
                0x00205e4c                uip_ds6_defrt_choose
 .text.uip_ds6_defrt_lookup
                0x00205e80       0x2c contiki-cc2538dk.a(uip-ds6-route.o)
                0x00205e80                uip_ds6_defrt_lookup
 .text.call_route_callback
                0x00205eac       0x4c contiki-cc2538dk.a(uip-ds6-route.o)
 .text.uip_ds6_defrt_rm
                0x00205ef8       0x44 contiki-cc2538dk.a(uip-ds6-route.o)
                0x00205ef8                uip_ds6_defrt_rm
 .text.uip_ds6_defrt_periodic
                0x00205f3c       0x34 contiki-cc2538dk.a(uip-ds6-route.o)
                0x00205f3c                uip_ds6_defrt_periodic
 .text.uip_ds6_route_lookup
                0x00205f70       0x6c contiki-cc2538dk.a(uip-ds6-route.o)
                0x00205f70                uip_ds6_route_lookup
 .text.uip_ds6_defrt_add
                0x00205fdc       0x54 contiki-cc2538dk.a(uip-ds6-route.o)
                0x00205fdc                uip_ds6_defrt_add
 .text.uip_ds6_notification_add
                0x00206030       0x18 contiki-cc2538dk.a(uip-ds6-route.o)
                0x00206030                uip_ds6_notification_add
 .text.uip_ds6_route_nexthop
                0x00206048       0x1c contiki-cc2538dk.a(uip-ds6-route.o)
                0x00206048                uip_ds6_route_nexthop
 .text.uip_ds6_route_rm
                0x00206064       0x98 contiki-cc2538dk.a(uip-ds6-route.o)
                0x00206064                uip_ds6_route_rm
 .text.rm_routelist
                0x002060fc       0x2c contiki-cc2538dk.a(uip-ds6-route.o)
 .text.rm_routelist_callback
                0x00206128        0x8 contiki-cc2538dk.a(uip-ds6-route.o)
 .text.uip_ds6_route_add
                0x00206130       0xf4 contiki-cc2538dk.a(uip-ds6-route.o)
                0x00206130                uip_ds6_route_add
 .text.uip_ds6_route_init
                0x00206224       0x48 contiki-cc2538dk.a(uip-ds6-route.o)
                0x00206224                uip_ds6_route_init
 .text.echo_reply_input
                0x0020626c       0xe8 contiki-cc2538dk.a(uip-icmp6.o)
 .text.uip_icmp6_input
                0x00206354       0x3c contiki-cc2538dk.a(uip-icmp6.o)
                0x00206354                uip_icmp6_input
 .text.echo_request_input
                0x00206390      0x108 contiki-cc2538dk.a(uip-icmp6.o)
 .text.uip_icmp6_register_input_handler
                0x00206498       0x10 contiki-cc2538dk.a(uip-icmp6.o)
                0x00206498                uip_icmp6_register_input_handler
 .text.uip_icmp6_init
                0x002064a8       0x18 contiki-cc2538dk.a(uip-icmp6.o)
                0x002064a8                uip_icmp6_init
 .text.uip_icmp6_send
                0x002064c0       0x80 contiki-cc2538dk.a(uip-icmp6.o)
                0x002064c0                uip_icmp6_send
 .text.uip_icmp6_error_output
                0x00206540      0x148 contiki-cc2538dk.a(uip-icmp6.o)
                0x00206540                uip_icmp6_error_output
 .text.uip_nd6_init
                0x00206688       0x18 contiki-cc2538dk.a(uip-nd6.o)
                0x00206688                uip_nd6_init
 .text.na_input
                0x002066a0      0x1cc contiki-cc2538dk.a(uip-nd6.o)
 .text.create_llao
                0x0020686c       0x28 contiki-cc2538dk.a(uip-nd6.o)
 .text.ns_input
                0x00206894      0x228 contiki-cc2538dk.a(uip-nd6.o)
 .text.uip_nd6_ns_output
                0x00206abc      0x12c contiki-cc2538dk.a(uip-nd6.o)
                0x00206abc                uip_nd6_ns_output
 .text.ip64_addr_4to6
                0x00206be8       0x30 contiki-cc2538dk.a(ip64-addr.o)
                0x00206be8                ip64_addr_4to6
 .text.tcpip_output
                0x00206c18       0x14 contiki-cc2538dk.a(tcpip.o)
                0x00206c18                tcpip_output
 .text.tcpip_set_outputfunc
                0x00206c2c        0xc contiki-cc2538dk.a(tcpip.o)
                0x00206c2c                tcpip_set_outputfunc
 .text.start_periodic_tcp_timer
                0x00206c38       0x18 contiki-cc2538dk.a(tcpip.o)
 .text.tcpip_uipcall
                0x00206c50       0x84 contiki-cc2538dk.a(tcpip.o)
                0x00206c50                tcpip_uipcall
 .text.tcpip_input
                0x00206cd4       0x24 contiki-cc2538dk.a(tcpip.o)
                0x00206cd4                tcpip_input
 .text.tcpip_icmp6_call
                0x00206cf8       0x24 contiki-cc2538dk.a(tcpip.o)
                0x00206cf8                tcpip_icmp6_call
 .text.tcpip_ipv6_output
                0x00206d1c      0x138 contiki-cc2538dk.a(tcpip.o)
                0x00206d1c                tcpip_ipv6_output
 .text.process_thread_tcpip_process
                0x00206e54      0x1f8 contiki-cc2538dk.a(tcpip.o)
 .text.udp_new  0x0020704c       0x1c contiki-cc2538dk.a(tcpip.o)
                0x0020704c                udp_new
 .text.udp_socket_bind
                0x00207068       0x18 contiki-cc2538dk.a(udp-socket.o)
                0x00207068                udp_socket_bind
 .text.udp_socket_connect
                0x00207080       0x28 contiki-cc2538dk.a(udp-socket.o)
                0x00207080                udp_socket_connect
 .text.process_thread_udp_socket_process
                0x002070a8       0xb8 contiki-cc2538dk.a(udp-socket.o)
 .text.udp_socket_sendto
                0x00207160       0x2c contiki-cc2538dk.a(udp-socket.o)
                0x00207160                udp_socket_sendto
 .text.udp_socket_register
                0x0020718c       0x54 contiki-cc2538dk.a(udp-socket.o)
                0x0020718c                udp_socket_register
 .text.uip_debug_ipaddr_print
                0x002071e0       0x64 contiki-cc2538dk.a(uip-debug.o)
                0x002071e0                uip_debug_ipaddr_print
 .text.uip_udp_packet_send
                0x00207244       0x40 contiki-cc2538dk.a(uip-udp-packet.)
                0x00207244                uip_udp_packet_send
 .text.uip_udp_packet_sendto
                0x00207284       0x44 contiki-cc2538dk.a(uip-udp-packet.)
                0x00207284                uip_udp_packet_sendto
 .text.linkaddr_cmp
                0x002072c8       0x14 contiki-cc2538dk.a(linkaddr.o)
                0x002072c8                linkaddr_cmp
 .text.linkaddr_copy
                0x002072dc        0xc contiki-cc2538dk.a(linkaddr.o)
                0x002072dc                linkaddr_copy
 .text.item_from_index
                0x002072e8       0x18 contiki-cc2538dk.a(nbr-table.o)
 .text.index_from_key
                0x00207300       0x20 contiki-cc2538dk.a(nbr-table.o)
 .text.index_from_item
                0x00207320       0x18 contiki-cc2538dk.a(nbr-table.o)
 .text.item_from_key
                0x00207338       0x14 contiki-cc2538dk.a(nbr-table.o)
 .text.key_from_item
                0x0020734c       0x20 contiki-cc2538dk.a(nbr-table.o)
 .text.nbr_get_bit
                0x0020736c       0x28 contiki-cc2538dk.a(nbr-table.o)
 .text.nbr_set_bit
                0x00207394       0x40 contiki-cc2538dk.a(nbr-table.o)
 .text.nbr_table_register
                0x002073d4       0x28 contiki-cc2538dk.a(nbr-table.o)
                0x002073d4                nbr_table_register
 .text.nbr_table_remove
                0x002073fc       0x2c contiki-cc2538dk.a(nbr-table.o)
                0x002073fc                nbr_table_remove
 .text.nbr_table_lock
                0x00207428       0x18 contiki-cc2538dk.a(nbr-table.o)
                0x00207428                nbr_table_lock
 .text.nbr_table_unlock
                0x00207440       0x18 contiki-cc2538dk.a(nbr-table.o)
                0x00207440                nbr_table_unlock
 .text.nbr_table_get_lladdr
                0x00207458       0x10 contiki-cc2538dk.a(nbr-table.o)
                0x00207458                nbr_table_get_lladdr
 .text.index_from_lladdr
                0x00207468       0x40 contiki-cc2538dk.a(nbr-table.o)
 .text.nbr_table_get_from_lladdr
                0x002074a8       0x2c contiki-cc2538dk.a(nbr-table.o)
                0x002074a8                nbr_table_get_from_lladdr
 .text.nbr_table_next
                0x002074d4       0x34 contiki-cc2538dk.a(nbr-table.o)
                0x002074d4                nbr_table_next
 .text.nbr_table_head
                0x00207508       0x38 contiki-cc2538dk.a(nbr-table.o)
                0x00207508                nbr_table_head
 .text.nbr_table_add_lladdr
                0x00207540      0x11c contiki-cc2538dk.a(nbr-table.o)
                0x00207540                nbr_table_add_lladdr
 .text.netstack_init
                0x0020765c       0x2c contiki-cc2538dk.a(netstack.o)
                0x0020765c                netstack_init
 .text.packetbuf_compact
                0x00207688       0x44 contiki-cc2538dk.a(packetbuf.o)
                0x00207688                packetbuf_compact
 .text.packetbuf_hdrreduce
                0x002076cc       0x2c contiki-cc2538dk.a(packetbuf.o)
                0x002076cc                packetbuf_hdrreduce
 .text.packetbuf_set_datalen
                0x002076f8        0xc contiki-cc2538dk.a(packetbuf.o)
                0x002076f8                packetbuf_set_datalen
 .text.packetbuf_dataptr
                0x00207704       0x18 contiki-cc2538dk.a(packetbuf.o)
                0x00207704                packetbuf_dataptr
 .text.packetbuf_hdrptr
                0x0020771c       0x14 contiki-cc2538dk.a(packetbuf.o)
                0x0020771c                packetbuf_hdrptr
 .text.packetbuf_datalen
                0x00207730        0xc contiki-cc2538dk.a(packetbuf.o)
                0x00207730                packetbuf_datalen
 .text.packetbuf_hdrlen
                0x0020773c       0x1c contiki-cc2538dk.a(packetbuf.o)
                0x0020773c                packetbuf_hdrlen
 .text.packetbuf_totlen
                0x00207758       0x14 contiki-cc2538dk.a(packetbuf.o)
                0x00207758                packetbuf_totlen
 .text.packetbuf_hdralloc
                0x0020776c       0x28 contiki-cc2538dk.a(packetbuf.o)
                0x0020776c                packetbuf_hdralloc
 .text.packetbuf_set_attr
                0x00207794       0x10 contiki-cc2538dk.a(packetbuf.o)
                0x00207794                packetbuf_set_attr
 .text.packetbuf_attr
                0x002077a4        0xc contiki-cc2538dk.a(packetbuf.o)
                0x002077a4                packetbuf_attr
 .text.packetbuf_addr
                0x002077b0       0x10 contiki-cc2538dk.a(packetbuf.o)
                0x002077b0                packetbuf_addr
 .text.packetbuf_holds_broadcast
                0x002077c0       0x14 contiki-cc2538dk.a(packetbuf.o)
                0x002077c0                packetbuf_holds_broadcast
 .text.packetbuf_set_addr
                0x002077d4       0x18 contiki-cc2538dk.a(packetbuf.o)
                0x002077d4                packetbuf_set_addr
 .text.packetbuf_attr_clear
                0x002077ec       0x34 contiki-cc2538dk.a(packetbuf.o)
                0x002077ec                packetbuf_attr_clear
 .text.packetbuf_clear
                0x00207820       0x38 contiki-cc2538dk.a(packetbuf.o)
                0x00207820                packetbuf_clear
 .text.packetbuf_attr_copyfrom
                0x00207858       0x24 contiki-cc2538dk.a(packetbuf.o)
                0x00207858                packetbuf_attr_copyfrom
 .text.packetbuf_attr_copyto
                0x0020787c       0x20 contiki-cc2538dk.a(packetbuf.o)
                0x0020787c                packetbuf_attr_copyto
 .text.packetbuf_copyto
                0x0020789c       0x5c contiki-cc2538dk.a(packetbuf.o)
                0x0020789c                packetbuf_copyto
 .text.packetbuf_copyfrom
                0x002078f8       0x2c contiki-cc2538dk.a(packetbuf.o)
                0x002078f8                packetbuf_copyfrom
 .text.queuebuf_attr
                0x00207924        0xc contiki-cc2538dk.a(queuebuf.o)
                0x00207924                queuebuf_attr
 .text.queuebuf_to_packetbuf
                0x00207930       0x2c contiki-cc2538dk.a(queuebuf.o)
                0x00207930                queuebuf_to_packetbuf
 .text.queuebuf_free
                0x0020795c       0x28 contiki-cc2538dk.a(queuebuf.o)
                0x0020795c                queuebuf_free
 .text.queuebuf_update_attr_from_packetbuf
                0x00207984       0x10 contiki-cc2538dk.a(queuebuf.o)
                0x00207984                queuebuf_update_attr_from_packetbuf
 .text.queuebuf_update_from_packetbuf
                0x00207994       0x1c contiki-cc2538dk.a(queuebuf.o)
                0x00207994                queuebuf_update_from_packetbuf
 .text.queuebuf_new_from_packetbuf
                0x002079b0       0x44 contiki-cc2538dk.a(queuebuf.o)
                0x002079b0                queuebuf_new_from_packetbuf
 .text.queuebuf_numfree
                0x002079f4       0x10 contiki-cc2538dk.a(queuebuf.o)
                0x002079f4                queuebuf_numfree
 .text.queuebuf_init
                0x00207a04       0x18 contiki-cc2538dk.a(queuebuf.o)
                0x00207a04                queuebuf_init
 .text.on       0x00207a1c       0x28 contiki-cc2538dk.a(contikimac.o)
 .text.off      0x00207a44       0x30 contiki-cc2538dk.a(contikimac.o)
 .text.powercycle_turn_radio_off
                0x00207a74       0x1c contiki-cc2538dk.a(contikimac.o)
 .text.recv_burst_off
                0x00207a90       0x14 contiki-cc2538dk.a(contikimac.o)
 .text.turn_off
                0x00207aa4       0x34 contiki-cc2538dk.a(contikimac.o)
 .text.duty_cycle
                0x00207ad8        0x4 contiki-cc2538dk.a(contikimac.o)
 .text.turn_on  0x00207adc       0x3c contiki-cc2538dk.a(contikimac.o)
 .text.schedule_powercycle_fixed
                0x00207b18       0x38 contiki-cc2538dk.a(contikimac.o)
 .text.powercycle
                0x00207b50      0x1f8 contiki-cc2538dk.a(contikimac.o)
 .text.init     0x00207d48       0x3c contiki-cc2538dk.a(contikimac.o)
 .text.input_packet
                0x00207d84       0x98 contiki-cc2538dk.a(contikimac.o)
 .text.send_packet
                0x00207e1c      0x1d4 contiki-cc2538dk.a(contikimac.o)
 .text.qsend_list
                0x00207ff0       0xc8 contiki-cc2538dk.a(contikimac.o)
 .text.qsend_packet
                0x002080b8       0x20 contiki-cc2538dk.a(contikimac.o)
 .text.default_timebase
                0x002080d8       0x14 contiki-cc2538dk.a(csma.o)
 .text.input_packet
                0x002080ec       0x10 contiki-cc2538dk.a(csma.o)
 .text.on       0x002080fc       0x10 contiki-cc2538dk.a(csma.o)
 .text.off      0x0020810c       0x10 contiki-cc2538dk.a(csma.o)
 .text.channel_check_interval
                0x0020811c       0x10 contiki-cc2538dk.a(csma.o)
 .text.transmit_packet_list
                0x0020812c       0x24 contiki-cc2538dk.a(csma.o)
 .text.send_packet
                0x00208150      0x154 contiki-cc2538dk.a(csma.o)
 .text.free_packet
                0x002082a4       0x7c contiki-cc2538dk.a(csma.o)
 .text.packet_sent
                0x00208320       0xdc contiki-cc2538dk.a(csma.o)
 .text.init     0x002083fc       0x24 contiki-cc2538dk.a(csma.o)
 .text.parse    0x00208420       0x90 contiki-cc2538dk.a(framer-802154.o)
 .text.create_frame
                0x002084b0      0x118 contiki-cc2538dk.a(framer-802154.o)
 .text.create   0x002085c8        0xc contiki-cc2538dk.a(framer-802154.o)
 .text.hdr_length
                0x002085d4        0xc contiki-cc2538dk.a(framer-802154.o)
 .text.framer_canonical_create_and_secure
                0x002085e0       0x2c contiki-cc2538dk.a(framer.o)
                0x002085e0                framer_canonical_create_and_secure
 .text.mac_call_sent_callback
                0x0020860c       0x10 contiki-cc2538dk.a(mac.o)
                0x0020860c                mac_call_sent_callback
 .text.mac_sequence_is_duplicate
                0x0020861c       0x38 contiki-cc2538dk.a(mac-sequence.o)
                0x0020861c                mac_sequence_is_duplicate
 .text.mac_sequence_register_seqno
                0x00208654       0x64 contiki-cc2538dk.a(mac-sequence.o)
                0x00208654                mac_sequence_register_seqno
 .text.bootstrap
                0x002086b8        0x8 contiki-cc2538dk.a(nullsec.o)
 .text.on_frame_created
                0x002086c0        0x4 contiki-cc2538dk.a(nullsec.o)
 .text.input    0x002086c4       0x10 contiki-cc2538dk.a(nullsec.o)
 .text.get_overhead
                0x002086d4        0x4 contiki-cc2538dk.a(nullsec.o)
 .text.send     0x002086d8       0x20 contiki-cc2538dk.a(nullsec.o)
 .text.netstack_aes_set_key
                0x002086f8       0x1c contiki-cc2538dk.a(netstack-aes.o)
                0x002086f8                netstack_aes_set_key
 .text.rpl_get_mode
                0x00208714        0xc contiki-cc2538dk.a(rpl.o)
                0x00208714                rpl_get_mode
 .text.rpl_init
                0x00208720       0x54 contiki-cc2538dk.a(rpl.o)
                0x00208720                rpl_init
 .text.rpl_ipv6_neighbor_callback
                0x00208774       0x3c contiki-cc2538dk.a(rpl.o)
                0x00208774                rpl_ipv6_neighbor_callback
 .text.rpl_link_neighbor_callback
                0x002087b0       0x80 contiki-cc2538dk.a(rpl.o)
                0x002087b0                rpl_link_neighbor_callback
 .text.rpl_add_route
                0x00208830       0x2c contiki-cc2538dk.a(rpl.o)
                0x00208830                rpl_add_route
 .text.rpl_remove_routes_by_nexthop
                0x0020885c       0x38 contiki-cc2538dk.a(rpl.o)
                0x0020885c                rpl_remove_routes_by_nexthop
 .text.rpl_remove_routes
                0x00208894       0x20 contiki-cc2538dk.a(rpl.o)
                0x00208894                rpl_remove_routes
 .text.rpl_purge_routes
                0x002088b4       0x68 contiki-cc2538dk.a(rpl.o)
                0x002088b4                rpl_purge_routes
 .text.lollipop_greater_than
                0x0020891c       0x3c contiki-cc2538dk.a(rpl-dag.o)
 .text.acceptable_rank
                0x00208958       0x34 contiki-cc2538dk.a(rpl-dag.o)
 .text.rpl_get_any_dag
                0x0020898c       0x18 contiki-cc2538dk.a(rpl-dag.o)
                0x0020898c                rpl_get_any_dag
 .text.rpl_get_instance
                0x002089a4       0x1c contiki-cc2538dk.a(rpl-dag.o)
                0x002089a4                rpl_get_instance
 .text.rpl_find_of
                0x002089c0       0x14 contiki-cc2538dk.a(rpl-dag.o)
                0x002089c0                rpl_find_of
 .text.rpl_lock_parent
                0x002089d4       0x14 contiki-cc2538dk.a(rpl-dag.o)
                0x002089d4                rpl_lock_parent
 .text.rpl_repair_root
                0x002089e8       0x4c contiki-cc2538dk.a(rpl-dag.o)
                0x002089e8                rpl_repair_root
 .text.find_parent_any_dag_any_instance
                0x00208a34       0x1c contiki-cc2538dk.a(rpl-dag.o)
 .text.find_parent_dag
                0x00208a50       0x10 contiki-cc2538dk.a(rpl-dag.o)
 .text.rpl_find_parent_any_dag
                0x00208a60       0x20 contiki-cc2538dk.a(rpl-dag.o)
                0x00208a60                rpl_find_parent_any_dag
 .text.rpl_find_parent
                0x00208a80       0x1c contiki-cc2538dk.a(rpl-dag.o)
                0x00208a80                rpl_find_parent
 .text.rpl_get_parent
                0x00208a9c       0x14 contiki-cc2538dk.a(rpl-dag.o)
                0x00208a9c                rpl_get_parent
 .text.rpl_set_preferred_parent
                0x00208ab0       0x28 contiki-cc2538dk.a(rpl-dag.o)
 .text.rpl_select_parent
                0x00208ad8       0x70 contiki-cc2538dk.a(rpl-dag.o)
                0x00208ad8                rpl_select_parent
 .text.set_ip_from_prefix
                0x00208b48       0x2c contiki-cc2538dk.a(rpl-dag.o)
 .text.check_prefix
                0x00208b74       0x58 contiki-cc2538dk.a(rpl-dag.o)
 .text.rpl_set_prefix
                0x00208bcc       0x70 contiki-cc2538dk.a(rpl-dag.o)
                0x00208bcc                rpl_set_prefix
 .text.rpl_set_default_route
                0x00208c3c       0x48 contiki-cc2538dk.a(rpl-dag.o)
                0x00208c3c                rpl_set_default_route
 .text.rpl_nullify_parent
                0x00208c84       0x44 contiki-cc2538dk.a(rpl-dag.o)
                0x00208c84                rpl_nullify_parent
 .text.rpl_local_repair
                0x00208cc8       0x60 contiki-cc2538dk.a(rpl-dag.o)
                0x00208cc8                rpl_local_repair
 .text.rpl_remove_parent
                0x00208d28       0x18 contiki-cc2538dk.a(rpl-dag.o)
                0x00208d28                rpl_remove_parent
 .text.remove_parents
                0x00208d40       0x38 contiki-cc2538dk.a(rpl-dag.o)
 .text.nbr_callback
                0x00208d78        0x8 contiki-cc2538dk.a(rpl-dag.o)
 .text.rpl_alloc_instance
                0x00208d80       0x48 contiki-cc2538dk.a(rpl-dag.o)
                0x00208d80                rpl_alloc_instance
 .text.rpl_alloc_dag
                0x00208dc8       0x48 contiki-cc2538dk.a(rpl-dag.o)
                0x00208dc8                rpl_alloc_dag
 .text.rpl_get_nbr
                0x00208e10       0x24 contiki-cc2538dk.a(rpl-dag.o)
                0x00208e10                rpl_get_nbr
 .text.rpl_add_parent
                0x00208e34       0x44 contiki-cc2538dk.a(rpl-dag.o)
                0x00208e34                rpl_add_parent
 .text.rpl_join_instance
                0x00208e78      0x114 contiki-cc2538dk.a(rpl-dag.o)
                0x00208e78                rpl_join_instance
 .text.rpl_get_parent_ipaddr
                0x00208f8c       0x18 contiki-cc2538dk.a(rpl-dag.o)
                0x00208f8c                rpl_get_parent_ipaddr
 .text.rpl_move_parent
                0x00208fa4       0x48 contiki-cc2538dk.a(rpl-dag.o)
                0x00208fa4                rpl_move_parent
 .text.rpl_select_dag
                0x00208fec      0x144 contiki-cc2538dk.a(rpl-dag.o)
                0x00208fec                rpl_select_dag
 .text.rpl_process_parent_event
                0x00209130       0x3c contiki-cc2538dk.a(rpl-dag.o)
                0x00209130                rpl_process_parent_event
 .text.rpl_recalculate_ranks
                0x0020916c       0x40 contiki-cc2538dk.a(rpl-dag.o)
                0x0020916c                rpl_recalculate_ranks
 .text.rpl_add_dag
                0x002091ac      0x110 contiki-cc2538dk.a(rpl-dag.o)
                0x002091ac                rpl_add_dag
 .text.rpl_process_dio
                0x002092bc      0x28c contiki-cc2538dk.a(rpl-dag.o)
                0x002092bc                rpl_process_dio
 .text.rpl_dag_init
                0x00209548       0x18 contiki-cc2538dk.a(rpl-dag.o)
                0x00209548                rpl_dag_init
 .text.get32    0x00209560       0x1c contiki-cc2538dk.a(rpl-icmp6.o)
 .text.set32    0x0020957c       0x18 contiki-cc2538dk.a(rpl-icmp6.o)
 .text.get16    0x00209594        0xc contiki-cc2538dk.a(rpl-icmp6.o)
 .text.set16    0x002095a0        0xc contiki-cc2538dk.a(rpl-icmp6.o)
 .text.dao_ack_input
                0x002095ac       0x10 contiki-cc2538dk.a(rpl-icmp6.o)
 .text.rpl_icmp6_register_handlers
                0x002095bc       0x2c contiki-cc2538dk.a(rpl-icmp6.o)
                0x002095bc                rpl_icmp6_register_handlers
 .text.dao_ack_output
                0x002095e8       0x30 contiki-cc2538dk.a(rpl-icmp6.o)
                0x002095e8                dao_ack_output
 .text.dio_output
                0x00209618      0x210 contiki-cc2538dk.a(rpl-icmp6.o)
                0x00209618                dio_output
 .text.dis_output
                0x00209828       0x58 contiki-cc2538dk.a(rpl-icmp6.o)
                0x00209828                dis_output
 .text.dao_input
                0x00209880      0x244 contiki-cc2538dk.a(rpl-icmp6.o)
 .text.dio_input
                0x00209ac4      0x24c contiki-cc2538dk.a(rpl-icmp6.o)
 .text.dis_input
                0x00209d10       0x4c contiki-cc2538dk.a(rpl-icmp6.o)
 .text.dao_output_target
                0x00209d5c       0xc4 contiki-cc2538dk.a(rpl-icmp6.o)
                0x00209d5c                dao_output_target
 .text.dao_output
                0x00209e20       0x50 contiki-cc2538dk.a(rpl-icmp6.o)
                0x00209e20                dao_output
 .text.rpl_schedule_probing
                0x00209e70       0x2c contiki-cc2538dk.a(rpl-timers.o)
                0x00209e70                rpl_schedule_probing
 .text.new_dio_interval
                0x00209e9c       0x58 contiki-cc2538dk.a(rpl-timers.o)
 .text.rpl_reset_dio_timer
                0x00209ef4       0x20 contiki-cc2538dk.a(rpl-timers.o)
                0x00209ef4                rpl_reset_dio_timer
 .text.rpl_reset_periodic_timer
                0x00209f14       0x34 contiki-cc2538dk.a(rpl-timers.o)
                0x00209f14                rpl_reset_periodic_timer
 .text.handle_probing_timer
                0x00209f48       0xe4 contiki-cc2538dk.a(rpl-timers.o)
 .text.set_dao_lifetime_timer
                0x0020a02c       0x38 contiki-cc2538dk.a(rpl-timers.o)
 .text.schedule_dao
                0x0020a064       0x50 contiki-cc2538dk.a(rpl-timers.o)
 .text.rpl_schedule_dao
                0x0020a0b4        0xc contiki-cc2538dk.a(rpl-timers.o)
                0x0020a0b4                rpl_schedule_dao
 .text.handle_dio_timer
                0x0020a0c0       0x7c contiki-cc2538dk.a(rpl-timers.o)
 .text.handle_dao_timer
                0x0020a13c       0x54 contiki-cc2538dk.a(rpl-timers.o)
 .text.handle_periodic_timer
                0x0020a190       0x34 contiki-cc2538dk.a(rpl-timers.o)
 .text.reset    0x0020a1c4        0x4 contiki-cc2538dk.a(rpl-mrhof.o)
 .text.best_dag
                0x0020a1c8       0x24 contiki-cc2538dk.a(rpl-mrhof.o)
 .text.update_metric_container
                0x0020a1ec        0x8 contiki-cc2538dk.a(rpl-mrhof.o)
 .text.calculate_rank
                0x0020a1f4       0x34 contiki-cc2538dk.a(rpl-mrhof.o)
 .text.calculate_path_metric
                0x0020a228       0x1c contiki-cc2538dk.a(rpl-mrhof.o)
 .text.best_parent
                0x0020a244       0x40 contiki-cc2538dk.a(rpl-mrhof.o)
 .text.neighbor_link_callback
                0x0020a284       0x50 contiki-cc2538dk.a(rpl-mrhof.o)
 .text.rpl_invert_header
                0x0020a2d4       0x78 contiki-cc2538dk.a(rpl-ext-header.)
                0x0020a2d4                rpl_invert_header
 .text.rpl_update_header_final
                0x0020a34c       0x90 contiki-cc2538dk.a(rpl-ext-header.)
                0x0020a34c                rpl_update_header_final
 .text.rpl_update_header_empty
                0x0020a3dc      0x16c contiki-cc2538dk.a(rpl-ext-header.)
                0x0020a3dc                rpl_update_header_empty
 .text.rpl_insert_header
                0x0020a548       0x20 contiki-cc2538dk.a(rpl-ext-header.)
                0x0020a548                rpl_insert_header
 .text.rpl_verify_header
                0x0020a568       0xa8 contiki-cc2538dk.a(rpl-ext-header.)
                0x0020a568                rpl_verify_header
 .text.gpio_set
                0x0020a610        0x8 contiki-cc2538dk.a(oled-arch.o)
 .text.gpio_reset
                0x0020a618        0x8 contiki-cc2538dk.a(oled-arch.o)
 .text.OLED_WrCmd
                0x0020a620       0x68 contiki-cc2538dk.a(oled-arch.o)
                0x0020a620                OLED_WrCmd
 .text.OLED_Display_Off
                0x0020a688       0x18 contiki-cc2538dk.a(oled-arch.o)
                0x0020a688                OLED_Display_Off
 .text.OLED_Init
                0x0020a6a0       0xe8 contiki-cc2538dk.a(oled-arch.o)
                0x0020a6a0                OLED_Init
 .text.stimer_expired
                0x0020a788       0x20 contiki-cc2538dk.a(stimer.o)
                0x0020a788                stimer_expired
 .text.stimer_set
                0x0020a7a8       0x10 contiki-cc2538dk.a(stimer.o)
                0x0020a7a8                stimer_set
 .text.memb_alloc
                0x0020a7b8       0x2c contiki-cc2538dk.a(memb.o)
                0x0020a7b8                memb_alloc
 .text.memb_free
                0x0020a7e4       0x30 contiki-cc2538dk.a(memb.o)
                0x0020a7e4                memb_free
 .text.memb_inmemb
                0x0020a814       0x20 contiki-cc2538dk.a(memb.o)
                0x0020a814                memb_inmemb
 .text.memb_numfree
                0x0020a834       0x1c contiki-cc2538dk.a(memb.o)
                0x0020a834                memb_numfree
 .text.memb_init
                0x0020a850       0x20 contiki-cc2538dk.a(memb.o)
                0x0020a850                memb_init
 .text.addr_len
                0x0020a870       0x10 contiki-cc2538dk.a(frame802154.o)
 .text.frame802154_parse
                0x0020a880      0x128 contiki-cc2538dk.a(frame802154.o)
                0x0020a880                frame802154_parse
 .text.field_len
                0x0020a9a8       0x68 contiki-cc2538dk.a(frame802154.o)
 .text.frame802154_create
                0x0020aa10       0xdc contiki-cc2538dk.a(frame802154.o)
                0x0020aa10                frame802154_create
 .text.frame802154_hdrlen
                0x0020aaec       0x2c contiki-cc2538dk.a(frame802154.o)
                0x0020aaec                frame802154_hdrlen
 .text          0x0020ab18      0x370 /home/user/CodeSourcery/Sourcery_G++_Lite/bin/../lib/gcc/arm-none-eabi/4.3.2/thumb2/libgcc.a(_arm_addsubdf3.o)
                0x0020ae2c                __floatdidf
                0x0020adbc                __floatsidf
                0x0020ad9c                __aeabi_ui2d
                0x0020ab18                __aeabi_drsub
                0x0020ade0                __extendsfdf2
                0x0020ab24                __adddf3
                0x0020ad9c                __floatunsidf
                0x0020ab24                __aeabi_dadd
                0x0020ae1c                __aeabi_ul2d
                0x0020ab20                __aeabi_dsub
                0x0020ae1c                __floatundidf
                0x0020adbc                __aeabi_i2d
                0x0020ae2c                __aeabi_l2d
                0x0020ade0                __aeabi_f2d
                0x0020ab20                __subdf3
 .text          0x0020ae88      0x424 /home/user/CodeSourcery/Sourcery_G++_Lite/bin/../lib/gcc/arm-none-eabi/4.3.2/thumb2/libgcc.a(_arm_muldivdf3.o)
                0x0020b0dc                __aeabi_ddiv
                0x0020ae88                __aeabi_dmul
                0x0020b0dc                __divdf3
                0x0020ae88                __muldf3
 .text          0x0020b2ac       0x50 /home/user/CodeSourcery/Sourcery_G++_Lite/bin/../lib/gcc/arm-none-eabi/4.3.2/thumb2/libgcc.a(_arm_fixdfsi.o)
                0x0020b2ac                __fixdfsi
                0x0020b2ac                __aeabi_d2iz
 .text          0x0020b2fc      0x21c /home/user/CodeSourcery/Sourcery_G++_Lite/bin/../lib/gcc/arm-none-eabi/4.3.2/thumb2/libgcc.a(_arm_addsubsf3.o)
                0x0020b308                __aeabi_fadd
                0x0020b304                __subsf3
                0x0020b470                __aeabi_i2f
                0x0020b304                __aeabi_fsub
                0x0020b49c                __floatdisf
                0x0020b470                __floatsisf
                0x0020b48c                __floatundisf
                0x0020b468                __aeabi_ui2f
                0x0020b49c                __aeabi_l2f
                0x0020b48c                __aeabi_ul2f
                0x0020b2fc                __aeabi_frsub
                0x0020b468                __floatunsisf
                0x0020b308                __addsf3
 .text          0x0020b518       0x2c /home/user/CodeSourcery/Sourcery_G++_Lite/bin/../lib/gcc/arm-none-eabi/4.3.2/thumb2/libgcc.a(_aeabi_uldivmod.o)
                0x0020b518                __aeabi_uldivmod
 .text          0x0020b544       0x60 /home/user/CodeSourcery/Sourcery_G++_Lite/bin/../lib/gcc/arm-none-eabi/4.3.2/thumb2/libgcc.a(bpabi.o)
                0x0020b544                __gnu_uldivmod_helper
                0x0020b574                __gnu_ldivmod_helper
 .text          0x0020b5a4        0x4 /home/user/CodeSourcery/Sourcery_G++_Lite/bin/../lib/gcc/arm-none-eabi/4.3.2/thumb2/libgcc.a(_dvmd_tls.o)
                0x0020b5a4                __aeabi_ldiv0
                0x0020b5a4                __aeabi_idiv0
 .text          0x0020b5a8      0x424 /home/user/CodeSourcery/Sourcery_G++_Lite/bin/../lib/gcc/arm-none-eabi/4.3.2/thumb2/libgcc.a(_divdi3.o)
                0x0020b5a8                __divdi3
 .text          0x0020b9cc      0x3e4 /home/user/CodeSourcery/Sourcery_G++_Lite/bin/../lib/gcc/arm-none-eabi/4.3.2/thumb2/libgcc.a(_udivdi3.o)
                0x0020b9cc                __udivdi3
 .text          0x0020bdb0       0x8c /home/user/CodeSourcery/Sourcery_G++_Lite/bin/../lib/gcc/arm-none-eabi/4.3.2/thumb2/libgcc.a(_udivsi3.o)
                0x0020bdb0                __udivsi3
                0x0020bdb0                __aeabi_uidiv
                0x0020be28                __aeabi_uidivmod
 .text          0x0020be3c       0x60 /home/user/CodeSourcery/Sourcery_G++_Lite/bin/../lib/gcc/arm-none-eabi/4.3.2/../../../../arm-none-eabi/lib/thumb2/libc.a(lib_a-memcmp.o)
                0x0020be3c                memcmp
 .text          0x0020be9c       0x98 /home/user/CodeSourcery/Sourcery_G++_Lite/bin/../lib/gcc/arm-none-eabi/4.3.2/../../../../arm-none-eabi/lib/thumb2/libc.a(lib_a-memcpy.o)
                0x0020be9c                memcpy
 .text          0x0020bf34       0xc0 /home/user/CodeSourcery/Sourcery_G++_Lite/bin/../lib/gcc/arm-none-eabi/4.3.2/../../../../arm-none-eabi/lib/thumb2/libc.a(lib_a-memmove.o)
                0x0020bf34                memmove
 .text          0x0020bff4       0x88 /home/user/CodeSourcery/Sourcery_G++_Lite/bin/../lib/gcc/arm-none-eabi/4.3.2/../../../../arm-none-eabi/lib/thumb2/libc.a(lib_a-memset.o)
                0x0020bff4                memset
 *(SORT(.rodata*))
 .rodata.autostart_processes
                0x0020c07c        0x8 FisheryOverIPv6.co
                0x0020c07c                autostart_processes
 .rodata.button_select_sensor
                0x0020c084       0x10 contiki-cc2538dk.a(button-sensor.o)
                0x0020c084                button_select_sensor
 .rodata.button_up_sensor
                0x0020c094       0x10 contiki-cc2538dk.a(button-sensor.o)
                0x0020c094                button_up_sensor
 .rodata.button_left_sensor
                0x0020c0a4       0x10 contiki-cc2538dk.a(button-sensor.o)
                0x0020c0a4                button_left_sensor
 .rodata.button_right_sensor
                0x0020c0b4       0x10 contiki-cc2538dk.a(button-sensor.o)
                0x0020c0b4                button_right_sensor
 .rodata.button_down_sensor
                0x0020c0c4       0x10 contiki-cc2538dk.a(button-sensor.o)
                0x0020c0c4                button_down_sensor
 .rodata.als_sensor
                0x0020c0d4       0x10 contiki-cc2538dk.a(als-sensor.o)
                0x0020c0d4                als_sensor
 .rodata.uart_regs
                0x0020c0e4       0x58 contiki-cc2538dk.a(uart.o)
 .rodata.cc2538_rf_driver
                0x0020c13c       0x38 contiki-cc2538dk.a(cc2538-rf.o)
                0x0020c13c                cc2538_rf_driver
 .rodata.output_power
                0x0020c174       0x70 contiki-cc2538dk.a(cc2538-rf.o)
 .rodata.cc2538_temp_sensor
                0x0020c1e4       0x10 contiki-cc2538dk.a(cc2538-temp-sen)
                0x0020c1e4                cc2538_temp_sensor
 .rodata.vdd3_sensor
                0x0020c1f4       0x10 contiki-cc2538dk.a(vdd3-sensor.o)
                0x0020c1f4                vdd3_sensor
 .rodata.sicslowpan_driver
                0x0020c204        0xc contiki-cc2538dk.a(sicslowpan.o)
                0x0020c204                sicslowpan_driver
 .rodata.packetbuf
                0x0020c210        0x4 contiki-cc2538dk.a(packetbuf.o)
 .rodata.contikimac_driver
                0x0020c214       0x20 contiki-cc2538dk.a(contikimac.o)
                0x0020c214                contikimac_driver
 .rodata.csma_driver
                0x0020c234       0x1c contiki-cc2538dk.a(csma.o)
                0x0020c234                csma_driver
 .rodata.framer_802154
                0x0020c250       0x10 contiki-cc2538dk.a(framer-802154.o)
                0x0020c250                framer_802154
 .rodata.nullsec_driver
                0x0020c260       0x18 contiki-cc2538dk.a(nullsec.o)
                0x0020c260                nullsec_driver
 .rodata        0x0020c278       0x23 FisheryOverIPv6.co
 .rodata.str1.1
                0x0020c29b       0xbb FisheryOverIPv6.co
 .rodata.F8X16  0x0020c356      0x5f0 contiki-cc2538dk.a(oled.o)
 .rodata.str1.1
                0x0020c946       0x84 contiki-cc2538dk.a(contiki-main.o)
 .rodata.str1.1
                0x0020c9ca        0x8 contiki-cc2538dk.a(sensors.o)
 .rodata.str1.1
                0x0020c9d2        0x7 contiki-cc2538dk.a(button-sensor.o)
 .rodata.str1.1
                0x0020c9d9        0x4 contiki-cc2538dk.a(als-sensor.o)
 .rodata.str1.1
                0x0020c9dd       0x11 contiki-cc2538dk.a(cc2538-rf.o)
 .rodata.str1.1
                0x0020c9ee       0x14 contiki-cc2538dk.a(cc2538-temp-sen)
 .rodata.str1.1
                0x0020ca02        0x5 contiki-cc2538dk.a(vdd3-sensor.o)
 .rodata.buffer.1352
                0x0020ca07       0x10 contiki-cc2538dk.a(strformat.o)
 .rodata.str1.1
                0x0020ca17       0x35 contiki-cc2538dk.a(strformat.o)
                                 0x37 (size before relaxing)
 .rodata.buffer.1366
                0x0020ca4c       0x10 contiki-cc2538dk.a(strformat.o)
 .rodata.str1.1
                0x0020ca5c        0xf contiki-cc2538dk.a(ctimer.o)
 .rodata.str1.1
                0x0020ca6b        0xc contiki-cc2538dk.a(etimer.o)
 .rodata.str1.1
                0x0020ca77        0xe contiki-cc2538dk.a(serial-line.o)
 .rodata.C.44.4695
                0x0020ca85        0x2 contiki-cc2538dk.a(sicslowpan.o)
 .rodata.ttl_values
                0x0020ca87        0x4 contiki-cc2538dk.a(sicslowpan.o)
 .rodata.unc_llconf
                0x0020ca8b        0x4 contiki-cc2538dk.a(sicslowpan.o)
                0x0020ca8b                unc_llconf
 .rodata.llprefix
                0x0020ca8f        0x2 contiki-cc2538dk.a(sicslowpan.o)
                0x0020ca8f                llprefix
 .rodata.unc_mxconf
                0x0020ca91        0x4 contiki-cc2538dk.a(sicslowpan.o)
                0x0020ca91                unc_mxconf
 .rodata.str1.1
                0x0020ca95        0xb contiki-cc2538dk.a(sicslowpan.o)
 .rodata.unc_ctxconf
                0x0020caa0        0x4 contiki-cc2538dk.a(sicslowpan.o)
                0x0020caa0                unc_ctxconf
 .rodata.str1.1
                0x0020caa4        0xd contiki-cc2538dk.a(tcpip.o)
 .rodata.str1.1
                0x0020cab1       0x13 contiki-cc2538dk.a(udp-socket.o)
 .rodata.str1.1
                0x0020cac4       0x29 contiki-cc2538dk.a(uip-debug.o)
 .rodata.linkaddr_null
                0x0020caed        0x8 contiki-cc2538dk.a(linkaddr.o)
                0x0020caed                linkaddr_null
 .rodata.str1.1
                0x0020caf5        0xb contiki-cc2538dk.a(contikimac.o)
 .rodata.str1.1
                0x0020cb00        0x5 contiki-cc2538dk.a(csma.o)
 .rodata.str1.1
                0x0020cb05        0x8 contiki-cc2538dk.a(nullsec.o)
 .rodata        0x0020cb0d      0x100 /home/user/CodeSourcery/Sourcery_G++_Lite/bin/../lib/gcc/arm-none-eabi/4.3.2/thumb2/libgcc.a(_clz.o)
                0x0020cb0d                __clz_tab
                0x0020cc0d                _etext = .

.glue_7         0x0020cc10        0x0 load address 0x0020cc0d
 .glue_7        0x0020cc10        0x0 obj_cc2538dk/startup-gcc.o
 .glue_7        0x0020cc10        0x0 FisheryOverIPv6.co
 .glue_7        0x0020cc10        0x0 contiki-cc2538dk.a(DHT11-arch.o)
 .glue_7        0x0020cc10        0x0 contiki-cc2538dk.a(oled.o)
 .glue_7        0x0020cc10        0x0 contiki-cc2538dk.a(ds18b20-arch.o)
 .glue_7        0x0020cc10        0x0 contiki-cc2538dk.a(leds.o)
 .glue_7        0x0020cc10        0x0 contiki-cc2538dk.a(leds-arch.o)
 .glue_7        0x0020cc10        0x0 contiki-cc2538dk.a(contiki-main.o)
 .glue_7        0x0020cc10        0x0 contiki-cc2538dk.a(sensors.o)
 .glue_7        0x0020cc10        0x0 contiki-cc2538dk.a(smartrf-sensors)
 .glue_7        0x0020cc10        0x0 contiki-cc2538dk.a(button-sensor.o)
 .glue_7        0x0020cc10        0x0 contiki-cc2538dk.a(als-sensor.o)
 .glue_7        0x0020cc10        0x0 contiki-cc2538dk.a(clock.o)
 .glue_7        0x0020cc10        0x0 contiki-cc2538dk.a(rtimer-arch.o)
 .glue_7        0x0020cc10        0x0 contiki-cc2538dk.a(uart.o)
 .glue_7        0x0020cc10        0x0 contiki-cc2538dk.a(watchdog.o)
 .glue_7        0x0020cc10        0x0 contiki-cc2538dk.a(nvic.o)
 .glue_7        0x0020cc10        0x0 contiki-cc2538dk.a(cpu.o)
 .glue_7        0x0020cc10        0x0 contiki-cc2538dk.a(sys-ctrl.o)
 .glue_7        0x0020cc10        0x0 contiki-cc2538dk.a(gpio.o)
 .glue_7        0x0020cc10        0x0 contiki-cc2538dk.a(ioc.o)
 .glue_7        0x0020cc10        0x0 contiki-cc2538dk.a(adc.o)
 .glue_7        0x0020cc10        0x0 contiki-cc2538dk.a(crypto.o)
 .glue_7        0x0020cc10        0x0 contiki-cc2538dk.a(cc2538-rf.o)
 .glue_7        0x0020cc10        0x0 contiki-cc2538dk.a(udma.o)
 .glue_7        0x0020cc10        0x0 contiki-cc2538dk.a(lpm.o)
 .glue_7        0x0020cc10        0x0 contiki-cc2538dk.a(dbg.o)
 .glue_7        0x0020cc10        0x0 contiki-cc2538dk.a(ieee-addr.o)
 .glue_7        0x0020cc10        0x0 contiki-cc2538dk.a(cc2538-temp-sen)
 .glue_7        0x0020cc10        0x0 contiki-cc2538dk.a(vdd3-sensor.o)
 .glue_7        0x0020cc10        0x0 contiki-cc2538dk.a(dbg-printf.o)
 .glue_7        0x0020cc10        0x0 contiki-cc2538dk.a(strformat.o)
 .glue_7        0x0020cc10        0x0 contiki-cc2538dk.a(autostart.o)
 .glue_7        0x0020cc10        0x0 contiki-cc2538dk.a(ctimer.o)
 .glue_7        0x0020cc10        0x0 contiki-cc2538dk.a(energest.o)
 .glue_7        0x0020cc10        0x0 contiki-cc2538dk.a(etimer.o)
 .glue_7        0x0020cc10        0x0 contiki-cc2538dk.a(process.o)
 .glue_7        0x0020cc10        0x0 contiki-cc2538dk.a(rtimer.o)
 .glue_7        0x0020cc10        0x0 contiki-cc2538dk.a(timer.o)
 .glue_7        0x0020cc10        0x0 contiki-cc2538dk.a(serial-line.o)
 .glue_7        0x0020cc10        0x0 contiki-cc2538dk.a(list.o)
 .glue_7        0x0020cc10        0x0 contiki-cc2538dk.a(random.o)
 .glue_7        0x0020cc10        0x0 contiki-cc2538dk.a(ringbuf.o)
 .glue_7        0x0020cc10        0x0 contiki-cc2538dk.a(sicslowpan.o)
 .glue_7        0x0020cc10        0x0 contiki-cc2538dk.a(uip6.o)
 .glue_7        0x0020cc10        0x0 contiki-cc2538dk.a(uip-ds6.o)
 .glue_7        0x0020cc10        0x0 contiki-cc2538dk.a(uip-ds6-nbr.o)
 .glue_7        0x0020cc10        0x0 contiki-cc2538dk.a(uip-ds6-route.o)
 .glue_7        0x0020cc10        0x0 contiki-cc2538dk.a(uip-icmp6.o)
 .glue_7        0x0020cc10        0x0 contiki-cc2538dk.a(uip-nd6.o)
 .glue_7        0x0020cc10        0x0 contiki-cc2538dk.a(ip64-addr.o)
 .glue_7        0x0020cc10        0x0 contiki-cc2538dk.a(tcpip.o)
 .glue_7        0x0020cc10        0x0 contiki-cc2538dk.a(udp-socket.o)
 .glue_7        0x0020cc10        0x0 contiki-cc2538dk.a(uip-debug.o)
 .glue_7        0x0020cc10        0x0 contiki-cc2538dk.a(uip-udp-packet.)
 .glue_7        0x0020cc10        0x0 contiki-cc2538dk.a(linkaddr.o)
 .glue_7        0x0020cc10        0x0 contiki-cc2538dk.a(nbr-table.o)
 .glue_7        0x0020cc10        0x0 contiki-cc2538dk.a(netstack.o)
 .glue_7        0x0020cc10        0x0 contiki-cc2538dk.a(packetbuf.o)
 .glue_7        0x0020cc10        0x0 contiki-cc2538dk.a(queuebuf.o)
 .glue_7        0x0020cc10        0x0 contiki-cc2538dk.a(contikimac.o)
 .glue_7        0x0020cc10        0x0 contiki-cc2538dk.a(csma.o)
 .glue_7        0x0020cc10        0x0 contiki-cc2538dk.a(framer-802154.o)
 .glue_7        0x0020cc10        0x0 contiki-cc2538dk.a(framer.o)
 .glue_7        0x0020cc10        0x0 contiki-cc2538dk.a(mac.o)
 .glue_7        0x0020cc10        0x0 contiki-cc2538dk.a(mac-sequence.o)
 .glue_7        0x0020cc10        0x0 contiki-cc2538dk.a(nullsec.o)
 .glue_7        0x0020cc10        0x0 contiki-cc2538dk.a(netstack-aes.o)
 .glue_7        0x0020cc10        0x0 contiki-cc2538dk.a(rpl.o)
 .glue_7        0x0020cc10        0x0 contiki-cc2538dk.a(rpl-dag.o)
 .glue_7        0x0020cc10        0x0 contiki-cc2538dk.a(rpl-icmp6.o)
 .glue_7        0x0020cc10        0x0 contiki-cc2538dk.a(rpl-timers.o)
 .glue_7        0x0020cc10        0x0 contiki-cc2538dk.a(rpl-mrhof.o)
 .glue_7        0x0020cc10        0x0 contiki-cc2538dk.a(rpl-ext-header.)
 .glue_7        0x0020cc10        0x0 contiki-cc2538dk.a(oled-arch.o)
 .glue_7        0x0020cc10        0x0 contiki-cc2538dk.a(stimer.o)
 .glue_7        0x0020cc10        0x0 contiki-cc2538dk.a(memb.o)
 .glue_7        0x0020cc10        0x0 contiki-cc2538dk.a(frame802154.o)
 .glue_7        0x0020cc10        0x0 contiki-cc2538dk.a(aes-ccm.o)
 .glue_7        0x0020cc10        0x0 /home/user/CodeSourcery/Sourcery_G++_Lite/bin/../lib/gcc/arm-none-eabi/4.3.2/thumb2/libgcc.a(_arm_addsubdf3.o)
 .glue_7        0x0020cc10        0x0 /home/user/CodeSourcery/Sourcery_G++_Lite/bin/../lib/gcc/arm-none-eabi/4.3.2/thumb2/libgcc.a(_arm_muldivdf3.o)
 .glue_7        0x0020cc10        0x0 /home/user/CodeSourcery/Sourcery_G++_Lite/bin/../lib/gcc/arm-none-eabi/4.3.2/thumb2/libgcc.a(_arm_fixdfsi.o)
 .glue_7        0x0020cc10        0x0 /home/user/CodeSourcery/Sourcery_G++_Lite/bin/../lib/gcc/arm-none-eabi/4.3.2/thumb2/libgcc.a(_arm_addsubsf3.o)
 .glue_7        0x0020cc10        0x0 /home/user/CodeSourcery/Sourcery_G++_Lite/bin/../lib/gcc/arm-none-eabi/4.3.2/thumb2/libgcc.a(_aeabi_uldivmod.o)
 .glue_7        0x0020cc10        0x0 /home/user/CodeSourcery/Sourcery_G++_Lite/bin/../lib/gcc/arm-none-eabi/4.3.2/thumb2/libgcc.a(bpabi.o)
 .glue_7        0x0020cc10        0x0 /home/user/CodeSourcery/Sourcery_G++_Lite/bin/../lib/gcc/arm-none-eabi/4.3.2/thumb2/libgcc.a(_dvmd_tls.o)
 .glue_7        0x0020cc10        0x0 /home/user/CodeSourcery/Sourcery_G++_Lite/bin/../lib/gcc/arm-none-eabi/4.3.2/thumb2/libgcc.a(_divdi3.o)
 .glue_7        0x0020cc10        0x0 /home/user/CodeSourcery/Sourcery_G++_Lite/bin/../lib/gcc/arm-none-eabi/4.3.2/thumb2/libgcc.a(_udivdi3.o)
 .glue_7        0x0020cc10        0x0 /home/user/CodeSourcery/Sourcery_G++_Lite/bin/../lib/gcc/arm-none-eabi/4.3.2/thumb2/libgcc.a(_udivsi3.o)
 .glue_7        0x0020cc10        0x0 /home/user/CodeSourcery/Sourcery_G++_Lite/bin/../lib/gcc/arm-none-eabi/4.3.2/thumb2/libgcc.a(_clz.o)
 .glue_7        0x0020cc10        0x0 /home/user/CodeSourcery/Sourcery_G++_Lite/bin/../lib/gcc/arm-none-eabi/4.3.2/../../../../arm-none-eabi/lib/thumb2/libc.a(lib_a-memcmp.o)
 .glue_7        0x0020cc10        0x0 /home/user/CodeSourcery/Sourcery_G++_Lite/bin/../lib/gcc/arm-none-eabi/4.3.2/../../../../arm-none-eabi/lib/thumb2/libc.a(lib_a-memcpy.o)
 .glue_7        0x0020cc10        0x0 /home/user/CodeSourcery/Sourcery_G++_Lite/bin/../lib/gcc/arm-none-eabi/4.3.2/../../../../arm-none-eabi/lib/thumb2/libc.a(lib_a-memmove.o)
 .glue_7        0x0020cc10        0x0 /home/user/CodeSourcery/Sourcery_G++_Lite/bin/../lib/gcc/arm-none-eabi/4.3.2/../../../../arm-none-eabi/lib/thumb2/libc.a(lib_a-memset.o)
 .glue_7        0x0020cc10        0x0 /home/user/CodeSourcery/Sourcery_G++_Lite/bin/../lib/gcc/arm-none-eabi/4.3.2/../../../../arm-none-eabi/lib/thumb2/libc.a(lib_a-strlen.o)
 .glue_7        0x0020cc10        0x0 /home/user/CodeSourcery/Sourcery_G++_Lite/bin/../lib/gcc/arm-none-eabi/4.3.2/../../../../arm-none-eabi/lib/thumb2/libc.a(lib_a-strncmp.o)

.glue_7t        0x0020cc10        0x0 load address 0x0020cc0d
 .glue_7t       0x0020cc10        0x0 obj_cc2538dk/startup-gcc.o
 .glue_7t       0x0020cc10        0x0 FisheryOverIPv6.co
 .glue_7t       0x0020cc10        0x0 contiki-cc2538dk.a(DHT11-arch.o)
 .glue_7t       0x0020cc10        0x0 contiki-cc2538dk.a(oled.o)
 .glue_7t       0x0020cc10        0x0 contiki-cc2538dk.a(ds18b20-arch.o)
 .glue_7t       0x0020cc10        0x0 contiki-cc2538dk.a(leds.o)
 .glue_7t       0x0020cc10        0x0 contiki-cc2538dk.a(leds-arch.o)
 .glue_7t       0x0020cc10        0x0 contiki-cc2538dk.a(contiki-main.o)
 .glue_7t       0x0020cc10        0x0 contiki-cc2538dk.a(sensors.o)
 .glue_7t       0x0020cc10        0x0 contiki-cc2538dk.a(smartrf-sensors)
 .glue_7t       0x0020cc10        0x0 contiki-cc2538dk.a(button-sensor.o)
 .glue_7t       0x0020cc10        0x0 contiki-cc2538dk.a(als-sensor.o)
 .glue_7t       0x0020cc10        0x0 contiki-cc2538dk.a(clock.o)
 .glue_7t       0x0020cc10        0x0 contiki-cc2538dk.a(rtimer-arch.o)
 .glue_7t       0x0020cc10        0x0 contiki-cc2538dk.a(uart.o)
 .glue_7t       0x0020cc10        0x0 contiki-cc2538dk.a(watchdog.o)
 .glue_7t       0x0020cc10        0x0 contiki-cc2538dk.a(nvic.o)
 .glue_7t       0x0020cc10        0x0 contiki-cc2538dk.a(cpu.o)
 .glue_7t       0x0020cc10        0x0 contiki-cc2538dk.a(sys-ctrl.o)
 .glue_7t       0x0020cc10        0x0 contiki-cc2538dk.a(gpio.o)
 .glue_7t       0x0020cc10        0x0 contiki-cc2538dk.a(ioc.o)
 .glue_7t       0x0020cc10        0x0 contiki-cc2538dk.a(adc.o)
 .glue_7t       0x0020cc10        0x0 contiki-cc2538dk.a(crypto.o)
 .glue_7t       0x0020cc10        0x0 contiki-cc2538dk.a(cc2538-rf.o)
 .glue_7t       0x0020cc10        0x0 contiki-cc2538dk.a(udma.o)
 .glue_7t       0x0020cc10        0x0 contiki-cc2538dk.a(lpm.o)
 .glue_7t       0x0020cc10        0x0 contiki-cc2538dk.a(dbg.o)
 .glue_7t       0x0020cc10        0x0 contiki-cc2538dk.a(ieee-addr.o)
 .glue_7t       0x0020cc10        0x0 contiki-cc2538dk.a(cc2538-temp-sen)
 .glue_7t       0x0020cc10        0x0 contiki-cc2538dk.a(vdd3-sensor.o)
 .glue_7t       0x0020cc10        0x0 contiki-cc2538dk.a(dbg-printf.o)
 .glue_7t       0x0020cc10        0x0 contiki-cc2538dk.a(strformat.o)
 .glue_7t       0x0020cc10        0x0 contiki-cc2538dk.a(autostart.o)
 .glue_7t       0x0020cc10        0x0 contiki-cc2538dk.a(ctimer.o)
 .glue_7t       0x0020cc10        0x0 contiki-cc2538dk.a(energest.o)
 .glue_7t       0x0020cc10        0x0 contiki-cc2538dk.a(etimer.o)
 .glue_7t       0x0020cc10        0x0 contiki-cc2538dk.a(process.o)
 .glue_7t       0x0020cc10        0x0 contiki-cc2538dk.a(rtimer.o)
 .glue_7t       0x0020cc10        0x0 contiki-cc2538dk.a(timer.o)
 .glue_7t       0x0020cc10        0x0 contiki-cc2538dk.a(serial-line.o)
 .glue_7t       0x0020cc10        0x0 contiki-cc2538dk.a(list.o)
 .glue_7t       0x0020cc10        0x0 contiki-cc2538dk.a(random.o)
 .glue_7t       0x0020cc10        0x0 contiki-cc2538dk.a(ringbuf.o)
 .glue_7t       0x0020cc10        0x0 contiki-cc2538dk.a(sicslowpan.o)
 .glue_7t       0x0020cc10        0x0 contiki-cc2538dk.a(uip6.o)
 .glue_7t       0x0020cc10        0x0 contiki-cc2538dk.a(uip-ds6.o)
 .glue_7t       0x0020cc10        0x0 contiki-cc2538dk.a(uip-ds6-nbr.o)
 .glue_7t       0x0020cc10        0x0 contiki-cc2538dk.a(uip-ds6-route.o)
 .glue_7t       0x0020cc10        0x0 contiki-cc2538dk.a(uip-icmp6.o)
 .glue_7t       0x0020cc10        0x0 contiki-cc2538dk.a(uip-nd6.o)
 .glue_7t       0x0020cc10        0x0 contiki-cc2538dk.a(ip64-addr.o)
 .glue_7t       0x0020cc10        0x0 contiki-cc2538dk.a(tcpip.o)
 .glue_7t       0x0020cc10        0x0 contiki-cc2538dk.a(udp-socket.o)
 .glue_7t       0x0020cc10        0x0 contiki-cc2538dk.a(uip-debug.o)
 .glue_7t       0x0020cc10        0x0 contiki-cc2538dk.a(uip-udp-packet.)
 .glue_7t       0x0020cc10        0x0 contiki-cc2538dk.a(linkaddr.o)
 .glue_7t       0x0020cc10        0x0 contiki-cc2538dk.a(nbr-table.o)
 .glue_7t       0x0020cc10        0x0 contiki-cc2538dk.a(netstack.o)
 .glue_7t       0x0020cc10        0x0 contiki-cc2538dk.a(packetbuf.o)
 .glue_7t       0x0020cc10        0x0 contiki-cc2538dk.a(queuebuf.o)
 .glue_7t       0x0020cc10        0x0 contiki-cc2538dk.a(contikimac.o)
 .glue_7t       0x0020cc10        0x0 contiki-cc2538dk.a(csma.o)
 .glue_7t       0x0020cc10        0x0 contiki-cc2538dk.a(framer-802154.o)
 .glue_7t       0x0020cc10        0x0 contiki-cc2538dk.a(framer.o)
 .glue_7t       0x0020cc10        0x0 contiki-cc2538dk.a(mac.o)
 .glue_7t       0x0020cc10        0x0 contiki-cc2538dk.a(mac-sequence.o)
 .glue_7t       0x0020cc10        0x0 contiki-cc2538dk.a(nullsec.o)
 .glue_7t       0x0020cc10        0x0 contiki-cc2538dk.a(netstack-aes.o)
 .glue_7t       0x0020cc10        0x0 contiki-cc2538dk.a(rpl.o)
 .glue_7t       0x0020cc10        0x0 contiki-cc2538dk.a(rpl-dag.o)
 .glue_7t       0x0020cc10        0x0 contiki-cc2538dk.a(rpl-icmp6.o)
 .glue_7t       0x0020cc10        0x0 contiki-cc2538dk.a(rpl-timers.o)
 .glue_7t       0x0020cc10        0x0 contiki-cc2538dk.a(rpl-mrhof.o)
 .glue_7t       0x0020cc10        0x0 contiki-cc2538dk.a(rpl-ext-header.)
 .glue_7t       0x0020cc10        0x0 contiki-cc2538dk.a(oled-arch.o)
 .glue_7t       0x0020cc10        0x0 contiki-cc2538dk.a(stimer.o)
 .glue_7t       0x0020cc10        0x0 contiki-cc2538dk.a(memb.o)
 .glue_7t       0x0020cc10        0x0 contiki-cc2538dk.a(frame802154.o)
 .glue_7t       0x0020cc10        0x0 contiki-cc2538dk.a(aes-ccm.o)
 .glue_7t       0x0020cc10        0x0 /home/user/CodeSourcery/Sourcery_G++_Lite/bin/../lib/gcc/arm-none-eabi/4.3.2/thumb2/libgcc.a(_arm_addsubdf3.o)
 .glue_7t       0x0020cc10        0x0 /home/user/CodeSourcery/Sourcery_G++_Lite/bin/../lib/gcc/arm-none-eabi/4.3.2/thumb2/libgcc.a(_arm_muldivdf3.o)
 .glue_7t       0x0020cc10        0x0 /home/user/CodeSourcery/Sourcery_G++_Lite/bin/../lib/gcc/arm-none-eabi/4.3.2/thumb2/libgcc.a(_arm_fixdfsi.o)
 .glue_7t       0x0020cc10        0x0 /home/user/CodeSourcery/Sourcery_G++_Lite/bin/../lib/gcc/arm-none-eabi/4.3.2/thumb2/libgcc.a(_arm_addsubsf3.o)
 .glue_7t       0x0020cc10        0x0 /home/user/CodeSourcery/Sourcery_G++_Lite/bin/../lib/gcc/arm-none-eabi/4.3.2/thumb2/libgcc.a(_aeabi_uldivmod.o)
 .glue_7t       0x0020cc10        0x0 /home/user/CodeSourcery/Sourcery_G++_Lite/bin/../lib/gcc/arm-none-eabi/4.3.2/thumb2/libgcc.a(bpabi.o)
 .glue_7t       0x0020cc10        0x0 /home/user/CodeSourcery/Sourcery_G++_Lite/bin/../lib/gcc/arm-none-eabi/4.3.2/thumb2/libgcc.a(_dvmd_tls.o)
 .glue_7t       0x0020cc10        0x0 /home/user/CodeSourcery/Sourcery_G++_Lite/bin/../lib/gcc/arm-none-eabi/4.3.2/thumb2/libgcc.a(_divdi3.o)
 .glue_7t       0x0020cc10        0x0 /home/user/CodeSourcery/Sourcery_G++_Lite/bin/../lib/gcc/arm-none-eabi/4.3.2/thumb2/libgcc.a(_udivdi3.o)
 .glue_7t       0x0020cc10        0x0 /home/user/CodeSourcery/Sourcery_G++_Lite/bin/../lib/gcc/arm-none-eabi/4.3.2/thumb2/libgcc.a(_udivsi3.o)
 .glue_7t       0x0020cc10        0x0 /home/user/CodeSourcery/Sourcery_G++_Lite/bin/../lib/gcc/arm-none-eabi/4.3.2/thumb2/libgcc.a(_clz.o)
 .glue_7t       0x0020cc10        0x0 /home/user/CodeSourcery/Sourcery_G++_Lite/bin/../lib/gcc/arm-none-eabi/4.3.2/../../../../arm-none-eabi/lib/thumb2/libc.a(lib_a-memcmp.o)
 .glue_7t       0x0020cc10        0x0 /home/user/CodeSourcery/Sourcery_G++_Lite/bin/../lib/gcc/arm-none-eabi/4.3.2/../../../../arm-none-eabi/lib/thumb2/libc.a(lib_a-memcpy.o)
 .glue_7t       0x0020cc10        0x0 /home/user/CodeSourcery/Sourcery_G++_Lite/bin/../lib/gcc/arm-none-eabi/4.3.2/../../../../arm-none-eabi/lib/thumb2/libc.a(lib_a-memmove.o)
 .glue_7t       0x0020cc10        0x0 /home/user/CodeSourcery/Sourcery_G++_Lite/bin/../lib/gcc/arm-none-eabi/4.3.2/../../../../arm-none-eabi/lib/thumb2/libc.a(lib_a-memset.o)
 .glue_7t       0x0020cc10        0x0 /home/user/CodeSourcery/Sourcery_G++_Lite/bin/../lib/gcc/arm-none-eabi/4.3.2/../../../../arm-none-eabi/lib/thumb2/libc.a(lib_a-strlen.o)
 .glue_7t       0x0020cc10        0x0 /home/user/CodeSourcery/Sourcery_G++_Lite/bin/../lib/gcc/arm-none-eabi/4.3.2/../../../../arm-none-eabi/lib/thumb2/libc.a(lib_a-strncmp.o)

.vfp11_veneer   0x0020cc10        0x0 load address 0x0020cc0d
 .vfp11_veneer  0x0020cc10        0x0 obj_cc2538dk/startup-gcc.o
 .vfp11_veneer  0x0020cc10        0x0 FisheryOverIPv6.co
 .vfp11_veneer  0x0020cc10        0x0 contiki-cc2538dk.a(DHT11-arch.o)
 .vfp11_veneer  0x0020cc10        0x0 contiki-cc2538dk.a(oled.o)
 .vfp11_veneer  0x0020cc10        0x0 contiki-cc2538dk.a(ds18b20-arch.o)
 .vfp11_veneer  0x0020cc10        0x0 contiki-cc2538dk.a(leds.o)
 .vfp11_veneer  0x0020cc10        0x0 contiki-cc2538dk.a(leds-arch.o)
 .vfp11_veneer  0x0020cc10        0x0 contiki-cc2538dk.a(contiki-main.o)
 .vfp11_veneer  0x0020cc10        0x0 contiki-cc2538dk.a(sensors.o)
 .vfp11_veneer  0x0020cc10        0x0 contiki-cc2538dk.a(smartrf-sensors)
 .vfp11_veneer  0x0020cc10        0x0 contiki-cc2538dk.a(button-sensor.o)
 .vfp11_veneer  0x0020cc10        0x0 contiki-cc2538dk.a(als-sensor.o)
 .vfp11_veneer  0x0020cc10        0x0 contiki-cc2538dk.a(clock.o)
 .vfp11_veneer  0x0020cc10        0x0 contiki-cc2538dk.a(rtimer-arch.o)
 .vfp11_veneer  0x0020cc10        0x0 contiki-cc2538dk.a(uart.o)
 .vfp11_veneer  0x0020cc10        0x0 contiki-cc2538dk.a(watchdog.o)
 .vfp11_veneer  0x0020cc10        0x0 contiki-cc2538dk.a(nvic.o)
 .vfp11_veneer  0x0020cc10        0x0 contiki-cc2538dk.a(cpu.o)
 .vfp11_veneer  0x0020cc10        0x0 contiki-cc2538dk.a(sys-ctrl.o)
 .vfp11_veneer  0x0020cc10        0x0 contiki-cc2538dk.a(gpio.o)
 .vfp11_veneer  0x0020cc10        0x0 contiki-cc2538dk.a(ioc.o)
 .vfp11_veneer  0x0020cc10        0x0 contiki-cc2538dk.a(adc.o)
 .vfp11_veneer  0x0020cc10        0x0 contiki-cc2538dk.a(crypto.o)
 .vfp11_veneer  0x0020cc10        0x0 contiki-cc2538dk.a(cc2538-rf.o)
 .vfp11_veneer  0x0020cc10        0x0 contiki-cc2538dk.a(udma.o)
 .vfp11_veneer  0x0020cc10        0x0 contiki-cc2538dk.a(lpm.o)
 .vfp11_veneer  0x0020cc10        0x0 contiki-cc2538dk.a(dbg.o)
 .vfp11_veneer  0x0020cc10        0x0 contiki-cc2538dk.a(ieee-addr.o)
 .vfp11_veneer  0x0020cc10        0x0 contiki-cc2538dk.a(cc2538-temp-sen)
 .vfp11_veneer  0x0020cc10        0x0 contiki-cc2538dk.a(vdd3-sensor.o)
 .vfp11_veneer  0x0020cc10        0x0 contiki-cc2538dk.a(dbg-printf.o)
 .vfp11_veneer  0x0020cc10        0x0 contiki-cc2538dk.a(strformat.o)
 .vfp11_veneer  0x0020cc10        0x0 contiki-cc2538dk.a(autostart.o)
 .vfp11_veneer  0x0020cc10        0x0 contiki-cc2538dk.a(ctimer.o)
 .vfp11_veneer  0x0020cc10        0x0 contiki-cc2538dk.a(energest.o)
 .vfp11_veneer  0x0020cc10        0x0 contiki-cc2538dk.a(etimer.o)
 .vfp11_veneer  0x0020cc10        0x0 contiki-cc2538dk.a(process.o)
 .vfp11_veneer  0x0020cc10        0x0 contiki-cc2538dk.a(rtimer.o)
 .vfp11_veneer  0x0020cc10        0x0 contiki-cc2538dk.a(timer.o)
 .vfp11_veneer  0x0020cc10        0x0 contiki-cc2538dk.a(serial-line.o)
 .vfp11_veneer  0x0020cc10        0x0 contiki-cc2538dk.a(list.o)
 .vfp11_veneer  0x0020cc10        0x0 contiki-cc2538dk.a(random.o)
 .vfp11_veneer  0x0020cc10        0x0 contiki-cc2538dk.a(ringbuf.o)
 .vfp11_veneer  0x0020cc10        0x0 contiki-cc2538dk.a(sicslowpan.o)
 .vfp11_veneer  0x0020cc10        0x0 contiki-cc2538dk.a(uip6.o)
 .vfp11_veneer  0x0020cc10        0x0 contiki-cc2538dk.a(uip-ds6.o)
 .vfp11_veneer  0x0020cc10        0x0 contiki-cc2538dk.a(uip-ds6-nbr.o)
 .vfp11_veneer  0x0020cc10        0x0 contiki-cc2538dk.a(uip-ds6-route.o)
 .vfp11_veneer  0x0020cc10        0x0 contiki-cc2538dk.a(uip-icmp6.o)
 .vfp11_veneer  0x0020cc10        0x0 contiki-cc2538dk.a(uip-nd6.o)
 .vfp11_veneer  0x0020cc10        0x0 contiki-cc2538dk.a(ip64-addr.o)
 .vfp11_veneer  0x0020cc10        0x0 contiki-cc2538dk.a(tcpip.o)
 .vfp11_veneer  0x0020cc10        0x0 contiki-cc2538dk.a(udp-socket.o)
 .vfp11_veneer  0x0020cc10        0x0 contiki-cc2538dk.a(uip-debug.o)
 .vfp11_veneer  0x0020cc10        0x0 contiki-cc2538dk.a(uip-udp-packet.)
 .vfp11_veneer  0x0020cc10        0x0 contiki-cc2538dk.a(linkaddr.o)
 .vfp11_veneer  0x0020cc10        0x0 contiki-cc2538dk.a(nbr-table.o)
 .vfp11_veneer  0x0020cc10        0x0 contiki-cc2538dk.a(netstack.o)
 .vfp11_veneer  0x0020cc10        0x0 contiki-cc2538dk.a(packetbuf.o)
 .vfp11_veneer  0x0020cc10        0x0 contiki-cc2538dk.a(queuebuf.o)
 .vfp11_veneer  0x0020cc10        0x0 contiki-cc2538dk.a(contikimac.o)
 .vfp11_veneer  0x0020cc10        0x0 contiki-cc2538dk.a(csma.o)
 .vfp11_veneer  0x0020cc10        0x0 contiki-cc2538dk.a(framer-802154.o)
 .vfp11_veneer  0x0020cc10        0x0 contiki-cc2538dk.a(framer.o)
 .vfp11_veneer  0x0020cc10        0x0 contiki-cc2538dk.a(mac.o)
 .vfp11_veneer  0x0020cc10        0x0 contiki-cc2538dk.a(mac-sequence.o)
 .vfp11_veneer  0x0020cc10        0x0 contiki-cc2538dk.a(nullsec.o)
 .vfp11_veneer  0x0020cc10        0x0 contiki-cc2538dk.a(netstack-aes.o)
 .vfp11_veneer  0x0020cc10        0x0 contiki-cc2538dk.a(rpl.o)
 .vfp11_veneer  0x0020cc10        0x0 contiki-cc2538dk.a(rpl-dag.o)